Component: Arm Compiler for Embedded 6.24 Tool: armlink [5f371500]

==============================================================================

Section Cross References

    INS_Task.o(.text.INS_Task) refers to INS_Task.o(.bss.INS_AccelPF2p) for INS_AccelPF2p
    INS_Task.o(.text.INS_Task) refers to INS_Task.o(.data.INS_LPF2p_Alpha) for INS_LPF2p_Alpha
    INS_Task.o(.text.INS_Task) refers to LPF.o(.text.LowPassFilter2p_Init) for LowPassFilter2p_Init
    INS_Task.o(.text.INS_Task) refers to INS_Task.o(.bss.TempCtrl_PID) for TempCtrl_PID
    INS_Task.o(.text.INS_Task) refers to INS_Task.o(.data.TemCtrl_PID_Param) for TemCtrl_PID_Param
    INS_Task.o(.text.INS_Task) refers to PID.o(.text.PID_Init) for PID_Init
    INS_Task.o(.text.INS_Task) refers to Quaternion.o(.bss.Quaternion_Info) for Quaternion_Info
    INS_Task.o(.text.INS_Task) refers to INS_Task.o(.data.QuaternionEKF_A_Data) for QuaternionEKF_A_Data
    INS_Task.o(.text.INS_Task) refers to INS_Task.o(.data.QuaternionEKF_P_Data) for QuaternionEKF_P_Data
    INS_Task.o(.text.INS_Task) refers to Quaternion.o(.text.QuaternionEKF_Init) for QuaternionEKF_Init
    INS_Task.o(.text.INS_Task) refers to INS_Task.o(.bss.INS_Info) for INS_Info
    INS_Task.o(.text.INS_Task) refers to rt_memclr_w.o(.text) for __aeabi_memclr4
    INS_Task.o(.text.INS_Task) refers to Bmi088.o(.bss.BMI088_Info) for BMI088_Info
    INS_Task.o(.text.INS_Task) refers to bsp_pwm.o(.text.Heat_Power_Control) for Heat_Power_Control
    INS_Task.o(.text.INS_Task) refers to cmsis_os.o(.text.osDelayUntil) for osDelayUntil
    INS_Task.o(.text.INS_Task) refers to cmsis_os.o(.text.osKernelSysTick) for osKernelSysTick
    INS_Task.o(.text.INS_Task) refers to Bmi088.o(.text.BMI088_Info_Update) for BMI088_Info_Update
    INS_Task.o(.text.INS_Task) refers to LPF.o(.text.LowPassFilter2p_Update) for LowPassFilter2p_Update
    INS_Task.o(.text.INS_Task) refers to Quaternion.o(.text.QuaternionEKF_Update) for QuaternionEKF_Update
    INS_Task.o(.text.INS_Task) refers to PID.o(.text.PID_Calculate) for PID_Calculate
    INS_Task.o(.ARM.exidx.text.INS_Task) refers to INS_Task.o(.text.INS_Task) for [Anonymous Symbol]
    INS_Task.o(.text.INS_Reset_Position) refers to INS_Task.o(.bss.INS_Info) for INS_Info
    INS_Task.o(.ARM.exidx.text.INS_Reset_Position) refers to INS_Task.o(.text.INS_Reset_Position) for [Anonymous Symbol]
    INS_Task.o(.text.INS_Reset_Velocity) refers to INS_Task.o(.bss.INS_Info) for INS_Info
    INS_Task.o(.ARM.exidx.text.INS_Reset_Velocity) refers to INS_Task.o(.text.INS_Reset_Velocity) for [Anonymous Symbol]
    INS_Task.o(.text.INS_Zero_Velocity) refers to INS_Task.o(.bss.INS_Info) for INS_Info
    INS_Task.o(.ARM.exidx.text.INS_Zero_Velocity) refers to INS_Task.o(.text.INS_Zero_Velocity) for [Anonymous Symbol]
    INS_Task.o(.text.INS_Is_Stationary) refers to Quaternion.o(.bss.Quaternion_Info) for Quaternion_Info
    INS_Task.o(.ARM.exidx.text.INS_Is_Stationary) refers to INS_Task.o(.text.INS_Is_Stationary) for [Anonymous Symbol]
    Bmi088.o(.text.BMI088_Init) refers to Bmi088.o(.rodata.Accel_Register_ConfigurationData_ErrorStatus) for Accel_Register_ConfigurationData_ErrorStatus
    Bmi088.o(.text.BMI088_Init) refers to Bmi088.o(.rodata.Gyro_Register_ConfigurationData_ErrorStatus) for Gyro_Register_ConfigurationData_ErrorStatus
    Bmi088.o(.text.BMI088_Init) refers to bsp_tick.o(.text.Delay_ms) for Delay_ms
    Bmi088.o(.text.BMI088_Init) refers to bsp_gpio.o(.text.BMI088_ACCEL_NS_L) for BMI088_ACCEL_NS_L
    Bmi088.o(.text.BMI088_Init) refers to bsp_spi.o(.text.BMI088_Read_Write_Byte) for BMI088_Read_Write_Byte
    Bmi088.o(.text.BMI088_Init) refers to bsp_gpio.o(.text.BMI088_ACCEL_NS_H) for BMI088_ACCEL_NS_H
    Bmi088.o(.text.BMI088_Init) refers to bsp_tick.o(.text.Delay_us) for Delay_us
    Bmi088.o(.text.BMI088_Init) refers to bsp_gpio.o(.text.BMI088_GYRO_NS_L) for BMI088_GYRO_NS_L
    Bmi088.o(.text.BMI088_Init) refers to bsp_gpio.o(.text.BMI088_GYRO_NS_H) for BMI088_GYRO_NS_H
    Bmi088.o(.text.BMI088_Init) refers to Bmi088.o(.bss.BMI088_Info) for BMI088_Info
    Bmi088.o(.ARM.exidx.text.BMI088_Init) refers to Bmi088.o(.text.BMI088_Init) for [Anonymous Symbol]
    Bmi088.o(.text.BMI088_Info_Update) refers to bsp_gpio.o(.text.BMI088_ACCEL_NS_L) for BMI088_ACCEL_NS_L
    Bmi088.o(.text.BMI088_Info_Update) refers to bsp_spi.o(.text.BMI088_Read_Write_Byte) for BMI088_Read_Write_Byte
    Bmi088.o(.text.BMI088_Info_Update) refers to bsp_gpio.o(.text.BMI088_ACCEL_NS_H) for BMI088_ACCEL_NS_H
    Bmi088.o(.text.BMI088_Info_Update) refers to bsp_gpio.o(.text.BMI088_GYRO_NS_L) for BMI088_GYRO_NS_L
    Bmi088.o(.text.BMI088_Info_Update) refers to bsp_gpio.o(.text.BMI088_GYRO_NS_H) for BMI088_GYRO_NS_H
    Bmi088.o(.ARM.exidx.text.BMI088_Info_Update) refers to Bmi088.o(.text.BMI088_Info_Update) for [Anonymous Symbol]
    bsp_gpio.o(.text.BSP_GPIO_Init) refers to stm32h7xx_hal_gpio.o(.text.HAL_GPIO_WritePin) for HAL_GPIO_WritePin
[...]
    [Anonymous Symbol]                       0x24002934   Section        0  tasks.o(.bss.xIdleTaskHandle)
    xIdleTaskTCBBuffer                       0x24002938   Data          84  freertos.o(.bss.xIdleTaskTCBBuffer)
    [Anonymous Symbol]                       0x24002938   Section        0  freertos.o(.bss.xIdleTaskTCBBuffer)
    xMinimumEverFreeBytesRemaining           0x2400298c   Data           4  heap_4.o(.bss.xMinimumEverFreeBytesRemaining)
    [Anonymous Symbol]                       0x2400298c   Section        0  heap_4.o(.bss.xMinimumEverFreeBytesRemaining)
    xNextTaskUnblockTime                     0x24002990   Data           4  tasks.o(.bss.xNextTaskUnblockTime)
    [Anonymous Symbol]                       0x24002990   Section        0  tasks.o(.bss.xNextTaskUnblockTime)
    xNumOfOverflows                          0x24002994   Data           4  tasks.o(.bss.xNumOfOverflows)
    [Anonymous Symbol]                       0x24002994   Section        0  tasks.o(.bss.xNumOfOverflows)
    xNumberOfSuccessfulAllocations           0x24002998   Data           4  heap_4.o(.bss.xNumberOfSuccessfulAllocations)
    [Anonymous Symbol]                       0x24002998   Section        0  heap_4.o(.bss.xNumberOfSuccessfulAllocations)
    xNumberOfSuccessfulFrees                 0x2400299c   Data           4  heap_4.o(.bss.xNumberOfSuccessfulFrees)
    [Anonymous Symbol]                       0x2400299c   Section        0  heap_4.o(.bss.xNumberOfSuccessfulFrees)
    xPendedTicks                             0x240029a0   Data           4  tasks.o(.bss.xPendedTicks)
    [Anonymous Symbol]                       0x240029a0   Section        0  tasks.o(.bss.xPendedTicks)
    xPendingReadyList                        0x240029a4   Data          20  tasks.o(.bss.xPendingReadyList)
    [Anonymous Symbol]                       0x240029a4   Section        0  tasks.o(.bss.xPendingReadyList)
    xSchedulerRunning                        0x240029b8   Data           4  tasks.o(.bss.xSchedulerRunning)
    [Anonymous Symbol]                       0x240029b8   Section        0  tasks.o(.bss.xSchedulerRunning)
    xStart                                   0x240029bc   Data           8  heap_4.o(.bss.xStart)
    [Anonymous Symbol]                       0x240029bc   Section        0  heap_4.o(.bss.xStart)
    xSuspendedTaskList                       0x240029c4   Data          20  tasks.o(.bss.xSuspendedTaskList)
    [Anonymous Symbol]                       0x240029c4   Section        0  tasks.o(.bss.xSuspendedTaskList)
    xTasksWaitingTermination                 0x240029d8   Data          20  tasks.o(.bss.xTasksWaitingTermination)
    [Anonymous Symbol]                       0x240029d8   Section        0  tasks.o(.bss.xTasksWaitingTermination)
    xTickCount                               0x240029ec   Data           4  tasks.o(.bss.xTickCount)
    [Anonymous Symbol]                       0x240029ec   Section        0  tasks.o(.bss.xTickCount)
    xYieldPending                            0x240029f0   Data           4  tasks.o(.bss.xYieldPending)
    [Anonymous Symbol]                       0x240029f0   Section        0  tasks.o(.bss.xYieldPending)
    Heap_Mem                                 0x240029f8   Data         512  startup_stm32h723xx.o(HEAP)
    HEAP                                     0x240029f8   Section      512  startup_stm32h723xx.o(HEAP)
    Stack_Mem                                0x24002bf8   Data        1024  startup_stm32h723xx.o(STACK)
    STACK                                    0x24002bf8   Section     1024  startup_stm32h723xx.o(STACK)
    __initial_sp                             0x24002ff8   Data           0  startup_stm32h723xx.o(STACK)

    Global Symbols

    Symbol Name                              Value     Ov Type        Size  Object(Section)

    BuildAttributes$$THM_ISAv4$E$P$D$K$B$S$7EM$VFPv5_D16$PE$PLD8$A:L22UL41UL21$X:L11$S22US41US21$IEEE1$IW$~IW$USESV6$~STKCKD$USESV7$~SHL$OTIME$ROPI$IEEEX$EBA8$UX$STANDARDLIB$REQ8$PRES8$EABIv2 0x00000000   Number         0  anon$$obj.o ABSOLUTE
    __ARM_exceptions_init                     - Undefined Weak Reference
    __alloca_initialize                       - Undefined Weak Reference
    __arm_preinit_                            - Undefined Weak Reference
    __arm_relocate_pie_                       - Undefined Weak Reference
    __cpp_initialize__aeabi_                  - Undefined Weak Reference
    __cxa_finalize                            - Undefined Weak Reference
    __rt_locale                               - Undefined Weak Reference
    __sigvec_lookup                           - Undefined Weak Reference
    __user_heap_extent                        - Undefined Weak Reference
    _atexit_init                              - Undefined Weak Reference
    _call_atexit_fns                          - Undefined Weak Reference
    _clock_init                               - Undefined Weak Reference
    _fp_trap_init                             - Undefined Weak Reference
    _fp_trap_shutdown                         - Undefined Weak Reference
    _get_lc_collate                           - Undefined Weak Reference
    _get_lc_ctype                             - Undefined Weak Reference
    _get_lc_monetary                          - Undefined Weak Reference
    _get_lc_numeric                           - Undefined Weak Reference
    _get_lc_time                              - Undefined Weak Reference
    _getenv_init                              - Undefined Weak Reference
    _handle_redirection                       - Undefined Weak Reference
    _initio                                   - Undefined Weak Reference
    _mutex_acquire                            - Undefined Weak Reference
    _mutex_free                               - Undefined Weak Reference
    _mutex_release                            - Undefined Weak Reference
    _rand_init                                - Undefined Weak Reference
    _signal_finish                            - Undefined Weak Reference
    _signal_init                              - Undefined Weak Reference
    _terminateio                              - Undefined Weak Reference
    __Vectors_Size                           0x000002cc   Number         0  startup_stm32h723xx.o ABSOLUTE
    __Vectors                                0x08000000   Data           4  startup_stm32h723xx.o(RESET)
    __Vectors_End                            0x080002cc   Data           0  startup_stm32h723xx.o(RESET)
    __main                                   0x080002cd   Thumb Code     8  __main.o(!!!main)
    __scatterload                            0x080002d5   Thumb Code     0  __scatter.o(!!!scatter)
    __scatterload_rt2                        0x080002d5   Thumb Code    84  __scatter.o(!!!scatter)
    __scatterload_rt2_thumb_only             0x080002d5   Thumb Code     0  __scatter.o(!!!scatter)
    __scatterload_loop                       0x080002df   Thumb Code     0  __scatter.o(!!!scatter)
    __decompress                             0x08000331   Thumb Code    90  __dczerorl2.o(!!dczerorl2)
    __decompress1                            0x08000331   Thumb Code     0  __dczerorl2.o(!!dczerorl2)
    __scatterload_null                       0x0800038d   Thumb Code     2  __scatter.o(!!handler_null)
    __scatterload_zeroinit                   0x08000391   Thumb Code    28  __scatter_zi.o(!!handler_zi)
    __rt_lib_init                            0x080003ad   Thumb Code     0  libinit.o(.ARM.Collect$$libinit$$00000000)
    __rt_lib_init_fp_1                       0x080003af   Thumb Code     0  libinit2.o(.ARM.Collect$$libinit$$00000001)
    __rt_lib_init_heap_2                     0x080003b3   Thumb Code     0  libinit2.o(.ARM.Collect$$libinit$$00000007)
    __rt_lib_init_preinit_1                  0x080003b3   Thumb Code     0  libinit2.o(.ARM.Collect$$libinit$$00000006)
    __rt_lib_init_relocate_pie_1             0x080003b3   Thumb Code     0  libinit2.o(.ARM.Collect$$libinit$$00000004)
    __rt_lib_init_alloca_1                   0x080003bb   Thumb Code     0  libinit2.o(.ARM.Collect$$libinit$$00000030)
    __rt_lib_init_argv_1                     0x080003bb   Thumb Code     0  libinit2.o(.ARM.Collect$$libinit$$0000002E)
    __rt_lib_init_atexit_1                   0x080003bb   Thumb Code     0  libinit2.o(.ARM.Collect$$libinit$$0000001D)
    __rt_lib_init_clock_1                    0x080003bb   Thumb Code     0  libinit2.o(.ARM.Collect$$libinit$$00000023)
    __rt_lib_init_cpp_1                      0x080003bb   Thumb Code     0  libinit2.o(.ARM.Collect$$libinit$$00000034)
    __rt_lib_init_exceptions_1               0x080003bb   Thumb Code     0  libinit2.o(.ARM.Collect$$libinit$$00000032)
    __rt_lib_init_fp_trap_1                  0x080003bb   Thumb Code     0  libinit2.o(.ARM.Collect$$libinit$$00000021)
    __rt_lib_init_getenv_1                   0x080003bb   Thumb Code     0  libinit2.o(.ARM.Collect$$libinit$$00000025)
    __rt_lib_init_heap_1                     0x080003bb   Thumb Code     0  libinit2.o(.ARM.Collect$$libinit$$0000000C)
    __rt_lib_init_lc_collate_1               0x080003bb   Thumb Code     0  libinit2.o(.ARM.Collect$$libinit$$00000013)
    __rt_lib_init_lc_ctype_1                 0x080003bb   Thumb Code     0  libinit2.o(.ARM.Collect$$libinit$$00000015)
    __rt_lib_init_lc_monetary_1              0x080003bb   Thumb Code     0  libinit2.o(.ARM.Collect$$libinit$$00000017)
    __rt_lib_init_lc_numeric_1               0x080003bb   Thumb Code     0  libinit2.o(.ARM.Collect$$libinit$$00000019)
    __rt_lib_init_lc_time_1                  0x080003bb   Thumb Code     0  libinit2.o(.ARM.Collect$$libinit$$0000001B)
    __rt_lib_init_rand_1                     0x080003bb   Thumb Code     0  libinit2.o(.ARM.Collect$$libinit$$00000010)
    __rt_lib_init_return                     0x080003bb   Thumb Code     0  libinit2.o(.ARM.Collect$$libinit$$00000035)
    __rt_lib_init_signal_1                   0x080003bb   Thumb Code     0  libinit2.o(.ARM.Collect$$libinit$$0000001F)
    __rt_lib_init_stdio_1                    0x080003bb   Thumb Code     0  libinit2.o(.ARM.Collect$$libinit$$00000027)
    __rt_lib_init_user_alloc_1               0x080003bb   Thumb Code     0  libinit2.o(.ARM.Collect$$libinit$$0000000E)
    __rt_lib_shutdown                        0x080003bd   Thumb Code     0  libshutdown.o(.ARM.Collect$$libshutdown$$00000000)
    __rt_lib_shutdown_cpp_1                  0x080003bf   Thumb Code     0  libshutdown2.o(.ARM.Collect$$libshutdown$$00000002)
    __rt_lib_shutdown_fp_trap_1              0x080003bf   Thumb Code     0  libshutdown2.o(.ARM.Collect$$libshutdown$$00000007)
    __rt_lib_shutdown_heap_1                 0x080003bf   Thumb Code     0  libshutdown2.o(.ARM.Collect$$libshutdown$$0000000F)
    __rt_lib_shutdown_return                 0x080003bf   Thumb Code     0  libshutdown2.o(.ARM.Collect$$libshutdown$$00000010)
    __rt_lib_shutdown_signal_1               0x080003bf   Thumb Code     0  libshutdown2.o(.ARM.Collect$$libshutdown$$0000000A)
    __rt_lib_shutdown_stdio_1                0x080003bf   Thumb Code     0  libshutdown2.o(.ARM.Collect$$libshutdown$$00000004)
    __rt_lib_shutdown_user_alloc_1           0x080003bf   Thumb Code     0  libshutdown2.o(.ARM.Collect$$libshutdown$$0000000C)
    __rt_entry                               0x080003c1   Thumb Code     0  __rtentry.o(.ARM.Collect$$rtentry$$00000000)
    __rt_entry_presh_1                       0x080003c1   Thumb Code     0  __rtentry2.o(.ARM.Collect$$rtentry$$00000002)
    __rt_entry_sh                            0x080003c1   Thumb Code     0  __rtentry4.o(.ARM.Collect$$rtentry$$00000004)
    __rt_entry_li                            0x080003c7   Thumb Code     0  __rtentry2.o(.ARM.Collect$$rtentry$$0000000A)
    __rt_entry_postsh_1                      0x080003c7   Thumb Code     0  __rtentry2.o(.ARM.Collect$$rtentry$$00000009)
    __rt_entry_main                          0x080003cb   Thumb Code     0  __rtentry2.o(.ARM.Collect$$rtentry$$0000000D)
    __rt_entry_postli_1                      0x080003cb   Thumb Code     0  __rtentry2.o(.ARM.Collect$$rtentry$$0000000C)
    __rt_exit                                0x080003d3   Thumb Code     0  rtexit.o(.ARM.Collect$$rtexit$$00000000)
    __rt_exit_ls                             0x080003d5   Thumb Code     0  rtexit2.o(.ARM.Collect$$rtexit$$00000003)
    __rt_exit_prels_1                        0x080003d5   Thumb Code     0  rtexit2.o(.ARM.Collect$$rtexit$$00000002)
    __rt_exit_exit                           0x080003d9   Thumb Code     0  rtexit2.o(.ARM.Collect$$rtexit$$00000004)
    Reset_Handler                            0x080003e1   Thumb Code    12  startup_stm32h723xx.o(.text)
    ADC3_IRQHandler                          0x080003ff   Thumb Code     0  startup_stm32h723xx.o(.text)
    ADC_IRQHandler                           0x080003ff   Thumb Code     0  startup_stm32h723xx.o(.text)
    BDMA_Channel0_IRQHandler                 0x080003ff   Thumb Code     0  startup_stm32h723xx.o(.text)
    BDMA_Channel1_IRQHandler                 0x080003ff   Thumb Code     0  startup_stm32h723xx.o(.text)
    BDMA_Channel2_IRQHandler                 0x080003ff   Thumb Code     0  startup_stm32h723xx.o(.text)
    BDMA_Channel3_IRQHandler                 0x080003ff   Thumb Code     0  startup_stm32h723xx.o(.text)
    BDMA_Channel4_IRQHandler                 0x080003ff   Thumb Code     0  startup_stm32h723xx.o(.text)
    BDMA_Channel5_IRQHandler                 0x080003ff   Thumb Code     0  startup_stm32h723xx.o(.text)
    BDMA_Channel6_IRQHandler                 0x080003ff   Thumb Code     0  startup_stm32h723xx.o(.text)
    BDMA_Channel7_IRQHandler                 0x080003ff   Thumb Code     0  startup_stm32h723xx.o(.text)
    CEC_IRQHandler                           0x080003ff   Thumb Code     0  startup_stm32h723xx.o(.text)
    COMP1_IRQHandler                         0x080003ff   Thumb Code     0  startup_stm32h723xx.o(.text)
    CORDIC_IRQHandler                        0x080003ff   Thumb Code     0  startup_stm32h723xx.o(.text)
    CRS_IRQHandler                           0x080003ff   Thumb Code     0  startup_stm32h723xx.o(.text)
    DCMI_PSSI_IRQHandler                     0x080003ff   Thumb Code     0  startup_stm32h723xx.o(.text)
    DFSDM1_FLT0_IRQHandler                   0x080003ff   Thumb Code     0  startup_stm32h723xx.o(.text)
    DFSDM1_FLT1_IRQHandler                   0x080003ff   Thumb Code     0  startup_stm32h723xx.o(.text)
    DFSDM1_FLT2_IRQHandler                   0x080003ff   Thumb Code     0  startup_stm32h723xx.o(.text)
    DFSDM1_FLT3_IRQHandler                   0x080003ff   Thumb Code     0  startup_stm32h723xx.o(.text)
    DMA1_Stream0_IRQHandler                  0x080003ff   Thumb Code     0  startup_stm32h723xx.o(.text)
    DMA1_Stream1_IRQHandler                  0x080003ff   Thumb Code     0  startup_stm32h723xx.o(.text)
    DMA1_Stream2_IRQHandler                  0x080003ff   Thumb Code     0  startup_stm32h723xx.o(.text)
    DMA1_Stream3_IRQHandler                  0x080003ff   Thumb Code     0  startup_stm32h723xx.o(.text)
    DMA1_Stream4_IRQHandler                  0x080003ff   Thumb Code     0  startup_stm32h723xx.o(.text)
    DMA1_Stream5_IRQHandler                  0x080003ff   Thumb Code     0  startup_stm32h723xx.o(.text)
    DMA1_Stream6_IRQHandler                  0x080003ff   Thumb Code     0  startup_stm32h723xx.o(.text)
    DMA1_Stream7_IRQHandler                  0x080003ff   Thumb Code     0  startup_stm32h723xx.o(.text)
    DMA2D_IRQHandler                         0x080003ff   Thumb Code     0  startup_stm32h723xx.o(.text)
    DMA2_Stream0_IRQHandler                  0x080003ff   Thumb Code     0  startup_stm32h723xx.o(.text)
    DMA2_Stream1_IRQHandler                  0x080003ff   Thumb Code     0  startup_stm32h723xx.o(.text)
    DMA2_Stream2_IRQHandler                  0x080003ff   Thumb Code     0  startup_stm32h723xx.o(.text)
    DMA2_Stream3_IRQHandler                  0x080003ff   Thumb Code     0  startup_stm32h723xx.o(.text)
    DMA2_Stream4_IRQHandler                  0x080003ff   Thumb Code     0  startup_stm32h723xx.o(.text)
    DMA2_Stream5_IRQHandler                  0x080003ff   Thumb Code     0  startup_stm32h723xx.o(.text)
    DMA2_Stream6_IRQHandler                  0x080003ff   Thumb Code     0  startup_stm32h723xx.o(.text)
    DMA2_Stream7_IRQHandler                  0x080003ff   Thumb Code     0  startup_stm32h723xx.o(.text)
    DMAMUX1_OVR_IRQHandler                   0x080003ff   Thumb Code     0  startup_stm32h723xx.o(.text)
    DMAMUX2_OVR_IRQHandler                   0x080003ff   Thumb Code     0  startup_stm32h723xx.o(.text)
    DTS_IRQHandler                           0x080003ff   Thumb Code     0  startup_stm32h723xx.o(.text)
    ECC_IRQHandler                           0x080003ff   Thumb Code     0  startup_stm32h723xx.o(.text)
    ETH_IRQHandler                           0x080003ff   Thumb Code     0  startup_stm32h723xx.o(.text)
    ETH_WKUP_IRQHandler                      0x080003ff   Thumb Code     0  startup_stm32h723xx.o(.text)
    EXTI0_IRQHandler                         0x080003ff   Thumb Code     0  startup_stm32h723xx.o(.text)
    EXTI15_10_IRQHandler                     0x080003ff   Thumb Code     0  startup_stm32h723xx.o(.text)
    EXTI1_IRQHandler                         0x080003ff   Thumb Code     0  startup_stm32h723xx.o(.text)
    EXTI2_IRQHandler                         0x080003ff   Thumb Code     0  startup_stm32h723xx.o(.text)
    EXTI3_IRQHandler                         0x080003ff   Thumb Code     0  startup_stm32h723xx.o(.text)
    EXTI4_IRQHandler                         0x080003ff   Thumb Code     0  startup_stm32h723xx.o(.text)
    EXTI9_5_IRQHandler                       0x080003ff   Thumb Code     0  startup_stm32h723xx.o(.text)
    FDCAN1_IT0_IRQHandler                    0x080003ff   Thumb Code     0  startup_stm32h723xx.o(.text)
    FDCAN1_IT1_IRQHandler                    0x080003ff   Thumb Code     0  startup_stm32h723xx.o(.text)
    FDCAN2_IT0_IRQHandler                    0x080003ff   Thumb Code     0  startup_stm32h723xx.o(.text)
    FDCAN2_IT1_IRQHandler                    0x080003ff   Thumb Code     0  startup_stm32h723xx.o(.text)
    FDCAN3_IT0_IRQHandler                    0x080003ff   Thumb Code     0  startup_stm32h723xx.o(.text)
    FDCAN3_IT1_IRQHandler                    0x080003ff   Thumb Code     0  startup_stm32h723xx.o(.text)
    FDCAN_CAL_IRQHandler                     0x080003ff   Thumb Code     0  startup_stm32h723xx.o(.text)
    FLASH_IRQHandler                         0x080003ff   Thumb Code     0  startup_stm32h723xx.o(.text)
    FMAC_IRQHandler                          0x080003ff   Thumb Code     0  startup_stm32h723xx.o(.text)
    FMC_IRQHandler                           0x080003ff   Thumb Code     0  startup_stm32h723xx.o(.text)
    FPU_IRQHandler                           0x080003ff   Thumb Code     0  startup_stm32h723xx.o(.text)
    HSEM1_IRQHandler                         0x080003ff   Thumb Code     0  startup_stm32h723xx.o(.text)
    I2C1_ER_IRQHandler                       0x080003ff   Thumb Code     0  startup_stm32h723xx.o(.text)
    I2C1_EV_IRQHandler                       0x080003ff   Thumb Code     0  startup_stm32h723xx.o(.text)
    I2C2_ER_IRQHandler                       0x080003ff   Thumb Code     0  startup_stm32h723xx.o(.text)
    I2C2_EV_IRQHandler                       0x080003ff   Thumb Code     0  startup_stm32h723xx.o(.text)
    I2C3_ER_IRQHandler                       0x080003ff   Thumb Code     0  startup_stm32h723xx.o(.text)
    I2C3_EV_IRQHandler                       0x080003ff   Thumb Code     0  startup_stm32h723xx.o(.text)
    I2C4_ER_IRQHandler                       0x080003ff   Thumb Code     0  startup_stm32h723xx.o(.text)
    I2C4_EV_IRQHandler                       0x080003ff   Thumb Code     0  startup_stm32h723xx.o(.text)
    I2C5_ER_IRQHandler                       0x080003ff   Thumb Code     0  startup_stm32h723xx.o(.text)
    I2C5_EV_IRQHandler                       0x080003ff   Thumb Code     0  startup_stm32h723xx.o(.text)
    LPTIM1_IRQHandler                        0x080003ff   Thumb Code     0  startup_stm32h723xx.o(.text)
    LPTIM2_IRQHandler                        0x080003ff   Thumb Code     0  startup_stm32h723xx.o(.text)
    LPTIM3_IRQHandler                        0x080003ff   Thumb Code     0  startup_stm32h723xx.o(.text)
    LPTIM4_IRQHandler                        0x080003ff   Thumb Code     0  startup_stm32h723xx.o(.text)
    LPTIM5_IRQHandler                        0x080003ff   Thumb Code     0  startup_stm32h723xx.o(.text)
    LPUART1_IRQHandler                       0x080003ff   Thumb Code     0  startup_stm32h723xx.o(.text)
    LTDC_ER_IRQHandler                       0x080003ff   Thumb Code     0  startup_stm32h723xx.o(.text)
    LTDC_IRQHandler                          0x080003ff   Thumb Code     0  startup_stm32h723xx.o(.text)
    MDIOS_IRQHandler                         0x080003ff   Thumb Code     0  startup_stm32h723xx.o(.text)
    MDIOS_WKUP_IRQHandler                    0x080003ff   Thumb Code     0  startup_stm32h723xx.o(.text)
    MDMA_IRQHandler                          0x080003ff   Thumb Code     0  startup_stm32h723xx.o(.text)
    OCTOSPI1_IRQHandler                      0x080003ff   Thumb Code     0  startup_stm32h723xx.o(.text)
    OCTOSPI2_IRQHandler                      0x080003ff   Thumb Code     0  startup_stm32h723xx.o(.text)
    OTG_HS_EP1_IN_IRQHandler                 0x080003ff   Thumb Code     0  startup_stm32h723xx.o(.text)
    OTG_HS_EP1_OUT_IRQHandler                0x080003ff   Thumb Code     0  startup_stm32h723xx.o(.text)
    OTG_HS_IRQHandler                        0x080003ff   Thumb Code     0  startup_stm32h723xx.o(.text)
    OTG_HS_WKUP_IRQHandler                   0x080003ff   Thumb Code     0  startup_stm32h723xx.o(.text)
    PVD_AVD_IRQHandler                       0x080003ff   Thumb Code     0  startup_stm32h723xx.o(.text)
    RCC_IRQHandler                           0x080003ff   Thumb Code     0  startup_stm32h723xx.o(.text)
    RNG_IRQHandler                           0x080003ff   Thumb Code     0  startup_stm32h723xx.o(.text)
    RTC_Alarm_IRQHandler                     0x080003ff   Thumb Code     0  startup_stm32h723xx.o(.text)
    RTC_WKUP_IRQHandler                      0x080003ff   Thumb Code     0  startup_stm32h723xx.o(.text)
    SAI1_IRQHandler                          0x080003ff   Thumb Code     0  startup_stm32h723xx.o(.text)
    SAI4_IRQHandler                          0x080003ff   Thumb Code     0  startup_stm32h723xx.o(.text)
    SDMMC1_IRQHandler                        0x080003ff   Thumb Code     0  startup_stm32h723xx.o(.text)
    SDMMC2_IRQHandler                        0x080003ff   Thumb Code     0  startup_stm32h723xx.o(.text)
    SPDIF_RX_IRQHandler                      0x080003ff   Thumb Code     0  startup_stm32h723xx.o(.text)
    SPI1_IRQHandler                          0x080003ff   Thumb Code     0  startup_stm32h723xx.o(.text)
    SPI3_IRQHandler                          0x080003ff   Thumb Code     0  startup_stm32h723xx.o(.text)
    SPI4_IRQHandler                          0x080003ff   Thumb Code     0  startup_stm32h723xx.o(.text)
    SPI5_IRQHandler                          0x080003ff   Thumb Code     0  startup_stm32h723xx.o(.text)
    SPI6_IRQHandler                          0x080003ff   Thumb Code     0  startup_stm32h723xx.o(.text)
    SWPMI1_IRQHandler                        0x080003ff   Thumb Code     0  startup_stm32h723xx.o(.text)
    TAMP_STAMP_IRQHandler                    0x080003ff   Thumb Code     0  startup_stm32h723xx.o(.text)
    TIM15_IRQHandler                         0x080003ff   Thumb Code     0  startup_stm32h723xx.o(.text)
    TIM16_IRQHandler                         0x080003ff   Thumb Code     0  startup_stm32h723xx.o(.text)
    TIM17_IRQHandler                         0x080003ff   Thumb Code     0  startup_stm32h723xx.o(.text)
    TIM1_BRK_IRQHandler                      0x080003ff   Thumb Code     0  startup_stm32h723xx.o(.text)
    TIM1_CC_IRQHandler                       0x080003ff   Thumb Code     0  startup_stm32h723xx.o(.text)
    TIM1_TRG_COM_IRQHandler                  0x080003ff   Thumb Code     0  startup_stm32h723xx.o(.text)
    TIM1_UP_IRQHandler                       0x080003ff   Thumb Code     0  startup_stm32h723xx.o(.text)
    TIM23_IRQHandler                         0x080003ff   Thumb Code     0  startup_stm32h723xx.o(.text)
    TIM24_IRQHandler                         0x080003ff   Thumb Code     0  startup_stm32h723xx.o(.text)
    TIM3_IRQHandler                          0x080003ff   Thumb Code     0  startup_stm32h723xx.o(.text)
    TIM4_IRQHandler                          0x080003ff   Thumb Code     0  startup_stm32h723xx.o(.text)
    TIM5_IRQHandler                          0x080003ff   Thumb Code     0  startup_stm32h723xx.o(.text)
    TIM6_DAC_IRQHandler                      0x080003ff   Thumb Code     0  startup_stm32h723xx.o(.text)
    TIM7_IRQHandler                          0x080003ff   Thumb Code     0  startup_stm32h723xx.o(.text)
    TIM8_BRK_TIM12_IRQHandler                0x080003ff   Thumb Code     0  startup_stm32h723xx.o(.text)
    TIM8_CC_IRQHandler                       0x080003ff   Thumb Code     0  startup_stm32h723xx.o(.text)
    TIM8_TRG_COM_TIM14_IRQHandler            0x080003ff   Thumb Code     0  startup_stm32h723xx.o(.text)
    TIM8_UP_TIM13_IRQHandler                 0x080003ff   Thumb Code     0  startup_stm32h723xx.o(.text)
    UART4_IRQHandler                         0x080003ff   Thumb Code     0  startup_stm32h723xx.o(.text)
    UART5_IRQHandler                         0x080003ff   Thumb Code     0  startup_stm32h723xx.o(.text)
    UART7_IRQHandler                         0x080003ff   Thumb Code     0  startup_stm32h723xx.o(.text)
    UART8_IRQHandler                         0x080003ff   Thumb Code     0  startup_stm32h723xx.o(.text)
    UART9_IRQHandler                         0x080003ff   Thumb Code     0  startup_stm32h723xx.o(.text)
    USART10_IRQHandler                       0x080003ff   Thumb Code     0  startup_stm32h723xx.o(.text)
    USART1_IRQHandler                        0x080003ff   Thumb Code     0  startup_stm32h723xx.o(.text)
    USART2_IRQHandler                        0x080003ff   Thumb Code     0  startup_stm32h723xx.o(.text)
    USART3_IRQHandler                        0x080003ff   Thumb Code     0  startup_stm32h723xx.o(.text)
    USART6_IRQHandler                        0x080003ff   Thumb Code     0  startup_stm32h723xx.o(.text)
    WAKEUP_PIN_IRQHandler                    0x080003ff   Thumb Code     0  startup_stm32h723xx.o(.text)
    WWDG_IRQHandler                          0x080003ff   Thumb Code     0  startup_stm32h723xx.o(.text)
    __user_initial_stackheap                 0x08000401   Thumb Code     0  startup_stm32h723xx.o(.text)
    malloc                                   0x08000429   Thumb Code    94  h1_alloc.o(.text)
    __aeabi_memcpy4                          0x08000487   Thumb Code     0  rt_memcpy_w.o(.text)
    __aeabi_memcpy8                          0x08000487   Thumb Code     0  rt_memcpy_w.o(.text)
    __rt_memcpy_w                            0x08000487   Thumb Code   100  rt_memcpy_w.o(.text)
    _memcpy_lastbytes_aligned                0x080004cf   Thumb Code     0  rt_memcpy_w.o(.text)
    __aeabi_memclr4                          0x080004eb   Thumb Code     0  rt_memclr_w.o(.text)
    __aeabi_memclr8                          0x080004eb   Thumb Code     0  rt_memclr_w.o(.text)
    __rt_memclr_w                            0x080004eb   Thumb Code     0  rt_memclr_w.o(.text)
    _memset_w                                0x080004ef   Thumb Code    74  rt_memclr_w.o(.text)
    __use_two_region_memory                  0x08000539   Thumb Code     2  heapauxi.o(.text)
    __rt_heap_escrow                         0x0800053b   Thumb Code     2  heapauxi.o(.text)
    __rt_heap_expand                         0x0800053d   Thumb Code     2  heapauxi.o(.text)
    __rt_heap_descriptor                     0x08000541   Thumb Code     8  rt_heap_descriptor_intlibspace.o(.text)
    __use_no_heap                            0x08000549   Thumb Code     2  hguard.o(.text)
    __heap$guard                             0x0800054b   Thumb Code     2  hguard.o(.text)
    _terminate_user_alloc                    0x0800054d   Thumb Code     2  init_alloc.o(.text)
    _init_user_alloc                         0x0800054f   Thumb Code     2  init_alloc.o(.text)
    __Heap_Full                              0x08000551   Thumb Code    34  init_alloc.o(.text)
    __Heap_Broken                            0x08000573   Thumb Code     6  init_alloc.o(.text)
    _init_alloc                              0x08000579   Thumb Code    94  init_alloc.o(.text)
    __Heap_Initialize                        0x080005d7   Thumb Code     8  h1_init.o(.text)
    __Heap_DescSize                          0x080005df   Thumb Code     4  h1_init.o(.text)
    free                                     0x080005e3   Thumb Code    78  h1_free.o(.text)
    __read_errno                             0x08000631   Thumb Code    10  _rserrno.o(.text)
    __set_errno                              0x0800063b   Thumb Code    12  _rserrno.o(.text)
    __user_libspace                          0x08000649   Thumb Code     8  libspace.o(.text)
    __user_perproc_libspace                  0x08000649   Thumb Code     0  libspace.o(.text)
    __user_perthread_libspace                0x08000649   Thumb Code     0  libspace.o(.text)
    __aeabi_errno_addr                       0x08000651   Thumb Code     8  rt_errno_addr_intlibspace.o(.text)
    __errno$intlibspace                      0x08000651   Thumb Code     0  rt_errno_addr_intlibspace.o(.text)
    __rt_errno_addr$intlibspace              0x08000651   Thumb Code     0  rt_errno_addr_intlibspace.o(.text)
    __Heap_ProvideMemory                     0x08000659   Thumb Code    52  h1_extend.o(.text)
    _maybe_terminate_alloc                   0x08000659   Thumb Code     0  maybetermalloc1.o(.text)
    __rt_SIGRTMEM                            0x0800068d   Thumb Code    14  defsig_rtmem_outer.o(.text)
    __I$use$semihosting                      0x0800069b   Thumb Code     0  use_no_semi.o(.text)
    __use_no_semihosting_swi                 0x0800069b   Thumb Code     2  use_no_semi.o(.text)
    __semihosting_library_function           0x0800069d   Thumb Code     0  indicate_semi.o(.text)
    __user_setup_stackheap                   0x0800069d   Thumb Code    74  sys_stackheap_outer.o(.text)
    exit                                     0x080006e7   Thumb Code    18  exit.o(.text)
    __sig_exit                               0x080006f9   Thumb Code    10  defsig_exit.o(.text)
    __rt_SIGRTMEM_inner                      0x08000705   Thumb Code    22  defsig_rtmem_inner.o(.text)
    _sys_exit                                0x08000755   Thumb Code     8  sys_exit.o(.text)
    __default_signal_display                 0x08000761   Thumb Code    50  defsig_general.o(.text)
    _ttywrch                                 0x08000793   Thumb Code    14  sys_wrch.o(.text)
    BMI088_ACCEL_NS_H                        0x080007a1   Thumb Code    16  bsp_gpio.o(.text.BMI088_ACCEL_NS_H)
    BMI088_ACCEL_NS_L                        0x080007b1   Thumb Code    16  bsp_gpio.o(.text.BMI088_ACCEL_NS_L)
    BMI088_GYRO_NS_H                         0x080007c1   Thumb Code    16  bsp_gpio.o(.text.BMI088_GYRO_NS_H)
    BMI088_GYRO_NS_L                         0x080007d1   Thumb Code    16  bsp_gpio.o(.text.BMI088_GYRO_NS_L)
    BMI088_Info_Update                       0x080007e1   Thumb Code   348  Bmi088.o(.text.BMI088_Info_Update)
    BMI088_Read_Write_Byte                   0x08000949   Thumb Code    52  bsp_spi.o(.text.BMI088_Read_Write_Byte)
    BusFault_Handler                         0x08000981   Thumb Code     2  stm32h7xx_it.o(.text.BusFault_Handler)
    DebugMon_Handler                         0x08000989   Thumb Code     2  stm32h7xx_it.o(.text.DebugMon_Handler)
    Error_Handler                            0x08000991   Thumb Code    10  main.o(.text.Error_Handler)
    ExitRun0Mode                             0x080009a1   Thumb Code    26  system_stm32h7xx.o(.text.ExitRun0Mode)
    HAL_DMA_Abort_IT                         0x080009c1   Thumb Code   664  stm32h7xx_hal_dma.o(.text.HAL_DMA_Abort_IT)
    HAL_GPIO_Init                            0x08000c59   Thumb Code   418  stm32h7xx_hal_gpio.o(.text.HAL_GPIO_Init)
    HAL_GPIO_WritePin                        0x08000e01   Thumb Code    10  stm32h7xx_hal_gpio.o(.text.HAL_GPIO_WritePin)
    HAL_GetTick                              0x08000e11   Thumb Code    12  stm32h7xx_hal.o(.text.HAL_GetTick)
    HAL_IncTick                              0x08000e21   Thumb Code    26  stm32h7xx_hal.o(.text.HAL_IncTick)
    HAL_Init                                 0x08000e41   Thumb Code   100  stm32h7xx_hal.o(.text.HAL_Init)
    HAL_InitTick                             0x08000ea9   Thumb Code   164  stm32h7xx_hal_timebase_tim.o(.text.HAL_InitTick)
    HAL_MPU_ConfigRegion                     0x08000f51   Thumb Code    94  stm32h7xx_hal_cortex.o(.text.HAL_MPU_ConfigRegion)
    HAL_MPU_Disable                          0x08000fb1   Thumb Code    26  stm32h7xx_hal_cortex.o(.text.HAL_MPU_Disable)
    HAL_MPU_Enable                           0x08000fd1   Thumb Code    32  stm32h7xx_hal_cortex.o(.text.HAL_MPU_Enable)
    HAL_MspInit                              0x08000ff1   Thumb Code    42  stm32h7xx_hal_msp.o(.text.HAL_MspInit)
    HAL_NVIC_EnableIRQ                       0x08001021   Thumb Code    34  stm32h7xx_hal_cortex.o(.text.HAL_NVIC_EnableIRQ)
    HAL_NVIC_SetPriority                     0x08001049   Thumb Code    90  stm32h7xx_hal_cortex.o(.text.HAL_NVIC_SetPriority)
    HAL_NVIC_SetPriorityGrouping             0x080010a9   Thumb Code    32  stm32h7xx_hal_cortex.o(.text.HAL_NVIC_SetPriorityGrouping)
    HAL_PWREx_ConfigSupply                   0x080010c9   Thumb Code    72  stm32h7xx_hal_pwr_ex.o(.text.HAL_PWREx_ConfigSupply)
    HAL_RCCEx_PeriphCLKConfig                0x08001111   Thumb Code  2402  stm32h7xx_hal_rcc_ex.o(.text.HAL_RCCEx_PeriphCLKConfig)
    HAL_RCC_ClockConfig                      0x08001a79   Thumb Code   586  stm32h7xx_hal_rcc.o(.text.HAL_RCC_ClockConfig)
    HAL_RCC_GetClockConfig                   0x08001cc9   Thumb Code    88  stm32h7xx_hal_rcc.o(.text.HAL_RCC_GetClockConfig)
    HAL_RCC_GetPCLK1Freq                     0x08001d21   Thumb Code    96  stm32h7xx_hal_rcc.o(.text.HAL_RCC_GetPCLK1Freq)
    HAL_RCC_GetSysClockFreq                  0x08001d81   Thumb Code   256  stm32h7xx_hal_rcc.o(.text.HAL_RCC_GetSysClockFreq)
    HAL_RCC_OscConfig                        0x08001e99   Thumb Code  1486  stm32h7xx_hal_rcc.o(.text.HAL_RCC_OscConfig)
    HAL_SPI_ErrorCallback                    0x08002469   Thumb Code     2  stm32h7xx_hal_spi.o(.text.HAL_SPI_ErrorCallback)
    HAL_SPI_IRQHandler                       0x08002471   Thumb Code   570  stm32h7xx_hal_spi.o(.text.HAL_SPI_IRQHandler)
    HAL_SPI_Init                             0x080026b1   Thumb Code   428  stm32h7xx_hal_spi.o(.text.HAL_SPI_Init)
    HAL_SPI_MspInit                          0x08002861   Thumb Code   248  spi.o(.text.HAL_SPI_MspInit)
    HAL_SPI_RxCpltCallback                   0x08002959   Thumb Code     2  stm32h7xx_hal_spi.o(.text.HAL_SPI_RxCpltCallback)
    HAL_SPI_SuspendCallback                  0x08002961   Thumb Code     2  stm32h7xx_hal_spi.o(.text.HAL_SPI_SuspendCallback)
    HAL_SPI_TransmitReceive                  0x08002969   Thumb Code   998  stm32h7xx_hal_spi.o(.text.HAL_SPI_TransmitReceive)
    HAL_SPI_TxCpltCallback                   0x08002d51   Thumb Code     2  stm32h7xx_hal_spi.o(.text.HAL_SPI_TxCpltCallback)
    HAL_SPI_TxRxCpltCallback                 0x08002d59   Thumb Code     2  stm32h7xx_hal_spi.o(.text.HAL_SPI_TxRxCpltCallback)
    HAL_TIMEx_Break2Callback                 0x08002d61   Thumb Code     2  stm32h7xx_hal_tim_ex.o(.text.HAL_TIMEx_Break2Callback)
    HAL_TIMEx_BreakCallback                  0x08002d69   Thumb Code     2  stm32h7xx_hal_tim_ex.o(.text.HAL_TIMEx_BreakCallback)
    HAL_TIMEx_CommutCallback                 0x08002d71   Thumb Code     2  stm32h7xx_hal_tim_ex.o(.text.HAL_TIMEx_CommutCallback)
    HAL_TIMEx_MasterConfigSynchronization    0x08002d79   Thumb Code   228  stm32h7xx_hal_tim_ex.o(.text.HAL_TIMEx_MasterConfigSynchronization)
    HAL_TIM_Base_Init                        0x08002e61   Thumb Code    96  stm32h7xx_hal_tim.o(.text.HAL_TIM_Base_Init)
    HAL_TIM_Base_MspInit                     0x08002ec1   Thumb Code     2  stm32h7xx_hal_tim.o(.text.HAL_TIM_Base_MspInit)
    HAL_TIM_Base_Start_IT                    0x08002ec9   Thumb Code   202  stm32h7xx_hal_tim.o(.text.HAL_TIM_Base_Start_IT)
    HAL_TIM_IC_CaptureCallback               0x08002f99   Thumb Code     2  stm32h7xx_hal_tim.o(.text.HAL_TIM_IC_CaptureCallback)
    HAL_TIM_IRQHandler                       0x08002fa1   Thumb Code   358  stm32h7xx_hal_tim.o(.text.HAL_TIM_IRQHandler)
    HAL_TIM_OC_DelayElapsedCallback          0x08003109   Thumb Code     2  stm32h7xx_hal_tim.o(.text.HAL_TIM_OC_DelayElapsedCallback)
    HAL_TIM_PWM_ConfigChannel                0x08003111   Thumb Code  1182  stm32h7xx_hal_tim.o(.text.HAL_TIM_PWM_ConfigChannel)
    HAL_TIM_PWM_Init                         0x080035b1   Thumb Code    96  stm32h7xx_hal_tim.o(.text.HAL_TIM_PWM_Init)
    HAL_TIM_PWM_MspInit                      0x08003611   Thumb Code    48  tim.o(.text.HAL_TIM_PWM_MspInit)
    HAL_TIM_PWM_PulseFinishedCallback        0x08003641   Thumb Code     2  stm32h7xx_hal_tim.o(.text.HAL_TIM_PWM_PulseFinishedCallback)
    HAL_TIM_PeriodElapsedCallback            0x08003649   Thumb Code    14  main.o(.text.HAL_TIM_PeriodElapsedCallback)
    HAL_TIM_TriggerCallback                  0x08003659   Thumb Code     2  stm32h7xx_hal_tim.o(.text.HAL_TIM_TriggerCallback)
    HardFault_Handler                        0x08003661   Thumb Code     2  stm32h7xx_it.o(.text.HardFault_Handler)
    Heat_Power_Control                       0x08003669   Thumb Code    14  bsp_pwm.o(.text.Heat_Power_Control)
    INS_Task                                 0x08003679   Thumb Code   968  INS_Task.o(.text.INS_Task)
    Kalman_Filter_Init                       0x08003a71   Thumb Code   886  Kalman_Filter.o(.text.Kalman_Filter_Init)
    Kalman_Filter_Update                     0x08003de9   Thumb Code   722  Kalman_Filter.o(.text.Kalman_Filter_Update)
    LowPassFilter1p_Init                     0x080040c1   Thumb Code    12  LPF.o(.text.LowPassFilter1p_Init)
    LowPassFilter1p_Update                   0x080040d1   Thumb Code    46  LPF.o(.text.LowPassFilter1p_Update)
    LowPassFilter2p_Init                     0x08004101   Thumb Code    22  LPF.o(.text.LowPassFilter2p_Init)
    LowPassFilter2p_Update                   0x08004119   Thumb Code    74  LPF.o(.text.LowPassFilter2p_Update)
    MX_FREERTOS_Init                         0x08004169   Thumb Code    56  freertos.o(.text.MX_FREERTOS_Init)
    MX_GPIO_Init                             0x080041c1   Thumb Code   220  gpio.o(.text.MX_GPIO_Init)
    MX_SPI2_Init                             0x080042a1   Thumb Code   102  spi.o(.text.MX_SPI2_Init)
    MX_TIM3_Init                             0x08004309   Thumb Code   206  tim.o(.text.MX_TIM3_Init)
    MemManage_Handler                        0x080043d9   Thumb Code     2  stm32h7xx_it.o(.text.MemManage_Handler)
    NMI_Handler                              0x080043e1   Thumb Code     2  stm32h7xx_it.o(.text.NMI_Handler)
    PID_Calculate                            0x08004401   Thumb Code   464  PID.o(.text.PID_Calculate)
    PID_Init                                 0x080045d9   Thumb Code   148  PID.o(.text.PID_Init)
    PendSV_Handler                           0x080046e1   Thumb Code   100  port.o(.text.PendSV_Handler)
    QuaternionEKF_Init                       0x080049b1   Thumb Code   160  Quaternion.o(.text.QuaternionEKF_Init)
    QuaternionEKF_Update                     0x08004a51   Thumb Code   812  Quaternion.o(.text.QuaternionEKF_Update)
    SPI2_IRQHandler                          0x08005391   Thumb Code    12  stm32h7xx_it.o(.text.SPI2_IRQHandler)
    SVC_Handler                              0x08005481   Thumb Code    36  port.o(.text.SVC_Handler)
    SysTick_Handler                          0x080054a9   Thumb Code    46  port.o(.text.SysTick_Handler)
    SystemClock_Config                       0x080054d9   Thumb Code   178  main.o(.text.SystemClock_Config)
    SystemInit                               0x08005591   Thumb Code   210  system_stm32h7xx.o(.text.SystemInit)
    TIM2_IRQHandler                          0x08005669   Thumb Code    12  stm32h7xx_it.o(.text.TIM2_IRQHandler)
    TIM_Base_SetConfig                       0x08005679   Thumb Code   346  stm32h7xx_hal_tim.o(.text.TIM_Base_SetConfig)
    UsageFault_Handler                       0x080057d9   Thumb Code     2  stm32h7xx_it.o(.text.UsageFault_Handler)
    arm_mat_add_f32                          0x080057dd   Thumb Code   190  arm_mat_add_f32.o(.text.arm_mat_add_f32)
    arm_mat_init_f32                         0x0800589b   Thumb Code     8  arm_mat_init_f32.o(.text.arm_mat_init_f32)
    arm_mat_inverse_f32                      0x080058a5   Thumb Code   716  arm_mat_inverse_f32.o(.text.arm_mat_inverse_f32)
    arm_mat_mult_f32                         0x08005b71   Thumb Code   304  arm_mat_mult_f32.o(.text.arm_mat_mult_f32)
    arm_mat_sub_f32                          0x08005ca1   Thumb Code   190  arm_mat_sub_f32.o(.text.arm_mat_sub_f32)
    arm_mat_trans_f32                        0x08005d61   Thumb Code   180  arm_mat_trans_f32.o(.text.arm_mat_trans_f32)
    main                                     0x08005e19   Thumb Code   226  main.o(.text.main)
    osDelayUntil                             0x08005f01   Thumb Code     4  cmsis_os.o(.text.osDelayUntil)
    osKernelStart                            0x08005f09   Thumb Code    10  cmsis_os.o(.text.osKernelStart)
    osKernelSysTick                          0x08005f19   Thumb Code    14  cmsis_os.o(.text.osKernelSysTick)
    osThreadCreate                           0x08005f29   Thumb Code    96  cmsis_os.o(.text.osThreadCreate)
    pvPortMalloc                             0x080061a1   Thumb Code   422  heap_4.o(.text.pvPortMalloc)
    pxPortInitialiseStack                    0x08006349   Thumb Code    44  port.o(.text.pxPortInitialiseStack)
    uxListRemove                             0x08006379   Thumb Code    42  list.o(.text.uxListRemove)
    vApplicationGetIdleTaskMemory            0x080063a9   Thumb Code    26  freertos.o(.text.vApplicationGetIdleTaskMemory)
    vListInitialise                          0x080063c9   Thumb Code    22  list.o(.text.vListInitialise)
    vListInitialiseItem                      0x080063e1   Thumb Code     6  list.o(.text.vListInitialiseItem)
    vListInsertEnd                           0x080063e9   Thumb Code    28  list.o(.text.vListInsertEnd)
    vPortEnterCritical                       0x08006421   Thumb Code    74  port.o(.text.vPortEnterCritical)
    vPortExitCritical                        0x08006471   Thumb Code    46  port.o(.text.vPortExitCritical)
    vPortFree                                0x080064a1   Thumb Code   214  heap_4.o(.text.vPortFree)
    vPortSetupTimerInterrupt                 0x08006579   Thumb Code    52  port.o(.text.vPortSetupTimerInterrupt)
    vPortValidateInterruptPriority           0x080065b1   Thumb Code    98  port.o(.text.vPortValidateInterruptPriority)
    vTaskStartScheduler                      0x08006619   Thumb Code   120  tasks.o(.text.vTaskStartScheduler)
    vTaskSuspendAll                          0x08006699   Thumb Code    16  tasks.o(.text.vTaskSuspendAll)
    vTaskSwitchContext                       0x080066a9   Thumb Code   134  tasks.o(.text.vTaskSwitchContext)
    xPortStartScheduler                      0x08006731   Thumb Code   302  port.o(.text.xPortStartScheduler)
    xTaskCreate                              0x08006861   Thumb Code   194  tasks.o(.text.xTaskCreate)
    xTaskCreateStatic                        0x08006929   Thumb Code   240  tasks.o(.text.xTaskCreateStatic)
    xTaskGetTickCount                        0x08006a19   Thumb Code    12  tasks.o(.text.xTaskGetTickCount)
    xTaskGetTickCountFromISR                 0x08006a29   Thumb Code    18  tasks.o(.text.xTaskGetTickCountFromISR)
    xTaskIncrementTick                       0x08006a41   Thumb Code   384  tasks.o(.text.xTaskIncrementTick)
    xTaskResumeAll                           0x08006bc1   Thumb Code   312  tasks.o(.text.xTaskResumeAll)
    __ARM_fpclassifyf                        0x08006cf9   Thumb Code    38  fpclassifyf.o(i.__ARM_fpclassifyf)
    __hardfp_acosf                           0x08006d21   Thumb Code   234  acosf.o(i.__hardfp_acosf)
    __hardfp_asinf                           0x08006e39   Thumb Code   258  asinf.o(i.__hardfp_asinf)
    __hardfp_atan2f                          0x08006f65   Thumb Code   594  atan2f.o(i.__hardfp_atan2f)
    __mathlib_flt_infnan                     0x08007211   Thumb Code     6  funder.o(i.__mathlib_flt_infnan)
    __mathlib_flt_infnan2                    0x08007217   Thumb Code     6  funder.o(i.__mathlib_flt_infnan2)
    __mathlib_flt_invalid                    0x0800721d   Thumb Code    10  funder.o(i.__mathlib_flt_invalid)
    __mathlib_flt_underflow                  0x0800722d   Thumb Code    10  funder.o(i.__mathlib_flt_underflow)
    sqrtf                                    0x0800723d   Thumb Code    62  sqrtf.o(i.sqrtf)
    _fp_init                                 0x0800727b   Thumb Code    26  fpinit.o(x$fpl$fpinit)
    __fplib_config_fpu_vfp                   0x08007293   Thumb Code     0  fpinit.o(x$fpl$fpinit)
    __fplib_config_pureend_doubles           0x08007293   Thumb Code     0  fpinit.o(x$fpl$fpinit)
    D1CorePrescTable                         0x08007294   Data          16  system_stm32h7xx.o(.rodata.D1CorePrescTable)
    __I$use$fp                               0x08007294   Number         0  usenofp.o(x$fpl$usenofp)
    Region$$Table$$Base                      0x080072b4   Number         0  anon$$obj.o(Region$$Table)
    Region$$Table$$Limit                     0x080072e4   Number         0  anon$$obj.o(Region$$Table)
    SystemCoreClock                          0x2400012c   Data           4  system_stm32h7xx.o(.data.SystemCoreClock)
    SystemD2Clock                            0x24000130   Data           4  system_stm32h7xx.o(.data.SystemD2Clock)
    uwTickFreq                               0x24000150   Data           1  stm32h7xx_hal.o(.data.uwTickFreq)
    uwTickPrio                               0x24000154   Data           4  stm32h7xx_hal.o(.data.uwTickPrio)
    __libspace_start                         0x24000160   Data          96  libspace.o(.bss)
    BMI088_Info                              0x240001c0   Data          60  Bmi088.o(.bss.BMI088_Info)
    __temporary_stack_top$libspace           0x240001c0   Data           0  libspace.o(.bss)
    INS_AccelPF2p                            0x240001fc   Data          96  INS_Task.o(.bss.INS_AccelPF2p)
    INS_Info                                 0x2400025c   Data         108  INS_Task.o(.bss.INS_Info)
    Quaternion_Info                          0x240002c8   Data         420  Quaternion.o(.bss.Quaternion_Info)
    Start_INS_TaskBuffer                     0x2400046c   Data        8192  freertos.o(.bss.Start_INS_TaskBuffer)
    Start_INS_TaskControlBlock               0x2400246c   Data          84  freertos.o(.bss.Start_INS_TaskControlBlock)
    Start_INS_TaskHandle                     0x240024c0   Data           4  freertos.o(.bss.Start_INS_TaskHandle)
    TempCtrl_PID                             0x240024c4   Data         100  INS_Task.o(.bss.TempCtrl_PID)
    hspi2                                    0x24002528   Data         136  spi.o(.bss.hspi2)
    htim2                                    0x240025b0   Data          76  stm32h7xx_hal_timebase_tim.o(.bss.htim2)
    htim3                                    0x240025fc   Data          76  tim.o(.bss.htim3)
    pxCurrentTCB                             0x24002648   Data           4  tasks.o(.bss.pxCurrentTCB)
    uwTick                                   0x240026ec   Data           4  stm32h7xx_hal.o(.bss.uwTick)



==============================================================================

Memory Map of the image

  Image Entry point : 0x080002cd

  Load Region LR_IROM1 (Base: 0x08000000, Size: 0x00007448, Max: 0x00100000, ABSOLUTE, COMPRESSED[0x00007330])

    Execution Region ER_IROM1 (Exec base: 0x08000000, Load base: 0x08000000, Size: 0x000072e4, Max: 0x00100000, ABSOLUTE)

    Exec Addr    Load Addr    Size         Type   Attr      Idx    E Section Name        Object

    0x08000000   0x08000000   0x000002cc   Data   RO          167    RESET               startup_stm32h723xx.o
    0x080002cc   0x080002cc   0x00000008   Code   RO         2158  * !!!main             c_w.l(__main.o)
    0x080002d4   0x080002d4   0x0000005c   Code   RO         2423    !!!scatter          c_w.l(__scatter.o)
    0x08000330   0x08000330   0x0000005a   Code   RO         2421    !!dczerorl2         c_w.l(__dczerorl2.o)
    0x0800038a   0x0800038a   0x00000002   PAD
    0x0800038c   0x0800038c   0x00000002   Code   RO         2424    !!handler_null      c_w.l(__scatter.o)
    0x0800038e   0x0800038e   0x00000002   PAD
    0x08000390   0x08000390   0x0000001c   Code   RO         2427    !!handler_zi        c_w.l(__scatter_zi.o)
    0x080003ac   0x080003ac   0x00000002   Code   RO         2356    .ARM.Collect$$libinit$$00000000  c_w.l(libinit.o)
    0x080003ae   0x080003ae   0x00000004   Code   RO         2216    .ARM.Collect$$libinit$$00000001  c_w.l(libinit2.o)
    0x080003b2   0x080003b2   0x00000000   Code   RO         2219    .ARM.Collect$$libinit$$00000004  c_w.l(libinit2.o)
    0x080003b2   0x080003b2   0x00000000   Code   RO         2221    .ARM.Collect$$libinit$$00000006  c_w.l(libinit2.o)
    0x080003b2   0x080003b2   0x00000008   Code   RO         2222    .ARM.Collect$$libinit$$00000007  c_w.l(libinit2.o)
    0x080003ba   0x080003ba   0x00000000   Code   RO         2224    .ARM.Collect$$libinit$$0000000C  c_w.l(libinit2.o)
    0x080003ba   0x080003ba   0x00000000   Code   RO         2226    .ARM.Collect$$libinit$$0000000E  c_w.l(libinit2.o)
    0x080003ba   0x080003ba   0x00000000   Code   RO         2228    .ARM.Collect$$libinit$$00000010  c_w.l(libinit2.o)
    0x080003ba   0x080003ba   0x00000000   Code   RO         2231    .ARM.Collect$$libinit$$00000013  c_w.l(libinit2.o)
    0x080003ba   0x080003ba   0x00000000   Code   RO         2233    .ARM.Collect$$libinit$$00000015  c_w.l(libinit2.o)
    0x080003ba   0x080003ba   0x00000000   Code   RO         2235    .ARM.Collect$$libinit$$00000017  c_w.l(libinit2.o)
    0x080003ba   0x080003ba   0x00000000   Code   RO         2237    .ARM.Collect$$libinit$$00000019  c_w.l(libinit2.o)
    0x080003ba   0x080003ba   0x00000000   Code   RO         2239    .ARM.Collect$$libinit$$0000001B  c_w.l(libinit2.o)
    0x080003ba   0x080003ba   0x00000000   Code   RO         2241    .ARM.Collect$$libinit$$0000001D  c_w.l(libinit2.o)
    0x080003ba   0x080003ba   0x00000000   Code   RO         2243    .ARM.Collect$$libinit$$0000001F  c_w.l(libinit2.o)
    0x080003ba   0x080003ba   0x00000000   Code   RO         2245    .ARM.Collect$$libinit$$00000021  c_w.l(libinit2.o)
    0x080003ba   0x080003ba   0x00000000   Code   RO         2247    .ARM.Collect$$libinit$$00000023  c_w.l(libinit2.o)
    0x080003ba   0x080003ba   0x00000000   Code   RO         2249    .ARM.Collect$$libinit$$00000025  c_w.l(libinit2.o)
    0x080003ba   0x080003ba   0x00000000   Code   RO         2251    .ARM.Collect$$libinit$$00000027  c_w.l(libinit2.o)
    0x080003ba   0x080003ba   0x00000000   Code   RO         2255    .ARM.Collect$$libinit$$0000002E  c_w.l(libinit2.o)
    0x080003ba   0x080003ba   0x00000000   Code   RO         2257    .ARM.Collect$$libinit$$00000030  c_w.l(libinit2.o)
    0x080003ba   0x080003ba   0x00000000   Code   RO         2259    .ARM.Collect$$libinit$$00000032  c_w.l(libinit2.o)
    0x080003ba   0x080003ba   0x00000000   Code   RO         2261    .ARM.Collect$$libinit$$00000034  c_w.l(libinit2.o)
    0x080003ba   0x080003ba   0x00000002   Code   RO         2262    .ARM.Collect$$libinit$$00000035  c_w.l(libinit2.o)
    0x080003bc   0x080003bc   0x00000002   Code   RO         2418    .ARM.Collect$$libshutdown$$00000000  c_w.l(libshutdown.o)
    0x080003be   0x080003be   0x00000000   Code   RO         2372    .ARM.Collect$$libshutdown$$00000002  c_w.l(libshutdown2.o)
    0x080003be   0x080003be   0x00000000   Code   RO         2374    .ARM.Collect$$libshutdown$$00000004  c_w.l(libshutdown2.o)
    0x080003be   0x080003be   0x00000000   Code   RO         2377    .ARM.Collect$$libshutdown$$00000007  c_w.l(libshutdown2.o)
    0x080003be   0x080003be   0x00000000   Code   RO         2380    .ARM.Collect$$libshutdown$$0000000A  c_w.l(libshutdown2.o)
    0x080003be   0x080003be   0x00000000   Code   RO         2382    .ARM.Collect$$libshutdown$$0000000C  c_w.l(libshutdown2.o)
    0x080003be   0x080003be   0x00000000   Code   RO         2385    .ARM.Collect$$libshutdown$$0000000F  c_w.l(libshutdown2.o)
    0x080003be   0x080003be   0x00000002   Code   RO         2386    .ARM.Collect$$libshutdown$$00000010  c_w.l(libshutdown2.o)
    0x080003c0   0x080003c0   0x00000000   Code   RO         2180    .ARM.Collect$$rtentry$$00000000  c_w.l(__rtentry.o)
    0x080003c0   0x080003c0   0x00000000   Code   RO         2294    .ARM.Collect$$rtentry$$00000002  c_w.l(__rtentry2.o)
    0x080003c0   0x080003c0   0x00000006   Code   RO         2306    .ARM.Collect$$rtentry$$00000004  c_w.l(__rtentry4.o)
    0x080003c6   0x080003c6   0x00000000   Code   RO         2296    .ARM.Collect$$rtentry$$00000009  c_w.l(__rtentry2.o)
    0x080003c6   0x080003c6   0x00000004   Code   RO         2297    .ARM.Collect$$rtentry$$0000000A  c_w.l(__rtentry2.o)
    0x080003ca   0x080003ca   0x00000000   Code   RO         2299    .ARM.Collect$$rtentry$$0000000C  c_w.l(__rtentry2.o)
    0x080003ca   0x080003ca   0x00000008   Code   RO         2300    .ARM.Collect$$rtentry$$0000000D  c_w.l(__rtentry2.o)
    0x080003d2   0x080003d2   0x00000002   Code   RO         2361    .ARM.Collect$$rtexit$$00000000  c_w.l(rtexit.o)
    0x080003d4   0x080003d4   0x00000000   Code   RO         2392    .ARM.Collect$$rtexit$$00000002  c_w.l(rtexit2.o)
    0x080003d4   0x080003d4   0x00000004   Code   RO         2393    .ARM.Collect$$rtexit$$00000003  c_w.l(rtexit2.o)
    0x080003d8   0x080003d8   0x00000006   Code   RO         2394    .ARM.Collect$$rtexit$$00000004  c_w.l(rtexit2.o)
    0x080003de   0x080003de   0x00000002   PAD
    0x080003e0   0x080003e0   0x00000048   Code   RO          168    .text               startup_stm32h723xx.o
    0x08000428   0x08000428   0x0000005e   Code   RO         2094    .text               c_w.l(h1_alloc.o)
    0x08000486   0x08000486   0x00000064   Code   RO         2150    .text               c_w.l(rt_memcpy_w.o)
    0x080004ea   0x080004ea   0x0000004e   Code   RO         2154    .text               c_w.l(rt_memclr_w.o)
    0x08000538   0x08000538   0x00000006   Code   RO         2156    .text               c_w.l(heapauxi.o)
    0x0800053e   0x0800053e   0x00000002   PAD
    0x08000540   0x08000540   0x00000008   Code   RO         2184    .text               c_w.l(rt_heap_descriptor_intlibspace.o)
    0x08000548   0x08000548   0x00000004   Code   RO         2186    .text               c_w.l(hguard.o)
    0x0800054c   0x0800054c   0x0000008a   Code   RO         2188    .text               c_w.l(init_alloc.o)
    0x080005d6   0x080005d6   0x0000000c   Code   RO         2194    .text               c_w.l(h1_init.o)
    0x080005e2   0x080005e2   0x0000004e   Code   RO         2196    .text               c_w.l(h1_free.o)
    0x08000630   0x08000630   0x00000016   Code   RO         2210    .text               c_w.l(_rserrno.o)
    0x08000646   0x08000646   0x00000002   PAD
    0x08000648   0x08000648   0x00000008   Code   RO         2290    .text               c_w.l(libspace.o)
    0x08000650   0x08000650   0x00000008   Code   RO         2311    .text               c_w.l(rt_errno_addr_intlibspace.o)
    0x08000658   0x08000658   0x00000000   Code   RO         2315    .text               c_w.l(maybetermalloc1.o)
    0x08000658   0x08000658   0x00000034   Code   RO         2317    .text               c_w.l(h1_extend.o)
    0x0800068c   0x0800068c   0x0000000e   Code   RO         2321    .text               c_w.l(defsig_rtmem_outer.o)
    0x0800069a   0x0800069a   0x00000002   Code   RO         2332    .text               c_w.l(use_no_semi.o)
    0x0800069c   0x0800069c   0x00000000   Code   RO         2334    .text               c_w.l(indicate_semi.o)
    0x0800069c   0x0800069c   0x0000004a   Code   RO         2335    .text               c_w.l(sys_stackheap_outer.o)
    0x080006e6   0x080006e6   0x00000012   Code   RO         2341    .text               c_w.l(exit.o)
    0x080006f8   0x080006f8   0x0000000a   Code   RO         2343    .text               c_w.l(defsig_exit.o)
    0x08000702   0x08000702   0x00000002   PAD
    0x08000704   0x08000704   0x00000050   Code   RO         2345    .text               c_w.l(defsig_rtmem_inner.o)
    0x08000754   0x08000754   0x0000000c   Code   RO         2357    .text               c_w.l(sys_exit.o)
    0x08000760   0x08000760   0x00000032   Code   RO         2369    .text               c_w.l(defsig_general.o)
    0x08000792   0x08000792   0x0000000e   Code   RO         2387    .text               c_w.l(sys_wrch.o)
    0x080007a0   0x080007a0   0x00000010   Code   RO           46    .text.BMI088_ACCEL_NS_H  bsp_gpio.o
    0x080007b0   0x080007b0   0x00000010   Code   RO           44    .text.BMI088_ACCEL_NS_L  bsp_gpio.o
    0x080007c0   0x080007c0   0x00000010   Code   RO           50    .text.BMI088_GYRO_NS_H  bsp_gpio.o
    0x080007d0   0x080007d0   0x00000010   Code   RO           48    .text.BMI088_GYRO_NS_L  bsp_gpio.o
    0x080007e0   0x080007e0   0x00000164   Code   RO           29    .text.BMI088_Info_Update  Bmi088.o
    0x08000944   0x08000944   0x00000004   PAD
    0x08000948   0x08000948   0x00000034   Code   RO           73    .text.BMI088_Read_Write_Byte  bsp_spi.o
    0x0800097c   0x0800097c   0x00000004   PAD
    0x08000980   0x08000980   0x00000002   Code   RO          260    .text.BusFault_Handler  stm32h7xx_it.o
    0x08000982   0x08000982   0x00000006   PAD
    0x08000988   0x08000988   0x00000002   Code   RO          264    .text.DebugMon_Handler  stm32h7xx_it.o
    0x0800098a   0x0800098a   0x00000006   PAD
    0x08000990   0x08000990   0x0000000a   Code   RO          179    .text.Error_Handler  main.o
    0x0800099a   0x0800099a   0x00000006   PAD
    0x080009a0   0x080009a0   0x0000001a   Code   RO         1572    .text.ExitRun0Mode  system_stm32h7xx.o
    0x080009ba   0x080009ba   0x00000006   PAD
    0x080009c0   0x080009c0   0x00000298   Code   RO          913    .text.HAL_DMA_Abort_IT  stm32h7xx_hal_dma.o
    0x08000c58   0x08000c58   0x000001a2   Code   RO          845    .text.HAL_GPIO_Init  stm32h7xx_hal_gpio.o
    0x08000dfa   0x08000dfa   0x00000006   PAD
    0x08000e00   0x08000e00   0x0000000a   Code   RO          851    .text.HAL_GPIO_WritePin  stm32h7xx_hal_gpio.o
    0x08000e0a   0x08000e0a   0x00000006   PAD
    0x08000e10   0x08000e10   0x0000000c   Code   RO         1145    .text.HAL_GetTick   stm32h7xx_hal.o
    0x08000e1c   0x08000e1c   0x00000004   PAD
    0x08000e20   0x08000e20   0x0000001a   Code   RO         1143    .text.HAL_IncTick   stm32h7xx_hal.o
    0x08000e3a   0x08000e3a   0x00000006   PAD
    0x08000e40   0x08000e40   0x00000064   Code   RO         1133    .text.HAL_Init      stm32h7xx_hal.o
    0x08000ea4   0x08000ea4   0x00000004   PAD
    0x08000ea8   0x08000ea8   0x000000a4   Code   RO          286    .text.HAL_InitTick  stm32h7xx_hal_timebase_tim.o
    0x08000f4c   0x08000f4c   0x00000004   PAD
    0x08000f50   0x08000f50   0x0000005e   Code   RO          654    .text.HAL_MPU_ConfigRegion  stm32h7xx_hal_cortex.o
    0x08000fae   0x08000fae   0x00000002   PAD
    0x08000fb0   0x08000fb0   0x0000001a   Code   RO          646    .text.HAL_MPU_Disable  stm32h7xx_hal_cortex.o
    0x08000fca   0x08000fca   0x00000006   PAD
    0x08000fd0   0x08000fd0   0x00000020   Code   RO          648    .text.HAL_MPU_Enable  stm32h7xx_hal_cortex.o
    0x08000ff0   0x08000ff0   0x0000002a   Code   RO          277    .text.HAL_MspInit   stm32h7xx_hal_msp.o
    0x0800101a   0x0800101a   0x00000006   PAD
    0x08001020   0x08001020   0x00000022   Code   RO          636    .text.HAL_NVIC_EnableIRQ  stm32h7xx_hal_cortex.o
    0x08001042   0x08001042   0x00000006   PAD
    0x08001048   0x08001048   0x0000005a   Code   RO          634    .text.HAL_NVIC_SetPriority  stm32h7xx_hal_cortex.o
    0x080010a2   0x080010a2   0x00000006   PAD
    0x080010a8   0x080010a8   0x00000020   Code   RO          632    .text.HAL_NVIC_SetPriorityGrouping  stm32h7xx_hal_cortex.o
    0x080010c8   0x080010c8   0x00000048   Code   RO         1049    .text.HAL_PWREx_ConfigSupply  stm32h7xx_hal_pwr_ex.o
    0x08001110   0x08001110   0x00000962   Code   RO          720    .text.HAL_RCCEx_PeriphCLKConfig  stm32h7xx_hal_rcc_ex.o
    0x08001a72   0x08001a72   0x00000006   PAD
    0x08001a78   0x08001a78   0x0000024a   Code   RO          688    .text.HAL_RCC_ClockConfig  stm32h7xx_hal_rcc.o
    0x08001cc2   0x08001cc2   0x00000006   PAD
    0x08001cc8   0x08001cc8   0x00000058   Code   RO          706    .text.HAL_RCC_GetClockConfig  stm32h7xx_hal_rcc.o
    0x08001d20   0x08001d20   0x00000060   Code   RO          700    .text.HAL_RCC_GetPCLK1Freq  stm32h7xx_hal_rcc.o
    0x08001d80   0x08001d80   0x00000114   Code   RO          690    .text.HAL_RCC_GetSysClockFreq  stm32h7xx_hal_rcc.o
    0x08001e94   0x08001e94   0x00000004   PAD
    0x08001e98   0x08001e98   0x000005ce   Code   RO          686    .text.HAL_RCC_OscConfig  stm32h7xx_hal_rcc.o
    0x08002466   0x08002466   0x00000002   PAD
    0x08002468   0x08002468   0x00000002   Code   RO         1526    .text.HAL_SPI_ErrorCallback  stm32h7xx_hal_spi.o
    0x0800246a   0x0800246a   0x00000006   PAD
    0x08002470   0x08002470   0x0000023a   Code   RO         1522    .text.HAL_SPI_IRQHandler  stm32h7xx_hal_spi.o
    0x080026aa   0x080026aa   0x00000006   PAD
    0x080026b0   0x080026b0   0x000001ac   Code   RO         1452    .text.HAL_SPI_Init  stm32h7xx_hal_spi.o
    0x0800285c   0x0800285c   0x00000004   PAD
    0x08002860   0x08002860   0x000000f8   Code   RO          224    .text.HAL_SPI_MspInit  spi.o
    0x08002958   0x08002958   0x00000002   Code   RO         1530    .text.HAL_SPI_RxCpltCallback  stm32h7xx_hal_spi.o
    0x0800295a   0x0800295a   0x00000006   PAD
    0x08002960   0x08002960   0x00000002   Code   RO         1524    .text.HAL_SPI_SuspendCallback  stm32h7xx_hal_spi.o
    0x08002962   0x08002962   0x00000006   PAD
    0x08002968   0x08002968   0x000003e6   Code   RO         1466    .text.HAL_SPI_TransmitReceive  stm32h7xx_hal_spi.o
    0x08002d4e   0x08002d4e   0x00000002   PAD
    0x08002d50   0x08002d50   0x00000002   Code   RO         1532    .text.HAL_SPI_TxCpltCallback  stm32h7xx_hal_spi.o
    0x08002d52   0x08002d52   0x00000006   PAD
    0x08002d58   0x08002d58   0x00000002   Code   RO         1528    .text.HAL_SPI_TxRxCpltCallback  stm32h7xx_hal_spi.o
    0x08002d5a   0x08002d5a   0x00000006   PAD
    0x08002d60   0x08002d60   0x00000002   Code   RO          618    .text.HAL_TIMEx_Break2Callback  stm32h7xx_hal_tim_ex.o
    0x08002d62   0x08002d62   0x00000006   PAD
    0x08002d68   0x08002d68   0x00000002   Code   RO          616    .text.HAL_TIMEx_BreakCallback  stm32h7xx_hal_tim_ex.o
    0x08002d6a   0x08002d6a   0x00000006   PAD
    0x08002d70   0x08002d70   0x00000002   Code   RO          612    .text.HAL_TIMEx_CommutCallback  stm32h7xx_hal_tim_ex.o
    0x08002d72   0x08002d72   0x00000006   PAD
    0x08002d78   0x08002d78   0x000000e4   Code   RO          596    .text.HAL_TIMEx_MasterConfigSynchronization  stm32h7xx_hal_tim_ex.o
    0x08002e5c   0x08002e5c   0x00000004   PAD
    0x08002e60   0x08002e60   0x00000060   Code   RO          301    .text.HAL_TIM_Base_Init  stm32h7xx_hal_tim.o
    0x08002ec0   0x08002ec0   0x00000002   Code   RO          303    .text.HAL_TIM_Base_MspInit  stm32h7xx_hal_tim.o
    0x08002ec2   0x08002ec2   0x00000006   PAD
    0x08002ec8   0x08002ec8   0x000000ca   Code   RO          315    .text.HAL_TIM_Base_Start_IT  stm32h7xx_hal_tim.o
    0x08002f92   0x08002f92   0x00000006   PAD
    0x08002f98   0x08002f98   0x00000002   Code   RO          437    .text.HAL_TIM_IC_CaptureCallback  stm32h7xx_hal_tim.o
    0x08002f9a   0x08002f9a   0x00000006   PAD
    0x08002fa0   0x08002fa0   0x00000166   Code   RO          435    .text.HAL_TIM_IRQHandler  stm32h7xx_hal_tim.o
    0x08003106   0x08003106   0x00000002   PAD
    0x08003108   0x08003108   0x00000002   Code   RO          439    .text.HAL_TIM_OC_DelayElapsedCallback  stm32h7xx_hal_tim.o
    0x0800310a   0x0800310a   0x00000006   PAD
    0x08003110   0x08003110   0x0000049e   Code   RO          455    .text.HAL_TIM_PWM_ConfigChannel  stm32h7xx_hal_tim.o
    0x080035ae   0x080035ae   0x00000002   PAD
    0x080035b0   0x080035b0   0x00000060   Code   RO          355    .text.HAL_TIM_PWM_Init  stm32h7xx_hal_tim.o
    0x08003610   0x08003610   0x00000030   Code   RO          241    .text.HAL_TIM_PWM_MspInit  tim.o
    0x08003640   0x08003640   0x00000002   Code   RO          441    .text.HAL_TIM_PWM_PulseFinishedCallback  stm32h7xx_hal_tim.o
    0x08003642   0x08003642   0x00000006   PAD
    0x08003648   0x08003648   0x0000000e   Code   RO          181    .text.HAL_TIM_PeriodElapsedCallback  main.o
    0x08003656   0x08003656   0x00000002   PAD
    0x08003658   0x08003658   0x00000002   Code   RO          445    .text.HAL_TIM_TriggerCallback  stm32h7xx_hal_tim.o
    0x0800365a   0x0800365a   0x00000006   PAD
    0x08003660   0x08003660   0x00000002   Code   RO          256    .text.HardFault_Handler  stm32h7xx_it.o
    0x08003662   0x08003662   0x00000006   PAD
    0x08003668   0x08003668   0x0000000e   Code   RO           61    .text.Heat_Power_Control  bsp_pwm.o
    0x08003676   0x08003676   0x00000002   PAD
    0x08003678   0x08003678   0x000003f4   Code   RO            2    .text.INS_Task      INS_Task.o
    0x08003a6c   0x08003a6c   0x00000004   PAD
    0x08003a70   0x08003a70   0x00000376   Code   RO          117    .text.Kalman_Filter_Init  Kalman_Filter.o
    0x08003de6   0x08003de6   0x00000002   PAD
    0x08003de8   0x08003de8   0x000002d2   Code   RO          119    .text.Kalman_Filter_Update  Kalman_Filter.o
    0x080040ba   0x080040ba   0x00000006   PAD
    0x080040c0   0x080040c0   0x0000000c   Code   RO          131    .text.LowPassFilter1p_Init  LPF.o
    0x080040cc   0x080040cc   0x00000004   PAD
    0x080040d0   0x080040d0   0x0000002e   Code   RO          133    .text.LowPassFilter1p_Update  LPF.o
    0x080040fe   0x080040fe   0x00000002   PAD
    0x08004100   0x08004100   0x00000016   Code   RO          135    .text.LowPassFilter2p_Init  LPF.o
    0x08004116   0x08004116   0x00000002   PAD
    0x08004118   0x08004118   0x0000004a   Code   RO          137    .text.LowPassFilter2p_Update  LPF.o
    0x08004162   0x08004162   0x00000006   PAD
    0x08004168   0x08004168   0x00000054   Code   RO          203    .text.MX_FREERTOS_Init  freertos.o
    0x080041bc   0x080041bc   0x00000004   PAD
    0x080041c0   0x080041c0   0x000000dc   Code   RO          192    .text.MX_GPIO_Init  gpio.o
    0x0800429c   0x0800429c   0x00000004   PAD
    0x080042a0   0x080042a0   0x00000066   Code   RO          222    .text.MX_SPI2_Init  spi.o
    0x08004306   0x08004306   0x00000002   PAD
    0x08004308   0x08004308   0x000000ce   Code   RO          237    .text.MX_TIM3_Init  tim.o
    0x080043d6   0x080043d6   0x00000002   PAD
    0x080043d8   0x080043d8   0x00000002   Code   RO          258    .text.MemManage_Handler  stm32h7xx_it.o
    0x080043da   0x080043da   0x00000006   PAD
    0x080043e0   0x080043e0   0x00000002   Code   RO          254    .text.NMI_Handler   stm32h7xx_it.o
    0x080043e2   0x080043e2   0x00000006   PAD
    0x080043e8   0x080043e8   0x00000014   Code   RO          103    .text.PID_Calc_Clear  PID.o
    0x080043fc   0x080043fc   0x00000004   PAD
    0x08004400   0x08004400   0x000001d4   Code   RO          107    .text.PID_Calculate  PID.o
    0x080045d4   0x080045d4   0x00000004   PAD
    0x080045d8   0x080045d8   0x00000094   Code   RO          101    .text.PID_Init      PID.o
    0x0800466c   0x0800466c   0x00000004   PAD
    0x08004670   0x08004670   0x00000064   Code   RO          105    .text.PID_Param_Init  PID.o
    0x080046d4   0x080046d4   0x0000000c   PAD
    0x080046e0   0x080046e0   0x00000064   Code   RO         2015    .text.PendSV_Handler  port.o
    0x08004744   0x08004744   0x00000004   PAD
    0x08004748   0x08004748   0x000001ac   Code   RO          149    .text.QuaternionEKF_A_Update  Quaternion.o
    0x080048f4   0x080048f4   0x00000004   PAD
    0x080048f8   0x080048f8   0x000000b6   Code   RO          151    .text.QuaternionEKF_H_Update  Quaternion.o
    0x080049ae   0x080049ae   0x00000002   PAD
    0x080049b0   0x080049b0   0x000000a0   Code   RO          147    .text.QuaternionEKF_Init  Quaternion.o
    0x08004a50   0x08004a50   0x0000033c   Code   RO          155    .text.QuaternionEKF_Update  Quaternion.o
    0x08004d8c   0x08004d8c   0x00000004   PAD
    0x08004d90   0x08004d90   0x000003c0   Code   RO          153    .text.QuaternionEKF_xhat_Update  Quaternion.o
    0x08005150   0x08005150   0x0000011e   Code   RO          722    .text.RCCEx_PLL2_Config  stm32h7xx_hal_rcc_ex.o
    0x0800526e   0x0800526e   0x00000002   PAD
    0x08005270   0x08005270   0x0000011e   Code   RO          724    .text.RCCEx_PLL3_Config  stm32h7xx_hal_rcc_ex.o
    0x0800538e   0x0800538e   0x00000002   PAD
    0x08005390   0x08005390   0x0000000c   Code   RO          268    .text.SPI2_IRQHandler  stm32h7xx_it.o
    0x0800539c   0x0800539c   0x00000004   PAD
    0x080053a0   0x080053a0   0x000000c4   Code   RO         1462    .text.SPI_CloseTransfer  stm32h7xx_hal_spi.o
    0x08005464   0x08005464   0x00000004   PAD
    0x08005468   0x08005468   0x00000016   Code   RO         1534    .text.SPI_DMAAbortOnError  stm32h7xx_hal_spi.o
    0x0800547e   0x0800547e   0x00000002   PAD
    0x08005480   0x08005480   0x00000024   Code   RO         1999    .text.SVC_Handler   port.o
    0x080054a4   0x080054a4   0x00000004   PAD
    0x080054a8   0x080054a8   0x0000002e   Code   RO         2017    .text.SysTick_Handler  port.o
    0x080054d6   0x080054d6   0x00000002   PAD
    0x080054d8   0x080054d8   0x000000b2   Code   RO          177    .text.SystemClock_Config  main.o
    0x0800558a   0x0800558a   0x00000006   PAD
    0x08005590   0x08005590   0x000000d2   Code   RO         1568    .text.SystemInit    system_stm32h7xx.o
    0x08005662   0x08005662   0x00000006   PAD
    0x08005668   0x08005668   0x0000000c   Code   RO          266    .text.TIM2_IRQHandler  stm32h7xx_it.o
    0x08005674   0x08005674   0x00000004   PAD
    0x08005678   0x08005678   0x0000015a   Code   RO          305    .text.TIM_Base_SetConfig  stm32h7xx_hal_tim.o
    0x080057d2   0x080057d2   0x00000006   PAD
    0x080057d8   0x080057d8   0x00000002   Code   RO          262    .text.UsageFault_Handler  stm32h7xx_it.o
    0x080057da   0x080057da   0x00000002   PAD
    0x080057dc   0x080057dc   0x000000be   Code   RO         2032    .text.arm_mat_add_f32  arm_cortexM7lfdp_math.lib(arm_mat_add_f32.o)
    0x0800589a   0x0800589a   0x00000008   Code   RO         2042    .text.arm_mat_init_f32  arm_cortexM7lfdp_math.lib(arm_mat_init_f32.o)
    0x080058a2   0x080058a2   0x00000002   PAD
    0x080058a4   0x080058a4   0x000002cc   Code   RO         2051    .text.arm_mat_inverse_f32  arm_cortexM7lfdp_math.lib(arm_mat_inverse_f32.o)
    0x08005b70   0x08005b70   0x00000130   Code   RO         2061    .text.arm_mat_mult_f32  arm_cortexM7lfdp_math.lib(arm_mat_mult_f32.o)
    0x08005ca0   0x08005ca0   0x000000be   Code   RO         2071    .text.arm_mat_sub_f32  arm_cortexM7lfdp_math.lib(arm_mat_sub_f32.o)
    0x08005d5e   0x08005d5e   0x00000002   PAD
    0x08005d60   0x08005d60   0x000000b4   Code   RO         2081    .text.arm_mat_trans_f32  arm_cortexM7lfdp_math.lib(arm_mat_trans_f32.o)
    0x08005e14   0x08005e14   0x00000004   PAD
    0x08005e18   0x08005e18   0x000000e2   Code   RO          175    .text.main          main.o
    0x08005efa   0x08005efa   0x00000006   PAD
    0x08005f00   0x08005f00   0x00000004   Code   RO         1937    .text.osDelayUntil  cmsis_os.o
    0x08005f04   0x08005f04   0x00000004   PAD
    0x08005f08   0x08005f08   0x0000000a   Code   RO         1853    .text.osKernelStart  cmsis_os.o
    0x08005f12   0x08005f12   0x00000006   PAD
    0x08005f18   0x08005f18   0x0000000e   Code   RO         1857    .text.osKernelSysTick  cmsis_os.o
    0x08005f26   0x08005f26   0x00000002   PAD
    0x08005f28   0x08005f28   0x00000060   Code   RO         1859    .text.osThreadCreate  cmsis_os.o
    0x08005f88   0x08005f88   0x0000011a   Code   RO         1733    .text.prvAddNewTaskToReadyList  tasks.o
    0x080060a2   0x080060a2   0x00000006   PAD
    0x080060a8   0x080060a8   0x00000096   Code   RO         1763    .text.prvIdleTask   tasks.o
    0x0800613e   0x0800613e   0x00000002   PAD
    0x08006140   0x08006140   0x00000028   Code   RO         2007    .text.prvPortStartFirstTask  port.o
    0x08006168   0x08006168   0x00000032   Code   RO         1997    .text.prvTaskExitError  port.o
    0x0800619a   0x0800619a   0x00000006   PAD
    0x080061a0   0x080061a0   0x000001a6   Code   RO         1967    .text.pvPortMalloc  heap_4.o
    0x08006346   0x08006346   0x00000002   PAD
    0x08006348   0x08006348   0x0000002c   Code   RO         1995    .text.pxPortInitialiseStack  port.o
    0x08006374   0x08006374   0x00000004   PAD
    0x08006378   0x08006378   0x0000002a   Code   RO         1622    .text.uxListRemove  list.o
    0x080063a2   0x080063a2   0x00000006   PAD
    0x080063a8   0x080063a8   0x0000001a   Code   RO          201    .text.vApplicationGetIdleTaskMemory  freertos.o
    0x080063c2   0x080063c2   0x00000006   PAD
    0x080063c8   0x080063c8   0x00000016   Code   RO         1614    .text.vListInitialise  list.o
    0x080063de   0x080063de   0x00000002   PAD
    0x080063e0   0x080063e0   0x00000006   Code   RO         1616    .text.vListInitialiseItem  list.o
    0x080063e6   0x080063e6   0x00000002   PAD
    0x080063e8   0x080063e8   0x0000001c   Code   RO         1618    .text.vListInsertEnd  list.o
    0x08006404   0x08006404   0x00000004   PAD
    0x08006408   0x08006408   0x00000014   Code   RO         2005    .text.vPortEnableVFP  port.o
    0x0800641c   0x0800641c   0x00000004   PAD
    0x08006420   0x08006420   0x0000004a   Code   RO         2011    .text.vPortEnterCritical  port.o
    0x0800646a   0x0800646a   0x00000006   PAD
    0x08006470   0x08006470   0x0000002e   Code   RO         2013    .text.vPortExitCritical  port.o
    0x0800649e   0x0800649e   0x00000002   PAD
    0x080064a0   0x080064a0   0x000000d6   Code   RO         1969    .text.vPortFree     heap_4.o
    0x08006576   0x08006576   0x00000002   PAD
    0x08006578   0x08006578   0x00000034   Code   RO         2003    .text.vPortSetupTimerInterrupt  port.o
    0x080065ac   0x080065ac   0x00000004   PAD
    0x080065b0   0x080065b0   0x00000062   Code   RO         2019    .text.vPortValidateInterruptPriority  port.o
    0x08006612   0x08006612   0x00000006   PAD
    0x08006618   0x08006618   0x00000080   Code   RO         1761    .text.vTaskStartScheduler  tasks.o
    0x08006698   0x08006698   0x00000010   Code   RO         1741    .text.vTaskSuspendAll  tasks.o
    0x080066a8   0x080066a8   0x00000086   Code   RO         1755    .text.vTaskSwitchContext  tasks.o
    0x0800672e   0x0800672e   0x00000002   PAD
    0x08006730   0x08006730   0x0000012e   Code   RO         2001    .text.xPortStartScheduler  port.o
    0x0800685e   0x0800685e   0x00000002   PAD
    0x08006860   0x08006860   0x000000c2   Code   RO         1735    .text.xTaskCreate   tasks.o
    0x08006922   0x08006922   0x00000006   PAD
    0x08006928   0x08006928   0x000000f0   Code   RO         1731    .text.xTaskCreateStatic  tasks.o
    0x08006a18   0x08006a18   0x0000000c   Code   RO         1769    .text.xTaskGetTickCount  tasks.o
    0x08006a24   0x08006a24   0x00000004   PAD
    0x08006a28   0x08006a28   0x00000012   Code   RO         1771    .text.xTaskGetTickCountFromISR  tasks.o
    0x08006a3a   0x08006a3a   0x00000006   PAD
    0x08006a40   0x08006a40   0x00000180   Code   RO         1767    .text.xTaskIncrementTick  tasks.o
    0x08006bc0   0x08006bc0   0x00000138   Code   RO         1745    .text.xTaskResumeAll  tasks.o
    0x08006cf8   0x08006cf8   0x00000026   Code   RO         2264    i.__ARM_fpclassifyf  m_wv.l(fpclassifyf.o)
    0x08006d1e   0x08006d1e   0x00000002   PAD
    0x08006d20   0x08006d20   0x00000118   Code   RO         2160    i.__hardfp_acosf    m_wv.l(acosf.o)
    0x08006e38   0x08006e38   0x0000012c   Code   RO         2166    i.__hardfp_asinf    m_wv.l(asinf.o)
    0x08006f64   0x08006f64   0x000002ac   Code   RO         2172    i.__hardfp_atan2f   m_wv.l(atan2f.o)
    0x08007210   0x08007210   0x00000006   Code   RO         2267    i.__mathlib_flt_infnan  m_wv.l(funder.o)
    0x08007216   0x08007216   0x00000006   Code   RO         2268    i.__mathlib_flt_infnan2  m_wv.l(funder.o)
    0x0800721c   0x0800721c   0x00000010   Code   RO         2269    i.__mathlib_flt_invalid  m_wv.l(funder.o)
    0x0800722c   0x0800722c   0x00000010   Code   RO         2272    i.__mathlib_flt_underflow  m_wv.l(funder.o)
    0x0800723c   0x0800723c   0x0000003e   Code   RO         2282    i.sqrtf             m_wv.l(sqrtf.o)
    0x0800727a   0x0800727a   0x0000001a   Code   RO         2330    x$fpl$fpinit        fz_wv.l(fpinit.o)
    0x08007294   0x08007294   0x00000000   Code   RO         2263    x$fpl$usenofp       fz_wv.l(usenofp.o)
    0x08007294   0x08007294   0x00000010   Data   RO         1576    .rodata.D1CorePrescTable  system_stm32h7xx.o
    0x080072a4   0x080072a4   0x0000000f   Data   RO          209    .rodata.str1.1      freertos.o
    0x080072b3   0x080072b3   0x00000001   PAD
    0x080072b4   0x080072b4   0x00000030   Data   RO         2420    Region$$Table       anon$$obj.o


    Execution Region RW_IRAM1 (Exec base: 0x20000000, Load base: 0x080072e4, Size: 0x00003c00, Max: 0x00020000, ABSOLUTE)

    Exec Addr    Load Addr    Size         Type   Attr      Idx    E Section Name        Object

    0x20000000        -       0x00003c00   Zero   RW         1986    .bss.ucHeap         heap_4.o


    Execution Region RW_IRAM2 (Exec base: 0x24000000, Load base: 0x080072e8, Size: 0x00002ff8, Max: 0x00020000, ABSOLUTE, COMPRESSED[0x00000048])

    Exec Addr    Load Addr    Size         Type   Attr      Idx    E Section Name        Object

    0x24000000   COMPRESSED   0x0000000c   Data   RW           15    .data.INS_LPF2p_Alpha  INS_Task.o
    0x2400000c   COMPRESSED   0x00000090   Data   RW           17    .data.QuaternionEKF_A_Data  INS_Task.o
    0x2400009c   COMPRESSED   0x00000090   Data   RW           18    .data.QuaternionEKF_P_Data  INS_Task.o
    0x2400012c   COMPRESSED   0x00000004   Data   RW         1574    .data.SystemCoreClock  system_stm32h7xx.o
    0x24000130   COMPRESSED   0x00000004   Data   RW         1575    .data.SystemD2Clock  system_stm32h7xx.o
    0x24000134   COMPRESSED   0x0000001c   Data   RW           16    .data.TemCtrl_PID_Param  INS_Task.o
    0x24000150   COMPRESSED   0x00000001   Data   RW         1242    .data.uwTickFreq    stm32h7xx_hal.o
    0x24000151   COMPRESSED   0x00000003   PAD
    0x24000154   COMPRESSED   0x00000004   Data   RW         1241    .data.uwTickPrio    stm32h7xx_hal.o
    0x24000158   COMPRESSED   0x00000004   Data   RW         2023    .data.uxCriticalNesting  port.o
    0x2400015c   COMPRESSED   0x00000004   PAD
    0x24000160        -       0x00000060   Zero   RW         2291    .bss                c_w.l(libspace.o)
    0x240001c0        -       0x0000003c   Zero   RW           31    .bss.BMI088_Info    Bmi088.o
    0x240001fc        -       0x00000060   Zero   RW           12    .bss.INS_AccelPF2p  INS_Task.o
    0x2400025c        -       0x0000006c   Zero   RW           13    .bss.INS_Info       INS_Task.o
    0x240002c8        -       0x000001a4   Zero   RW          157    .bss.Quaternion_Info  Quaternion.o
    0x2400046c        -       0x00002000   Zero   RW          210    .bss.Start_INS_TaskBuffer  freertos.o
    0x2400246c        -       0x00000054   Zero   RW          211    .bss.Start_INS_TaskControlBlock  freertos.o
    0x240024c0        -       0x00000004   Zero   RW          212    .bss.Start_INS_TaskHandle  freertos.o
    0x240024c4        -       0x00000064   Zero   RW           14    .bss.TempCtrl_PID   INS_Task.o
    0x24002528        -       0x00000088   Zero   RW          228    .bss.hspi2          spi.o
    0x240025b0        -       0x0000004c   Zero   RW          292    .bss.htim2          stm32h7xx_hal_timebase_tim.o
    0x240025fc        -       0x0000004c   Zero   RW          245    .bss.htim3          tim.o
    0x24002648        -       0x00000004   Zero   RW         1823    .bss.pxCurrentTCB   tasks.o
    0x2400264c        -       0x00000004   Zero   RW         1839    .bss.pxDelayedTaskList  tasks.o
    0x24002650        -       0x00000004   Zero   RW         1979    .bss.pxEnd          heap_4.o
    0x24002654        -       0x00000004   Zero   RW         1840    .bss.pxOverflowDelayedTaskList  tasks.o
    0x24002658        -       0x0000008c   Zero   RW         1824    .bss.pxReadyTasksLists  tasks.o
    0x240026e4        -       0x00000001   Zero   RW         2021    .bss.ucMaxSysCallPriority  port.o
    0x240026e5   COMPRESSED   0x00000003   PAD
    0x240026e8        -       0x00000004   Zero   RW         2022    .bss.ulMaxPRIGROUPValue  port.o
    0x240026ec        -       0x00000004   Zero   RW         1243    .bss.uwTick         stm32h7xx_hal.o
    0x240026f0        -       0x00000004   Zero   RW         1829    .bss.uxCurrentNumberOfTasks  tasks.o
    0x240026f4        -       0x00000004   Zero   RW         1828    .bss.uxDeletedTasksWaitingCleanUp  tasks.o
    0x240026f8        -       0x00000004   Zero   RW         1831    .bss.uxSchedulerSuspended  tasks.o
    0x240026fc        -       0x00000004   Zero   RW         1826    .bss.uxTaskNumber   tasks.o
    0x24002700        -       0x00000004   Zero   RW         1825    .bss.uxTopReadyPriority  tasks.o
    0x24002704        -       0x00000001   Zero   RW         1980    .bss.xBlockAllocatedBit  heap_4.o
    0x24002705   COMPRESSED   0x00000003   PAD
    0x24002708        -       0x00000014   Zero   RW         1842    .bss.xDelayedTaskList1  tasks.o
    0x2400271c        -       0x00000014   Zero   RW         1843    .bss.xDelayedTaskList2  tasks.o
    0x24002730        -       0x00000004   Zero   RW         1981    .bss.xFreeBytesRemaining  heap_4.o
    0x24002734        -       0x00000200   Zero   RW          208    .bss.xIdleStack     freertos.o
    0x24002934        -       0x00000004   Zero   RW         1834    .bss.xIdleTaskHandle  tasks.o
    0x24002938        -       0x00000054   Zero   RW          207    .bss.xIdleTaskTCBBuffer  freertos.o
    0x2400298c        -       0x00000004   Zero   RW         1983    .bss.xMinimumEverFreeBytesRemaining  heap_4.o
    0x24002990        -       0x00000004   Zero   RW         1835    .bss.xNextTaskUnblockTime  tasks.o
    0x24002994        -       0x00000004   Zero   RW         1841    .bss.xNumOfOverflows  tasks.o
    0x24002998        -       0x00000004   Zero   RW         1984    .bss.xNumberOfSuccessfulAllocations  heap_4.o
    0x2400299c        -       0x00000004   Zero   RW         1985    .bss.xNumberOfSuccessfulFrees  heap_4.o
    0x240029a0        -       0x00000004   Zero   RW         1838    .bss.xPendedTicks   tasks.o
    0x240029a4        -       0x00000014   Zero   RW         1833    .bss.xPendingReadyList  tasks.o
    0x240029b8        -       0x00000004   Zero   RW         1830    .bss.xSchedulerRunning  tasks.o
    0x240029bc        -       0x00000008   Zero   RW         1982    .bss.xStart         heap_4.o
    0x240029c4        -       0x00000014   Zero   RW         1832    .bss.xSuspendedTaskList  tasks.o
    0x240029d8        -       0x00000014   Zero   RW         1827    .bss.xTasksWaitingTermination  tasks.o
    0x240029ec        -       0x00000004   Zero   RW         1836    .bss.xTickCount     tasks.o
    0x240029f0        -       0x00000004   Zero   RW         1837    .bss.xYieldPending  tasks.o
    0x240029f4   COMPRESSED   0x00000004   PAD
    0x240029f8        -       0x00000200   Zero   RW          166    HEAP                startup_stm32h723xx.o
    0x24002bf8        -       0x00000400   Zero   RW          165    STACK               startup_stm32h723xx.o


==============================================================================

Image component sizes


      Code (inc. data)   RO Data    RW Data    ZI Data      Debug   Object Name

       356          8          0          0         60       4757   Bmi088.o
      1012         44          0        328        304       6828   INS_Task.o
      1608          0          0          0          0       5490   Kalman_Filter.o
       154          0          0          0          0       1857   LPF.o
       736          4          0          0          0       4003   PID.o
      2558         44          0          0        420       8194   Quaternion.o
        64          0          0          0          0       1847   bsp_gpio.o
        14          0          0          0          0       5152   bsp_pwm.o
        52          0          0          0          0       1418   bsp_spi.o
       124          0          0          0          0      22527   cmsis_os.o
       110         28         15          0       8876       3588   freertos.o
       220          0          0          0          0       3289   gpio.o
       636          0          0          0      15389       5494   heap_4.o
        98          0          0          0          0       2495   list.o
       428          0          0          0          0       8942   main.o
       908         16          0          4          5       4455   port.o
       350          0          0          0        136      11721   spi.o
        72         30        716          0       1536        984   startup_stm32h723xx.o
       138          0          0          5          4      16238   stm32h7xx_hal.o
       308          0          0          0          0      12751   stm32h7xx_hal_cortex.o
       664          0          0          0          0      18241   stm32h7xx_hal_dma.o
       428          0          0          0          0       7253   stm32h7xx_hal_gpio.o
        42          0          0          0          0       5710   stm32h7xx_hal_msp.o
        72          0          0          0          0       9970   stm32h7xx_hal_pwr_ex.o
      2532         24          0          0          0      11739   stm32h7xx_hal_rcc.o
      2974         84          0          0          0      18121   stm32h7xx_hal_rcc_ex.o
      2224          0          0          0          0      22134   stm32h7xx_hal_spi.o
      2290          6          0          0          0      67684   stm32h7xx_hal_tim.o
       234          0          0          0          0      27415   stm32h7xx_hal_tim_ex.o
       164          0          0          0         76       9978   stm32h7xx_hal_timebase_tim.o
        36          0          0          0          0       6769   stm32h7xx_it.o
       236          0         16          8          0       5900   system_stm32h7xx.o
      1870          8          0          0        300      27977   tasks.o
       254          0          0          0         76       7771   tim.o

    ----------------------------------------------------------------------
     24420        336        796        348      27196     378692   Object Totals
         0          0         48          0          0          0   (incl. Generated)
       454         40          1          3         14          0   (incl. Padding)

    ----------------------------------------------------------------------

      Code (inc. data)   RO Data    RW Data    ZI Data      Debug   Library Member Name

       190          0          0          0          0       1836   arm_mat_add_f32.o
         8          0          0          0          0        841   arm_mat_init_f32.o
       716          4          0          0          0       3547   arm_mat_inverse_f32.o
       304          4          0          0          0       2362   arm_mat_mult_f32.o
       190          0          0          0          0       1834   arm_mat_sub_f32.o
       180          0          0          0          0       1862   arm_mat_trans_f32.o
        90          0          0          0          0          0   __dczerorl2.o
         8          0          0          0          0         68   __main.o
         0          0          0          0          0          0   __rtentry.o
        12          0          0          0          0          0   __rtentry2.o
         6          0          0          0          0          0   __rtentry4.o
        94          8          0          0          0          0   __scatter.o
        28          0          0          0          0          0   __scatter_zi.o
        22          0          0          0          0        100   _rserrno.o
        10          0          0          0          0         68   defsig_exit.o
        50          0          0          0          0         88   defsig_general.o
        80         58          0          0          0         76   defsig_rtmem_inner.o
        14          0          0          0          0         80   defsig_rtmem_outer.o
        18          0          0          0          0         80   exit.o
        94          0          0          0          0         80   h1_alloc.o
        52          0          0          0          0         68   h1_extend.o
        78          0          0          0          0         80   h1_free.o
        12          0          0          0          0         84   h1_init.o
         6          0          0          0          0        152   heapauxi.o
         4          0          0          0          0        136   hguard.o
         0          0          0          0          0          0   indicate_semi.o
       138          0          0          0          0        168   init_alloc.o
         2          0          0          0          0          0   libinit.o
        14          0          0          0          0          0   libinit2.o
         2          0          0          0          0          0   libshutdown.o
         2          0          0          0          0          0   libshutdown2.o
         8          4          0          0         96         68   libspace.o
         0          0          0          0          0          0   maybetermalloc1.o
         8          4          0          0          0         68   rt_errno_addr_intlibspace.o
         8          4          0          0          0         68   rt_heap_descriptor_intlibspace.o
        78          0          0          0          0         80   rt_memclr_w.o
       100          0          0          0          0         80   rt_memcpy_w.o
         2          0          0          0          0          0   rtexit.o
        10          0          0          0          0          0   rtexit2.o
        12          4          0          0          0         68   sys_exit.o
        74          0          0          0          0         80   sys_stackheap_outer.o
        14          0          0          0          0         76   sys_wrch.o
         2          0          0          0          0         68   use_no_semi.o
        26          0          0          0          0        116   fpinit.o
         0          0          0          0          0          0   usenofp.o
       280         46          0          0          0        176   acosf.o
       300         42          0          0          0        176   asinf.o
       684         90          0          0          0        208   atan2f.o
        38          0          0          0          0        116   fpclassifyf.o
        44         12          0          0          0        464   funder.o
        62          0          0          0          0        136   sqrtf.o

    ----------------------------------------------------------------------
      4196        280          0          0         96      15658   Library Totals
        22          0          0          0          0          0   (incl. Padding)

    ----------------------------------------------------------------------

      Code (inc. data)   RO Data    RW Data    ZI Data      Debug   Library Name

      1588          8          0          0          0      12282   arm_cortexM7lfdp_math.lib
      1152         82          0          0         96       1984   c_w.l
        26          0          0          0          0        116   fz_wv.l
      1408        190          0          0          0       1276   m_wv.l

    ----------------------------------------------------------------------
      4196        280          0          0         96      15658   Library Totals

    ----------------------------------------------------------------------

==============================================================================


      Code (inc. data)   RO Data    RW Data    ZI Data      Debug   

     28616        616        796        348      27292     391858   Grand Totals
     28616        616        796         72      27292     391858   ELF Image Totals (compressed)
     28616        616        796         72          0          0   ROM Totals

==============================================================================

    Total RO  Size (Code + RO Data)                29412 (  28.72kB)
    Total RW  Size (RW Data + ZI Data)             27640 (  26.99kB)
    Total ROM Size (Code + RO Data + RW Data)      29484 (  28.79kB)

==============================================================================

