Component: Arm Compiler for Embedded 6.21 Tool: armlink [5ec1fa00]

==============================================================================

Section Cross References

    ins_task.o(.text.INS_Task) refers to ins_task.o(.text.INS_Task_Init) for INS_Task_Init
    ins_task.o(.text.INS_Task) refers to cmsis_os.o(.text.osKernelSysTick) for osKernelSysTick
    ins_task.o(.text.INS_Task) refers to bmi088.o(.bss.BMI088_Info) for BMI088_Info
    ins_task.o(.text.INS_Task) refers to bmi088.o(.text.BMI088_Info_Update) for BMI088_Info_Update
    ins_task.o(.text.INS_Task) refers to ins_task.o(.bss.INS_AccelPF2p) for INS_AccelPF2p
    ins_task.o(.text.INS_Task) refers to lpf.o(.text.LowPassFilter2p_Update) for LowPassFilter2p_Update
    ins_task.o(.text.INS_Task) refers to ins_task.o(.bss.INS_Info) for INS_Info
    ins_task.o(.text.INS_Task) refers to quaternion.o(.bss.Quaternion_Info) for Quaternion_Info
    ins_task.o(.text.INS_Task) refers to quaternion.o(.text.QuaternionEKF_Update) for QuaternionEKF_Update
    ins_task.o(.text.INS_Task) refers to ins_task.o(.text.INS_Strapdown_Update) for INS_Strapdown_Update
    ins_task.o(.text.INS_Task) refers to ins_task.o(.text.BMI088_Temp_Control) for BMI088_Temp_Control
    ins_task.o(.text.INS_Task) refers to cmsis_os.o(.text.osDelayUntil) for osDelayUntil
    ins_task.o(.ARM.exidx.text.INS_Task) refers to ins_task.o(.text.INS_Task) for [Anonymous Symbol]
    ins_task.o(.text.INS_Task_Init) refers to ins_task.o(.bss.INS_AccelPF2p) for INS_AccelPF2p
    ins_task.o(.text.INS_Task_Init) refers to ins_task.o(.data.INS_LPF2p_Alpha) for INS_LPF2p_Alpha
    ins_task.o(.text.INS_Task_Init) refers to lpf.o(.text.LowPassFilter2p_Init) for LowPassFilter2p_Init
    ins_task.o(.text.INS_Task_Init) refers to ins_task.o(.bss.TempCtrl_PID) for TempCtrl_PID
    ins_task.o(.text.INS_Task_Init) refers to ins_task.o(.data.TemCtrl_PID_Param) for TemCtrl_PID_Param
    ins_task.o(.text.INS_Task_Init) refers to pid.o(.text.PID_Init) for PID_Init
    ins_task.o(.text.INS_Task_Init) refers to quaternion.o(.bss.Quaternion_Info) for Quaternion_Info
    ins_task.o(.text.INS_Task_Init) refers to ins_task.o(.data.QuaternionEKF_A_Data) for QuaternionEKF_A_Data
    ins_task.o(.text.INS_Task_Init) refers to ins_task.o(.data.QuaternionEKF_P_Data) for QuaternionEKF_P_Data
    ins_task.o(.text.INS_Task_Init) refers to quaternion.o(.text.QuaternionEKF_Init) for QuaternionEKF_Init
    ins_task.o(.text.INS_Task_Init) refers to ins_task.o(.bss.INS_Info) for INS_Info
    ins_task.o(.ARM.exidx.text.INS_Task_Init) refers to ins_task.o(.text.INS_Task_Init) for [Anonymous Symbol]
    ins_task.o(.text.INS_Strapdown_Update) refers to quaternion.o(.bss.Quaternion_Info) for Quaternion_Info
    ins_task.o(.text.INS_Strapdown_Update) refers to ins_task.o(.bss.INS_Info) for INS_Info
    ins_task.o(.ARM.exidx.text.INS_Strapdown_Update) refers to ins_task.o(.text.INS_Strapdown_Update) for [Anonymous Symbol]
    ins_task.o(.text.BMI088_Temp_Control) refers to ins_task.o(.bss.TempCtrl_PID) for TempCtrl_PID
    ins_task.o(.text.BMI088_Temp_Control) refers to pid.o(.text.PID_Calculate) for PID_Calculate
    ins_task.o(.text.BMI088_Temp_Control) refers to bsp_pwm.o(.text.Heat_Power_Control) for Heat_Power_Control
    ins_task.o(.ARM.exidx.text.BMI088_Temp_Control) refers to ins_task.o(.text.BMI088_Temp_Control) for [Anonymous Symbol]
    ins_task.o(.text.INS_Reset_Position) refers to ins_task.o(.bss.INS_Info) for INS_Info
    ins_task.o(.ARM.exidx.text.INS_Reset_Position) refers to ins_task.o(.text.INS_Reset_Position) for [Anonymous Symbol]
    ins_task.o(.text.INS_Reset_Velocity) refers to ins_task.o(.bss.INS_Info) for INS_Info
    ins_task.o(.ARM.exidx.text.INS_Reset_Velocity) refers to ins_task.o(.text.INS_Reset_Velocity) for [Anonymous Symbol]
    ins_task.o(.text.INS_Zero_Velocity) refers to ins_task.o(.bss.INS_Info) for INS_Info
    ins_task.o(.ARM.exidx.text.INS_Zero_Velocity) refers to ins_task.o(.text.INS_Zero_Velocity) for [Anonymous Symbol]
    ins_task.o(.text.INS_Is_Stationary) refers to quaternion.o(.bss.Quaternion_Info) for Quaternion_Info
    ins_task.o(.ARM.exidx.text.INS_Is_Stationary) refers to ins_task.o(.text.INS_Is_Stationary) for [Anonymous Symbol]
    bmi088.o(.text.BMI088_Init) refers to bmi088.o(.text.BMI088_Accel_Init) for BMI088_Accel_Init
    bmi088.o(.text.BMI088_Init) refers to bmi088.o(.text.BMI088_Gyro_Init) for BMI088_Gyro_Init
    bmi088.o(.text.BMI088_Init) refers to bsp_tick.o(.text.Delay_ms) for Delay_ms
    bmi088.o(.text.BMI088_Init) refers to bmi088.o(.bss.BMI088_Info) for BMI088_Info
    bmi088.o(.text.BMI088_Init) refers to bmi088.o(.text.BMI088_Offset_Update) for BMI088_Offset_Update
    bmi088.o(.ARM.exidx.text.BMI088_Init) refers to bmi088.o(.text.BMI088_Init) for [Anonymous Symbol]
    bmi088.o(.text.BMI088_Accel_Init) refers to bsp_gpio.o(.text.BMI088_ACCEL_NS_L) for BMI088_ACCEL_NS_L
[...]
    _mutex_release                            - Undefined Weak Reference
    _rand_init                                - Undefined Weak Reference
    _signal_finish                            - Undefined Weak Reference
    _signal_init                              - Undefined Weak Reference
    _terminateio                              - Undefined Weak Reference
    __Vectors_Size                           0x000002cc   Number         0  startup_stm32h723xx.o ABSOLUTE
    __Vectors                                0x08000000   Data           4  startup_stm32h723xx.o(RESET)
    __Vectors_End                            0x080002cc   Data           0  startup_stm32h723xx.o(RESET)
    __main                                   0x080002cd   Thumb Code     8  __main.o(!!!main)
    __scatterload                            0x080002d5   Thumb Code     0  __scatter.o(!!!scatter)
    __scatterload_rt2                        0x080002d5   Thumb Code    84  __scatter.o(!!!scatter)
    __scatterload_rt2_thumb_only             0x080002d5   Thumb Code     0  __scatter.o(!!!scatter)
    __scatterload_loop                       0x080002df   Thumb Code     0  __scatter.o(!!!scatter)
    __decompress                             0x08000331   Thumb Code    90  __dczerorl2.o(!!dczerorl2)
    __decompress1                            0x08000331   Thumb Code     0  __dczerorl2.o(!!dczerorl2)
    __scatterload_null                       0x0800038d   Thumb Code     2  __scatter.o(!!handler_null)
    __scatterload_zeroinit                   0x08000391   Thumb Code    28  __scatter_zi.o(!!handler_zi)
    __rt_lib_init                            0x080003ad   Thumb Code     0  libinit.o(.ARM.Collect$$libinit$$00000000)
    __rt_lib_init_fp_1                       0x080003af   Thumb Code     0  libinit2.o(.ARM.Collect$$libinit$$00000001)
    __rt_lib_init_heap_2                     0x080003b3   Thumb Code     0  libinit2.o(.ARM.Collect$$libinit$$00000007)
    __rt_lib_init_preinit_1                  0x080003b3   Thumb Code     0  libinit2.o(.ARM.Collect$$libinit$$00000006)
    __rt_lib_init_relocate_pie_1             0x080003b3   Thumb Code     0  libinit2.o(.ARM.Collect$$libinit$$00000004)
    __rt_lib_init_alloca_1                   0x080003bb   Thumb Code     0  libinit2.o(.ARM.Collect$$libinit$$00000030)
    __rt_lib_init_argv_1                     0x080003bb   Thumb Code     0  libinit2.o(.ARM.Collect$$libinit$$0000002E)
    __rt_lib_init_atexit_1                   0x080003bb   Thumb Code     0  libinit2.o(.ARM.Collect$$libinit$$0000001D)
    __rt_lib_init_clock_1                    0x080003bb   Thumb Code     0  libinit2.o(.ARM.Collect$$libinit$$00000023)
    __rt_lib_init_cpp_1                      0x080003bb   Thumb Code     0  libinit2.o(.ARM.Collect$$libinit$$00000034)
    __rt_lib_init_exceptions_1               0x080003bb   Thumb Code     0  libinit2.o(.ARM.Collect$$libinit$$00000032)
    __rt_lib_init_fp_trap_1                  0x080003bb   Thumb Code     0  libinit2.o(.ARM.Collect$$libinit$$00000021)
    __rt_lib_init_getenv_1                   0x080003bb   Thumb Code     0  libinit2.o(.ARM.Collect$$libinit$$00000025)
    __rt_lib_init_heap_1                     0x080003bb   Thumb Code     0  libinit2.o(.ARM.Collect$$libinit$$0000000C)
    __rt_lib_init_lc_collate_1               0x080003bb   Thumb Code     0  libinit2.o(.ARM.Collect$$libinit$$00000013)
    __rt_lib_init_lc_ctype_1                 0x080003bb   Thumb Code     0  libinit2.o(.ARM.Collect$$libinit$$00000015)
    __rt_lib_init_lc_monetary_1              0x080003bb   Thumb Code     0  libinit2.o(.ARM.Collect$$libinit$$00000017)
    __rt_lib_init_lc_numeric_1               0x080003bb   Thumb Code     0  libinit2.o(.ARM.Collect$$libinit$$00000019)
    __rt_lib_init_lc_time_1                  0x080003bb   Thumb Code     0  libinit2.o(.ARM.Collect$$libinit$$0000001B)
    __rt_lib_init_rand_1                     0x080003bb   Thumb Code     0  libinit2.o(.ARM.Collect$$libinit$$00000010)
    __rt_lib_init_return                     0x080003bb   Thumb Code     0  libinit2.o(.ARM.Collect$$libinit$$00000035)
    __rt_lib_init_signal_1                   0x080003bb   Thumb Code     0  libinit2.o(.ARM.Collect$$libinit$$0000001F)
    __rt_lib_init_stdio_1                    0x080003bb   Thumb Code     0  libinit2.o(.ARM.Collect$$libinit$$00000027)
    __rt_lib_init_user_alloc_1               0x080003bb   Thumb Code     0  libinit2.o(.ARM.Collect$$libinit$$0000000E)
    __rt_lib_shutdown                        0x080003bd   Thumb Code     0  libshutdown.o(.ARM.Collect$$libshutdown$$00000000)
    __rt_lib_shutdown_cpp_1                  0x080003bf   Thumb Code     0  libshutdown2.o(.ARM.Collect$$libshutdown$$00000002)
    __rt_lib_shutdown_fp_trap_1              0x080003bf   Thumb Code     0  libshutdown2.o(.ARM.Collect$$libshutdown$$00000007)
    __rt_lib_shutdown_heap_1                 0x080003bf   Thumb Code     0  libshutdown2.o(.ARM.Collect$$libshutdown$$0000000F)
    __rt_lib_shutdown_return                 0x080003bf   Thumb Code     0  libshutdown2.o(.ARM.Collect$$libshutdown$$00000010)
    __rt_lib_shutdown_signal_1               0x080003bf   Thumb Code     0  libshutdown2.o(.ARM.Collect$$libshutdown$$0000000A)
    __rt_lib_shutdown_stdio_1                0x080003bf   Thumb Code     0  libshutdown2.o(.ARM.Collect$$libshutdown$$00000004)
    __rt_lib_shutdown_user_alloc_1           0x080003bf   Thumb Code     0  libshutdown2.o(.ARM.Collect$$libshutdown$$0000000C)
    __rt_entry                               0x080003c1   Thumb Code     0  __rtentry.o(.ARM.Collect$$rtentry$$00000000)
    __rt_entry_presh_1                       0x080003c1   Thumb Code     0  __rtentry2.o(.ARM.Collect$$rtentry$$00000002)
    __rt_entry_sh                            0x080003c1   Thumb Code     0  __rtentry4.o(.ARM.Collect$$rtentry$$00000004)
    __rt_entry_li                            0x080003c7   Thumb Code     0  __rtentry2.o(.ARM.Collect$$rtentry$$0000000A)
    __rt_entry_postsh_1                      0x080003c7   Thumb Code     0  __rtentry2.o(.ARM.Collect$$rtentry$$00000009)
    __rt_entry_main                          0x080003cb   Thumb Code     0  __rtentry2.o(.ARM.Collect$$rtentry$$0000000D)
    __rt_entry_postli_1                      0x080003cb   Thumb Code     0  __rtentry2.o(.ARM.Collect$$rtentry$$0000000C)
    __rt_exit                                0x080003d3   Thumb Code     0  rtexit.o(.ARM.Collect$$rtexit$$00000000)
    __rt_exit_ls                             0x080003d5   Thumb Code     0  rtexit2.o(.ARM.Collect$$rtexit$$00000003)
    __rt_exit_prels_1                        0x080003d5   Thumb Code     0  rtexit2.o(.ARM.Collect$$rtexit$$00000002)
    __rt_exit_exit                           0x080003d9   Thumb Code     0  rtexit2.o(.ARM.Collect$$rtexit$$00000004)
    Reset_Handler                            0x080003e1   Thumb Code    12  startup_stm32h723xx.o(.text)
    ADC3_IRQHandler                          0x080003ff   Thumb Code     0  startup_stm32h723xx.o(.text)
    ADC_IRQHandler                           0x080003ff   Thumb Code     0  startup_stm32h723xx.o(.text)
    BDMA_Channel0_IRQHandler                 0x080003ff   Thumb Code     0  startup_stm32h723xx.o(.text)
    BDMA_Channel1_IRQHandler                 0x080003ff   Thumb Code     0  startup_stm32h723xx.o(.text)
    BDMA_Channel2_IRQHandler                 0x080003ff   Thumb Code     0  startup_stm32h723xx.o(.text)
    BDMA_Channel3_IRQHandler                 0x080003ff   Thumb Code     0  startup_stm32h723xx.o(.text)
    BDMA_Channel4_IRQHandler                 0x080003ff   Thumb Code     0  startup_stm32h723xx.o(.text)
    BDMA_Channel5_IRQHandler                 0x080003ff   Thumb Code     0  startup_stm32h723xx.o(.text)
    BDMA_Channel6_IRQHandler                 0x080003ff   Thumb Code     0  startup_stm32h723xx.o(.text)
    BDMA_Channel7_IRQHandler                 0x080003ff   Thumb Code     0  startup_stm32h723xx.o(.text)
    CEC_IRQHandler                           0x080003ff   Thumb Code     0  startup_stm32h723xx.o(.text)
    COMP1_IRQHandler                         0x080003ff   Thumb Code     0  startup_stm32h723xx.o(.text)
    CORDIC_IRQHandler                        0x080003ff   Thumb Code     0  startup_stm32h723xx.o(.text)
    CRS_IRQHandler                           0x080003ff   Thumb Code     0  startup_stm32h723xx.o(.text)
    DCMI_PSSI_IRQHandler                     0x080003ff   Thumb Code     0  startup_stm32h723xx.o(.text)
    DFSDM1_FLT0_IRQHandler                   0x080003ff   Thumb Code     0  startup_stm32h723xx.o(.text)
    DFSDM1_FLT1_IRQHandler                   0x080003ff   Thumb Code     0  startup_stm32h723xx.o(.text)
    DFSDM1_FLT2_IRQHandler                   0x080003ff   Thumb Code     0  startup_stm32h723xx.o(.text)
    DFSDM1_FLT3_IRQHandler                   0x080003ff   Thumb Code     0  startup_stm32h723xx.o(.text)
    DMA1_Stream0_IRQHandler                  0x080003ff   Thumb Code     0  startup_stm32h723xx.o(.text)
    DMA1_Stream1_IRQHandler                  0x080003ff   Thumb Code     0  startup_stm32h723xx.o(.text)
    DMA1_Stream2_IRQHandler                  0x080003ff   Thumb Code     0  startup_stm32h723xx.o(.text)
    DMA1_Stream3_IRQHandler                  0x080003ff   Thumb Code     0  startup_stm32h723xx.o(.text)
    DMA1_Stream4_IRQHandler                  0x080003ff   Thumb Code     0  startup_stm32h723xx.o(.text)
    DMA1_Stream5_IRQHandler                  0x080003ff   Thumb Code     0  startup_stm32h723xx.o(.text)
    DMA1_Stream6_IRQHandler                  0x080003ff   Thumb Code     0  startup_stm32h723xx.o(.text)
    DMA1_Stream7_IRQHandler                  0x080003ff   Thumb Code     0  startup_stm32h723xx.o(.text)
    DMA2D_IRQHandler                         0x080003ff   Thumb Code     0  startup_stm32h723xx.o(.text)
    DMA2_Stream0_IRQHandler                  0x080003ff   Thumb Code     0  startup_stm32h723xx.o(.text)
    DMA2_Stream1_IRQHandler                  0x080003ff   Thumb Code     0  startup_stm32h723xx.o(.text)
    DMA2_Stream2_IRQHandler                  0x080003ff   Thumb Code     0  startup_stm32h723xx.o(.text)
    DMA2_Stream3_IRQHandler                  0x080003ff   Thumb Code     0  startup_stm32h723xx.o(.text)
    DMA2_Stream4_IRQHandler                  0x080003ff   Thumb Code     0  startup_stm32h723xx.o(.text)
    DMA2_Stream5_IRQHandler                  0x080003ff   Thumb Code     0  startup_stm32h723xx.o(.text)
    DMA2_Stream6_IRQHandler                  0x080003ff   Thumb Code     0  startup_stm32h723xx.o(.text)
    DMA2_Stream7_IRQHandler                  0x080003ff   Thumb Code     0  startup_stm32h723xx.o(.text)
    DMAMUX1_OVR_IRQHandler                   0x080003ff   Thumb Code     0  startup_stm32h723xx.o(.text)
    DMAMUX2_OVR_IRQHandler                   0x080003ff   Thumb Code     0  startup_stm32h723xx.o(.text)
    DTS_IRQHandler                           0x080003ff   Thumb Code     0  startup_stm32h723xx.o(.text)
    ECC_IRQHandler                           0x080003ff   Thumb Code     0  startup_stm32h723xx.o(.text)
    ETH_IRQHandler                           0x080003ff   Thumb Code     0  startup_stm32h723xx.o(.text)
    ETH_WKUP_IRQHandler                      0x080003ff   Thumb Code     0  startup_stm32h723xx.o(.text)
    EXTI0_IRQHandler                         0x080003ff   Thumb Code     0  startup_stm32h723xx.o(.text)
    EXTI15_10_IRQHandler                     0x080003ff   Thumb Code     0  startup_stm32h723xx.o(.text)
    EXTI1_IRQHandler                         0x080003ff   Thumb Code     0  startup_stm32h723xx.o(.text)
    EXTI2_IRQHandler                         0x080003ff   Thumb Code     0  startup_stm32h723xx.o(.text)
    EXTI3_IRQHandler                         0x080003ff   Thumb Code     0  startup_stm32h723xx.o(.text)
    EXTI4_IRQHandler                         0x080003ff   Thumb Code     0  startup_stm32h723xx.o(.text)
    EXTI9_5_IRQHandler                       0x080003ff   Thumb Code     0  startup_stm32h723xx.o(.text)
    FDCAN1_IT0_IRQHandler                    0x080003ff   Thumb Code     0  startup_stm32h723xx.o(.text)
    FDCAN1_IT1_IRQHandler                    0x080003ff   Thumb Code     0  startup_stm32h723xx.o(.text)
    FDCAN2_IT0_IRQHandler                    0x080003ff   Thumb Code     0  startup_stm32h723xx.o(.text)
    FDCAN2_IT1_IRQHandler                    0x080003ff   Thumb Code     0  startup_stm32h723xx.o(.text)
    FDCAN3_IT0_IRQHandler                    0x080003ff   Thumb Code     0  startup_stm32h723xx.o(.text)
    FDCAN3_IT1_IRQHandler                    0x080003ff   Thumb Code     0  startup_stm32h723xx.o(.text)
    FDCAN_CAL_IRQHandler                     0x080003ff   Thumb Code     0  startup_stm32h723xx.o(.text)
    FLASH_IRQHandler                         0x080003ff   Thumb Code     0  startup_stm32h723xx.o(.text)
    FMAC_IRQHandler                          0x080003ff   Thumb Code     0  startup_stm32h723xx.o(.text)
    FMC_IRQHandler                           0x080003ff   Thumb Code     0  startup_stm32h723xx.o(.text)
    FPU_IRQHandler                           0x080003ff   Thumb Code     0  startup_stm32h723xx.o(.text)
    HSEM1_IRQHandler                         0x080003ff   Thumb Code     0  startup_stm32h723xx.o(.text)
    I2C1_ER_IRQHandler                       0x080003ff   Thumb Code     0  startup_stm32h723xx.o(.text)
    I2C1_EV_IRQHandler                       0x080003ff   Thumb Code     0  startup_stm32h723xx.o(.text)
    I2C2_ER_IRQHandler                       0x080003ff   Thumb Code     0  startup_stm32h723xx.o(.text)
    I2C2_EV_IRQHandler                       0x080003ff   Thumb Code     0  startup_stm32h723xx.o(.text)
    I2C3_ER_IRQHandler                       0x080003ff   Thumb Code     0  startup_stm32h723xx.o(.text)
    I2C3_EV_IRQHandler                       0x080003ff   Thumb Code     0  startup_stm32h723xx.o(.text)
    I2C4_ER_IRQHandler                       0x080003ff   Thumb Code     0  startup_stm32h723xx.o(.text)
    I2C4_EV_IRQHandler                       0x080003ff   Thumb Code     0  startup_stm32h723xx.o(.text)
    I2C5_ER_IRQHandler                       0x080003ff   Thumb Code     0  startup_stm32h723xx.o(.text)
    I2C5_EV_IRQHandler                       0x080003ff   Thumb Code     0  startup_stm32h723xx.o(.text)
    LPTIM1_IRQHandler                        0x080003ff   Thumb Code     0  startup_stm32h723xx.o(.text)
    LPTIM2_IRQHandler                        0x080003ff   Thumb Code     0  startup_stm32h723xx.o(.text)
    LPTIM3_IRQHandler                        0x080003ff   Thumb Code     0  startup_stm32h723xx.o(.text)
    LPTIM4_IRQHandler                        0x080003ff   Thumb Code     0  startup_stm32h723xx.o(.text)
    LPTIM5_IRQHandler                        0x080003ff   Thumb Code     0  startup_stm32h723xx.o(.text)
    LPUART1_IRQHandler                       0x080003ff   Thumb Code     0  startup_stm32h723xx.o(.text)
    LTDC_ER_IRQHandler                       0x080003ff   Thumb Code     0  startup_stm32h723xx.o(.text)
    LTDC_IRQHandler                          0x080003ff   Thumb Code     0  startup_stm32h723xx.o(.text)
    MDIOS_IRQHandler                         0x080003ff   Thumb Code     0  startup_stm32h723xx.o(.text)
    MDIOS_WKUP_IRQHandler                    0x080003ff   Thumb Code     0  startup_stm32h723xx.o(.text)
    MDMA_IRQHandler                          0x080003ff   Thumb Code     0  startup_stm32h723xx.o(.text)
    OCTOSPI1_IRQHandler                      0x080003ff   Thumb Code     0  startup_stm32h723xx.o(.text)
    OCTOSPI2_IRQHandler                      0x080003ff   Thumb Code     0  startup_stm32h723xx.o(.text)
    OTG_HS_EP1_IN_IRQHandler                 0x080003ff   Thumb Code     0  startup_stm32h723xx.o(.text)
    OTG_HS_EP1_OUT_IRQHandler                0x080003ff   Thumb Code     0  startup_stm32h723xx.o(.text)
    OTG_HS_IRQHandler                        0x080003ff   Thumb Code     0  startup_stm32h723xx.o(.text)
    OTG_HS_WKUP_IRQHandler                   0x080003ff   Thumb Code     0  startup_stm32h723xx.o(.text)
    PVD_AVD_IRQHandler                       0x080003ff   Thumb Code     0  startup_stm32h723xx.o(.text)
    RCC_IRQHandler                           0x080003ff   Thumb Code     0  startup_stm32h723xx.o(.text)
    RNG_IRQHandler                           0x080003ff   Thumb Code     0  startup_stm32h723xx.o(.text)
    RTC_Alarm_IRQHandler                     0x080003ff   Thumb Code     0  startup_stm32h723xx.o(.text)
    RTC_WKUP_IRQHandler                      0x080003ff   Thumb Code     0  startup_stm32h723xx.o(.text)
    SAI1_IRQHandler                          0x080003ff   Thumb Code     0  startup_stm32h723xx.o(.text)
    SAI4_IRQHandler                          0x080003ff   Thumb Code     0  startup_stm32h723xx.o(.text)
    SDMMC1_IRQHandler                        0x080003ff   Thumb Code     0  startup_stm32h723xx.o(.text)
    SDMMC2_IRQHandler                        0x080003ff   Thumb Code     0  startup_stm32h723xx.o(.text)
    SPDIF_RX_IRQHandler                      0x080003ff   Thumb Code     0  startup_stm32h723xx.o(.text)
    SPI1_IRQHandler                          0x080003ff   Thumb Code     0  startup_stm32h723xx.o(.text)
    SPI3_IRQHandler                          0x080003ff   Thumb Code     0  startup_stm32h723xx.o(.text)
    SPI4_IRQHandler                          0x080003ff   Thumb Code     0  startup_stm32h723xx.o(.text)
    SPI5_IRQHandler                          0x080003ff   Thumb Code     0  startup_stm32h723xx.o(.text)
    SPI6_IRQHandler                          0x080003ff   Thumb Code     0  startup_stm32h723xx.o(.text)
    SWPMI1_IRQHandler                        0x080003ff   Thumb Code     0  startup_stm32h723xx.o(.text)
    TAMP_STAMP_IRQHandler                    0x080003ff   Thumb Code     0  startup_stm32h723xx.o(.text)
    TIM15_IRQHandler                         0x080003ff   Thumb Code     0  startup_stm32h723xx.o(.text)
    TIM16_IRQHandler                         0x080003ff   Thumb Code     0  startup_stm32h723xx.o(.text)
    TIM17_IRQHandler                         0x080003ff   Thumb Code     0  startup_stm32h723xx.o(.text)
    TIM1_BRK_IRQHandler                      0x080003ff   Thumb Code     0  startup_stm32h723xx.o(.text)
    TIM1_CC_IRQHandler                       0x080003ff   Thumb Code     0  startup_stm32h723xx.o(.text)
    TIM1_TRG_COM_IRQHandler                  0x080003ff   Thumb Code     0  startup_stm32h723xx.o(.text)
    TIM1_UP_IRQHandler                       0x080003ff   Thumb Code     0  startup_stm32h723xx.o(.text)
    TIM23_IRQHandler                         0x080003ff   Thumb Code     0  startup_stm32h723xx.o(.text)
    TIM24_IRQHandler                         0x080003ff   Thumb Code     0  startup_stm32h723xx.o(.text)
    TIM3_IRQHandler                          0x080003ff   Thumb Code     0  startup_stm32h723xx.o(.text)
    TIM4_IRQHandler                          0x080003ff   Thumb Code     0  startup_stm32h723xx.o(.text)
    TIM5_IRQHandler                          0x080003ff   Thumb Code     0  startup_stm32h723xx.o(.text)
    TIM6_DAC_IRQHandler                      0x080003ff   Thumb Code     0  startup_stm32h723xx.o(.text)
    TIM7_IRQHandler                          0x080003ff   Thumb Code     0  startup_stm32h723xx.o(.text)
    TIM8_BRK_TIM12_IRQHandler                0x080003ff   Thumb Code     0  startup_stm32h723xx.o(.text)
    TIM8_CC_IRQHandler                       0x080003ff   Thumb Code     0  startup_stm32h723xx.o(.text)
    TIM8_TRG_COM_TIM14_IRQHandler            0x080003ff   Thumb Code     0  startup_stm32h723xx.o(.text)
    TIM8_UP_TIM13_IRQHandler                 0x080003ff   Thumb Code     0  startup_stm32h723xx.o(.text)
    UART4_IRQHandler                         0x080003ff   Thumb Code     0  startup_stm32h723xx.o(.text)
    UART5_IRQHandler                         0x080003ff   Thumb Code     0  startup_stm32h723xx.o(.text)
    UART7_IRQHandler                         0x080003ff   Thumb Code     0  startup_stm32h723xx.o(.text)
    UART8_IRQHandler                         0x080003ff   Thumb Code     0  startup_stm32h723xx.o(.text)
    UART9_IRQHandler                         0x080003ff   Thumb Code     0  startup_stm32h723xx.o(.text)
    USART10_IRQHandler                       0x080003ff   Thumb Code     0  startup_stm32h723xx.o(.text)
    USART1_IRQHandler                        0x080003ff   Thumb Code     0  startup_stm32h723xx.o(.text)
    USART2_IRQHandler                        0x080003ff   Thumb Code     0  startup_stm32h723xx.o(.text)
    USART3_IRQHandler                        0x080003ff   Thumb Code     0  startup_stm32h723xx.o(.text)
    USART6_IRQHandler                        0x080003ff   Thumb Code     0  startup_stm32h723xx.o(.text)
    WAKEUP_PIN_IRQHandler                    0x080003ff   Thumb Code     0  startup_stm32h723xx.o(.text)
    WWDG_IRQHandler                          0x080003ff   Thumb Code     0  startup_stm32h723xx.o(.text)
    __user_initial_stackheap                 0x08000401   Thumb Code     0  startup_stm32h723xx.o(.text)
    malloc                                   0x08000429   Thumb Code    94  h1_alloc.o(.text)
    __aeabi_memcpy4                          0x08000487   Thumb Code     0  rt_memcpy_w.o(.text)
    __aeabi_memcpy8                          0x08000487   Thumb Code     0  rt_memcpy_w.o(.text)
    __rt_memcpy_w                            0x08000487   Thumb Code   100  rt_memcpy_w.o(.text)
    _memcpy_lastbytes_aligned                0x080004cf   Thumb Code     0  rt_memcpy_w.o(.text)
    __aeabi_memclr4                          0x080004eb   Thumb Code     0  rt_memclr_w.o(.text)
    __aeabi_memclr8                          0x080004eb   Thumb Code     0  rt_memclr_w.o(.text)
    __rt_memclr_w                            0x080004eb   Thumb Code     0  rt_memclr_w.o(.text)
    _memset_w                                0x080004ef   Thumb Code    74  rt_memclr_w.o(.text)
    __use_two_region_memory                  0x08000539   Thumb Code     2  heapauxi.o(.text)
    __rt_heap_escrow                         0x0800053b   Thumb Code     2  heapauxi.o(.text)
    __rt_heap_expand                         0x0800053d   Thumb Code     2  heapauxi.o(.text)
    __rt_heap_descriptor                     0x08000541   Thumb Code     8  rt_heap_descriptor_intlibspace.o(.text)
    __use_no_heap                            0x08000549   Thumb Code     2  hguard.o(.text)
    __heap$guard                             0x0800054b   Thumb Code     2  hguard.o(.text)
    _terminate_user_alloc                    0x0800054d   Thumb Code     2  init_alloc.o(.text)
    _init_user_alloc                         0x0800054f   Thumb Code     2  init_alloc.o(.text)
    __Heap_Full                              0x08000551   Thumb Code    34  init_alloc.o(.text)
    __Heap_Broken                            0x08000573   Thumb Code     6  init_alloc.o(.text)
    _init_alloc                              0x08000579   Thumb Code    94  init_alloc.o(.text)
    __Heap_Initialize                        0x080005d7   Thumb Code     8  h1_init.o(.text)
    __Heap_DescSize                          0x080005df   Thumb Code     4  h1_init.o(.text)
    free                                     0x080005e3   Thumb Code    78  h1_free.o(.text)
    __read_errno                             0x08000631   Thumb Code    10  _rserrno.o(.text)
    __set_errno                              0x0800063b   Thumb Code    12  _rserrno.o(.text)
    __user_libspace                          0x08000649   Thumb Code     8  libspace.o(.text)
    __user_perproc_libspace                  0x08000649   Thumb Code     0  libspace.o(.text)
    __user_perthread_libspace                0x08000649   Thumb Code     0  libspace.o(.text)
    __aeabi_errno_addr                       0x08000651   Thumb Code     8  rt_errno_addr_intlibspace.o(.text)
    __errno$intlibspace                      0x08000651   Thumb Code     0  rt_errno_addr_intlibspace.o(.text)
    __rt_errno_addr$intlibspace              0x08000651   Thumb Code     0  rt_errno_addr_intlibspace.o(.text)
    __Heap_ProvideMemory                     0x08000659   Thumb Code    52  h1_extend.o(.text)
    _maybe_terminate_alloc                   0x08000659   Thumb Code     0  maybetermalloc1.o(.text)
    __rt_SIGRTMEM                            0x0800068d   Thumb Code    14  defsig_rtmem_outer.o(.text)
    __I$use$semihosting                      0x0800069b   Thumb Code     0  use_no_semi.o(.text)
    __use_no_semihosting_swi                 0x0800069b   Thumb Code     2  use_no_semi.o(.text)
    __semihosting_library_function           0x0800069d   Thumb Code     0  indicate_semi.o(.text)
    __user_setup_stackheap                   0x0800069d   Thumb Code    74  sys_stackheap_outer.o(.text)
    exit                                     0x080006e7   Thumb Code    18  exit.o(.text)
    __sig_exit                               0x080006f9   Thumb Code    10  defsig_exit.o(.text)
    __rt_SIGRTMEM_inner                      0x08000705   Thumb Code    22  defsig_rtmem_inner.o(.text)
    _sys_exit                                0x08000755   Thumb Code     8  sys_exit.o(.text)
    __default_signal_display                 0x08000761   Thumb Code    50  defsig_general.o(.text)
    _ttywrch                                 0x08000793   Thumb Code    14  sys_wrch.o(.text)
    BMI088_ACCEL_NS_H                        0x080007a1   Thumb Code    20  bsp_gpio.o(.text.BMI088_ACCEL_NS_H)
    BMI088_ACCEL_NS_L                        0x080007b9   Thumb Code    20  bsp_gpio.o(.text.BMI088_ACCEL_NS_L)
    BMI088_GYRO_NS_H                         0x080007d1   Thumb Code    20  bsp_gpio.o(.text.BMI088_GYRO_NS_H)
    BMI088_GYRO_NS_L                         0x080007e9   Thumb Code    20  bsp_gpio.o(.text.BMI088_GYRO_NS_L)
    BMI088_Info_Update                       0x08000801   Thumb Code   438  bmi088.o(.text.BMI088_Info_Update)
    BMI088_Read_Write_Byte                   0x08000a01   Thumb Code    50  bsp_spi.o(.text.BMI088_Read_Write_Byte)
    BusFault_Handler                         0x08000ae1   Thumb Code     4  stm32h7xx_it.o(.text.BusFault_Handler)
    DebugMon_Handler                         0x08000ae9   Thumb Code     2  stm32h7xx_it.o(.text.DebugMon_Handler)
    Error_Handler                            0x08000af1   Thumb Code    14  main.o(.text.Error_Handler)
    ExitRun0Mode                             0x08000b01   Thumb Code    40  system_stm32h7xx.o(.text.ExitRun0Mode)
    HAL_DMA_Abort_IT                         0x08000b81   Thumb Code  1706  stm32h7xx_hal_dma.o(.text.HAL_DMA_Abort_IT)
    HAL_GPIO_Init                            0x08001231   Thumb Code   936  stm32h7xx_hal_gpio.o(.text.HAL_GPIO_Init)
    HAL_GPIO_WritePin                        0x080015d9   Thumb Code    46  stm32h7xx_hal_gpio.o(.text.HAL_GPIO_WritePin)
    HAL_GetTick                              0x08001609   Thumb Code    12  stm32h7xx_hal.o(.text.HAL_GetTick)
    HAL_IncTick                              0x08001619   Thumb Code    26  stm32h7xx_hal.o(.text.HAL_IncTick)
    HAL_Init                                 0x08001639   Thumb Code   122  stm32h7xx_hal.o(.text.HAL_Init)
    HAL_InitTick                             0x080016b9   Thumb Code   216  stm32h7xx_hal_timebase_tim.o(.text.HAL_InitTick)
    HAL_MPU_ConfigRegion                     0x08001791   Thumb Code   128  stm32h7xx_hal_cortex.o(.text.HAL_MPU_ConfigRegion)
    HAL_MPU_Disable                          0x08001811   Thumb Code    34  stm32h7xx_hal_cortex.o(.text.HAL_MPU_Disable)
    HAL_MPU_Enable                           0x08001839   Thumb Code    48  stm32h7xx_hal_cortex.o(.text.HAL_MPU_Enable)
    HAL_MspInit                              0x08001869   Thumb Code    50  stm32h7xx_hal_msp.o(.text.HAL_MspInit)
    HAL_NVIC_EnableIRQ                       0x080018a1   Thumb Code    20  stm32h7xx_hal_cortex.o(.text.HAL_NVIC_EnableIRQ)
    HAL_NVIC_SetPriority                     0x080018b9   Thumb Code    46  stm32h7xx_hal_cortex.o(.text.HAL_NVIC_SetPriority)
    HAL_NVIC_SetPriorityGrouping             0x080018e9   Thumb Code    16  stm32h7xx_hal_cortex.o(.text.HAL_NVIC_SetPriorityGrouping)
    HAL_PWREx_ConfigSupply                   0x080018f9   Thumb Code   162  stm32h7xx_hal_pwr_ex.o(.text.HAL_PWREx_ConfigSupply)
    HAL_RCCEx_PeriphCLKConfig                0x080019a1   Thumb Code  4076  stm32h7xx_hal_rcc_ex.o(.text.HAL_RCCEx_PeriphCLKConfig)
    HAL_RCC_ClockConfig                      0x08002991   Thumb Code  1176  stm32h7xx_hal_rcc.o(.text.HAL_RCC_ClockConfig)
    HAL_RCC_GetClockConfig                   0x08002e29   Thumb Code   136  stm32h7xx_hal_rcc.o(.text.HAL_RCC_GetClockConfig)
    HAL_RCC_GetHCLKFreq                      0x08002eb1   Thumb Code    86  stm32h7xx_hal_rcc.o(.text.HAL_RCC_GetHCLKFreq)
    HAL_RCC_GetPCLK1Freq                     0x08002f09   Thumb Code    38  stm32h7xx_hal_rcc.o(.text.HAL_RCC_GetPCLK1Freq)
    HAL_RCC_GetSysClockFreq                  0x08002f31   Thumb Code   768  stm32h7xx_hal_rcc.o(.text.HAL_RCC_GetSysClockFreq)
    HAL_RCC_OscConfig                        0x08003241   Thumb Code  2592  stm32h7xx_hal_rcc.o(.text.HAL_RCC_OscConfig)
    HAL_SPI_ErrorCallback                    0x08003c61   Thumb Code     8  stm32h7xx_hal_spi.o(.text.HAL_SPI_ErrorCallback)
    HAL_SPI_IRQHandler                       0x08003c69   Thumb Code   912  stm32h7xx_hal_spi.o(.text.HAL_SPI_IRQHandler)
    HAL_SPI_Init                             0x08003ff9   Thumb Code   658  stm32h7xx_hal_spi.o(.text.HAL_SPI_Init)
    HAL_SPI_MspInit                          0x08004291   Thumb Code   306  spi.o(.text.HAL_SPI_MspInit)
    HAL_SPI_RxCpltCallback                   0x080043c9   Thumb Code     8  stm32h7xx_hal_spi.o(.text.HAL_SPI_RxCpltCallback)
    HAL_SPI_SuspendCallback                  0x080043d1   Thumb Code     8  stm32h7xx_hal_spi.o(.text.HAL_SPI_SuspendCallback)
    HAL_SPI_TransmitReceive                  0x080043d9   Thumb Code  1796  stm32h7xx_hal_spi.o(.text.HAL_SPI_TransmitReceive)
    HAL_SPI_TxCpltCallback                   0x08004ae1   Thumb Code     8  stm32h7xx_hal_spi.o(.text.HAL_SPI_TxCpltCallback)
    HAL_SPI_TxRxCpltCallback                 0x08004ae9   Thumb Code     8  stm32h7xx_hal_spi.o(.text.HAL_SPI_TxRxCpltCallback)
    HAL_TIMEx_Break2Callback                 0x08004af1   Thumb Code     8  stm32h7xx_hal_tim_ex.o(.text.HAL_TIMEx_Break2Callback)
    HAL_TIMEx_BreakCallback                  0x08004af9   Thumb Code     8  stm32h7xx_hal_tim_ex.o(.text.HAL_TIMEx_BreakCallback)
    HAL_TIMEx_CommutCallback                 0x08004b01   Thumb Code     8  stm32h7xx_hal_tim_ex.o(.text.HAL_TIMEx_CommutCallback)
    HAL_TIMEx_MasterConfigSynchronization    0x08004b09   Thumb Code   380  stm32h7xx_hal_tim_ex.o(.text.HAL_TIMEx_MasterConfigSynchronization)
    HAL_TIM_Base_Init                        0x08004c89   Thumb Code   168  stm32h7xx_hal_tim.o(.text.HAL_TIM_Base_Init)
    HAL_TIM_Base_MspInit                     0x08004d31   Thumb Code     8  stm32h7xx_hal_tim.o(.text.HAL_TIM_Base_MspInit)
    HAL_TIM_Base_Start_IT                    0x08004d39   Thumb Code   296  stm32h7xx_hal_tim.o(.text.HAL_TIM_Base_Start_IT)
    HAL_TIM_IC_CaptureCallback               0x08004e61   Thumb Code     8  stm32h7xx_hal_tim.o(.text.HAL_TIM_IC_CaptureCallback)
    HAL_TIM_IRQHandler                       0x08004e69   Thumb Code   592  stm32h7xx_hal_tim.o(.text.HAL_TIM_IRQHandler)
    HAL_TIM_MspPostInit                      0x080050b9   Thumb Code   100  tim.o(.text.HAL_TIM_MspPostInit)
    HAL_TIM_OC_DelayElapsedCallback          0x08005121   Thumb Code     8  stm32h7xx_hal_tim.o(.text.HAL_TIM_OC_DelayElapsedCallback)
    HAL_TIM_PWM_ConfigChannel                0x08005129   Thumb Code   432  stm32h7xx_hal_tim.o(.text.HAL_TIM_PWM_ConfigChannel)
    HAL_TIM_PWM_Init                         0x080052d9   Thumb Code   168  stm32h7xx_hal_tim.o(.text.HAL_TIM_PWM_Init)
    HAL_TIM_PWM_MspInit                      0x08005381   Thumb Code    58  tim.o(.text.HAL_TIM_PWM_MspInit)
    HAL_TIM_PWM_PulseFinishedCallback        0x080053c1   Thumb Code     8  stm32h7xx_hal_tim.o(.text.HAL_TIM_PWM_PulseFinishedCallback)
    HAL_TIM_PeriodElapsedCallback            0x080053c9   Thumb Code    28  main.o(.text.HAL_TIM_PeriodElapsedCallback)
    HAL_TIM_TriggerCallback                  0x080053e9   Thumb Code     8  stm32h7xx_hal_tim.o(.text.HAL_TIM_TriggerCallback)
    HardFault_Handler                        0x080053f1   Thumb Code     4  stm32h7xx_it.o(.text.HardFault_Handler)
    Heat_Power_Control                       0x080053f9   Thumb Code    30  bsp_pwm.o(.text.Heat_Power_Control)
    INS_Task                                 0x08005791   Thumb Code   464  ins_task.o(.text.INS_Task)
    Kalman_Filter_Init                       0x08005a11   Thumb Code  1358  kalman_filter.o(.text.Kalman_Filter_Init)
    Kalman_Filter_Update                     0x080061b9   Thumb Code   212  kalman_filter.o(.text.Kalman_Filter_Update)
    LowPassFilter1p_Init                     0x080063e9   Thumb Code    28  lpf.o(.text.LowPassFilter1p_Init)
    LowPassFilter1p_Update                   0x08006409   Thumb Code    82  lpf.o(.text.LowPassFilter1p_Update)
    LowPassFilter2p_Init                     0x08006461   Thumb Code    40  lpf.o(.text.LowPassFilter2p_Init)
    LowPassFilter2p_Update                   0x08006489   Thumb Code   114  lpf.o(.text.LowPassFilter2p_Update)
    MX_FREERTOS_Init                         0x08006561   Thumb Code    70  freertos.o(.text.MX_FREERTOS_Init)
    MX_GPIO_Init                             0x080065a9   Thumb Code   288  gpio.o(.text.MX_GPIO_Init)
    MX_SPI2_Init                             0x080066c9   Thumb Code   114  spi.o(.text.MX_SPI2_Init)
    MX_TIM3_Init                             0x08006741   Thumb Code   158  tim.o(.text.MX_TIM3_Init)
    MemManage_Handler                        0x080067e1   Thumb Code     4  stm32h7xx_it.o(.text.MemManage_Handler)
    NMI_Handler                              0x080067e9   Thumb Code     4  stm32h7xx_it.o(.text.NMI_Handler)
    PID_Calculate                            0x08006889   Thumb Code   780  pid.o(.text.PID_Calculate)
    PID_Init                                 0x08006bc9   Thumb Code    68  pid.o(.text.PID_Init)
    PendSV_Handler                           0x08006cc1   Thumb Code   100  port.o(.text.PendSV_Handler)
    QuaternionEKF_Init                       0x080072a1   Thumb Code   254  quaternion.o(.text.QuaternionEKF_Init)
    QuaternionEKF_Update                     0x080073a1   Thumb Code  1096  quaternion.o(.text.QuaternionEKF_Update)
    SPI2_IRQHandler                          0x08008001   Thumb Code    16  stm32h7xx_it.o(.text.SPI2_IRQHandler)
    SVC_Handler                              0x080081f1   Thumb Code    36  port.o(.text.SVC_Handler)
    SysTick_Handler                          0x08008219   Thumb Code    60  port.o(.text.SysTick_Handler)
    SystemClock_Config                       0x08008259   Thumb Code   202  main.o(.text.SystemClock_Config)
    SystemInit                               0x08008329   Thumb Code   358  system_stm32h7xx.o(.text.SystemInit)
    TIM2_IRQHandler                          0x08008491   Thumb Code    16  stm32h7xx_it.o(.text.TIM2_IRQHandler)
    TIM_Base_SetConfig                       0x080084a1   Thumb Code   452  stm32h7xx_hal_tim.o(.text.TIM_Base_SetConfig)
    TIM_OC2_SetConfig                        0x080087b9   Thumb Code   364  stm32h7xx_hal_tim.o(.text.TIM_OC2_SetConfig)
    USER_Tim_SetCompare                      0x08008d21   Thumb Code    92  bsp_pwm.o(.text.USER_Tim_SetCompare)
    UsageFault_Handler                       0x08008d81   Thumb Code     4  stm32h7xx_it.o(.text.UsageFault_Handler)
    arm_mat_add_f32                          0x08008e85   Thumb Code   190  arm_mat_add_f32.o(.text.arm_mat_add_f32)
    arm_mat_init_f32                         0x08008f43   Thumb Code     8  arm_mat_init_f32.o(.text.arm_mat_init_f32)
    arm_mat_inverse_f32                      0x08008f4d   Thumb Code   716  arm_mat_inverse_f32.o(.text.arm_mat_inverse_f32)
    arm_mat_mult_f32                         0x08009219   Thumb Code   304  arm_mat_mult_f32.o(.text.arm_mat_mult_f32)
    arm_mat_sub_f32                          0x08009349   Thumb Code   190  arm_mat_sub_f32.o(.text.arm_mat_sub_f32)
    arm_mat_trans_f32                        0x08009409   Thumb Code   180  arm_mat_trans_f32.o(.text.arm_mat_trans_f32)
    main                                     0x080094d9   Thumb Code   260  main.o(.text.main)
    osDelayUntil                             0x08009609   Thumb Code    12  cmsis_os.o(.text.osDelayUntil)
    osKernelStart                            0x08009619   Thumb Code    10  cmsis_os.o(.text.osKernelStart)
    osKernelSysTick                          0x08009629   Thumb Code    34  cmsis_os.o(.text.osKernelSysTick)
    osThreadCreate                           0x08009651   Thumb Code   172  cmsis_os.o(.text.osThreadCreate)
    pvPortMalloc                             0x08009cf9   Thumb Code   492  heap_4.o(.text.pvPortMalloc)
    pxPortInitialiseStack                    0x08009ee9   Thumb Code    94  port.o(.text.pxPortInitialiseStack)
    uxListRemove                             0x08009f49   Thumb Code    72  list.o(.text.uxListRemove)
    vApplicationGetIdleTaskMemory            0x08009f91   Thumb Code    42  freertos.o(.text.vApplicationGetIdleTaskMemory)
    vListInitialise                          0x08009fc1   Thumb Code    46  list.o(.text.vListInitialise)
    vListInitialiseItem                      0x08009ff1   Thumb Code    14  list.o(.text.vListInitialiseItem)
    vListInsertEnd                           0x0800a001   Thumb Code    58  list.o(.text.vListInsertEnd)
    vPortEnterCritical                       0x0800a059   Thumb Code    86  port.o(.text.vPortEnterCritical)
    vPortExitCritical                        0x0800a0b1   Thumb Code    74  port.o(.text.vPortExitCritical)
    vPortFree                                0x0800a101   Thumb Code   206  heap_4.o(.text.vPortFree)
    vPortSetupTimerInterrupt                 0x0800a1d1   Thumb Code    68  port.o(.text.vPortSetupTimerInterrupt)
    vPortValidateInterruptPriority           0x0800a219   Thumb Code   132  port.o(.text.vPortValidateInterruptPriority)
    vTaskStartScheduler                      0x0800a2a1   Thumb Code   206  tasks.o(.text.vTaskStartScheduler)
    vTaskSuspendAll                          0x0800a371   Thumb Code    16  tasks.o(.text.vTaskSuspendAll)
    vTaskSwitchContext                       0x0800a381   Thumb Code   190  tasks.o(.text.vTaskSwitchContext)
    xPortStartScheduler                      0x0800a441   Thumb Code   342  port.o(.text.xPortStartScheduler)
    xTaskCreate                              0x0800a599   Thumb Code   158  tasks.o(.text.xTaskCreate)
    xTaskCreateStatic                        0x0800a639   Thumb Code   206  tasks.o(.text.xTaskCreateStatic)
    xTaskGetTickCount                        0x0800a709   Thumb Code    20  tasks.o(.text.xTaskGetTickCount)
    xTaskGetTickCountFromISR                 0x0800a721   Thumb Code    30  tasks.o(.text.xTaskGetTickCountFromISR)
    xTaskIncrementTick                       0x0800a741   Thumb Code   440  tasks.o(.text.xTaskIncrementTick)
    xTaskResumeAll                           0x0800a8f9   Thumb Code   376  tasks.o(.text.xTaskResumeAll)
    __ARM_fpclassifyf                        0x0800aa71   Thumb Code    38  fpclassifyf.o(i.__ARM_fpclassifyf)
    __hardfp_acosf                           0x0800aa99   Thumb Code   234  acosf.o(i.__hardfp_acosf)
    __hardfp_asinf                           0x0800abb1   Thumb Code   258  asinf.o(i.__hardfp_asinf)
    __hardfp_atan2f                          0x0800acdd   Thumb Code   594  atan2f.o(i.__hardfp_atan2f)
    __mathlib_flt_infnan                     0x0800af89   Thumb Code     6  funder.o(i.__mathlib_flt_infnan)
    __mathlib_flt_infnan2                    0x0800af8f   Thumb Code     6  funder.o(i.__mathlib_flt_infnan2)
    __mathlib_flt_invalid                    0x0800af95   Thumb Code    10  funder.o(i.__mathlib_flt_invalid)
    __mathlib_flt_underflow                  0x0800afa5   Thumb Code    10  funder.o(i.__mathlib_flt_underflow)
    sqrtf                                    0x0800afb5   Thumb Code    62  sqrtf.o(i.sqrtf)
    _fp_init                                 0x0800aff3   Thumb Code    26  fpinit.o(x$fpl$fpinit)
    __fplib_config_fpu_vfp                   0x0800b00b   Thumb Code     0  fpinit.o(x$fpl$fpinit)
    __fplib_config_pureend_doubles           0x0800b00b   Thumb Code     0  fpinit.o(x$fpl$fpinit)
    __I$use$fp                               0x0800b00c   Number         0  usenofp.o(x$fpl$usenofp)
    D1CorePrescTable                         0x0800b028   Data          16  system_stm32h7xx.o(.rodata.D1CorePrescTable)
    Region$$Table$$Base                      0x0800b04c   Number         0  anon$$obj.o(Region$$Table)
    Region$$Table$$Limit                     0x0800b07c   Number         0  anon$$obj.o(Region$$Table)
    SystemCoreClock                          0x24000134   Data           4  system_stm32h7xx.o(.data.SystemCoreClock)
    SystemD2Clock                            0x24000138   Data           4  system_stm32h7xx.o(.data.SystemD2Clock)
    uwTickFreq                               0x24000158   Data           1  stm32h7xx_hal.o(.data.uwTickFreq)
    uwTickPrio                               0x2400015c   Data           4  stm32h7xx_hal.o(.data.uwTickPrio)
    __libspace_start                         0x24000168   Data          96  libspace.o(.bss)
    BMI088_Info                              0x240001c8   Data          60  bmi088.o(.bss.BMI088_Info)
    __temporary_stack_top$libspace           0x240001c8   Data           0  libspace.o(.bss)
    INS_AccelPF2p                            0x24000204   Data          96  ins_task.o(.bss.INS_AccelPF2p)
    INS_Info                                 0x24000264   Data         108  ins_task.o(.bss.INS_Info)
    Quaternion_Info                          0x240002d0   Data         420  quaternion.o(.bss.Quaternion_Info)
    Start_INS_TaskBuffer                     0x24000474   Data        8192  freertos.o(.bss.Start_INS_TaskBuffer)
    Start_INS_TaskControlBlock               0x24002474   Data          84  freertos.o(.bss.Start_INS_TaskControlBlock)
    Start_INS_TaskHandle                     0x240024c8   Data           4  freertos.o(.bss.Start_INS_TaskHandle)
    TempCtrl_PID                             0x240024cc   Data         100  ins_task.o(.bss.TempCtrl_PID)
    hspi2                                    0x24002530   Data         136  spi.o(.bss.hspi2)
    htim2                                    0x240025b8   Data          76  stm32h7xx_hal_timebase_tim.o(.bss.htim2)
    htim3                                    0x24002604   Data          76  tim.o(.bss.htim3)
    pxCurrentTCB                             0x24002650   Data           4  tasks.o(.bss.pxCurrentTCB)
    uwTick                                   0x240026f4   Data           4  stm32h7xx_hal.o(.bss.uwTick)



==============================================================================

Memory Map of the image

  Image Entry point : 0x080002cd

  Load Region LR_IROM1 (Base: 0x08000000, Size: 0x0000b1e8, Max: 0x00100000, ABSOLUTE, COMPRESSED[0x0000b0d0])

    Execution Region ER_IROM1 (Exec base: 0x08000000, Load base: 0x08000000, Size: 0x0000b07c, Max: 0x00100000, ABSOLUTE)

    Exec Addr    Load Addr    Size         Type   Attr      Idx    E Section Name        Object

    0x08000000   0x08000000   0x000002cc   Data   RO          203    RESET               startup_stm32h723xx.o
    0x080002cc   0x080002cc   0x00000008   Code   RO         2335  * !!!main             c_w.l(__main.o)
    0x080002d4   0x080002d4   0x0000005c   Code   RO         2600    !!!scatter          c_w.l(__scatter.o)
    0x08000330   0x08000330   0x0000005a   Code   RO         2598    !!dczerorl2         c_w.l(__dczerorl2.o)
    0x0800038a   0x0800038a   0x00000002   PAD
    0x0800038c   0x0800038c   0x00000002   Code   RO         2601    !!handler_null      c_w.l(__scatter.o)
    0x0800038e   0x0800038e   0x00000002   PAD
    0x08000390   0x08000390   0x0000001c   Code   RO         2604    !!handler_zi        c_w.l(__scatter_zi.o)
    0x080003ac   0x080003ac   0x00000002   Code   RO         2533    .ARM.Collect$$libinit$$00000000  c_w.l(libinit.o)
    0x080003ae   0x080003ae   0x00000004   Code   RO         2393    .ARM.Collect$$libinit$$00000001  c_w.l(libinit2.o)
    0x080003b2   0x080003b2   0x00000000   Code   RO         2396    .ARM.Collect$$libinit$$00000004  c_w.l(libinit2.o)
    0x080003b2   0x080003b2   0x00000000   Code   RO         2398    .ARM.Collect$$libinit$$00000006  c_w.l(libinit2.o)
    0x080003b2   0x080003b2   0x00000008   Code   RO         2399    .ARM.Collect$$libinit$$00000007  c_w.l(libinit2.o)
    0x080003ba   0x080003ba   0x00000000   Code   RO         2401    .ARM.Collect$$libinit$$0000000C  c_w.l(libinit2.o)
    0x080003ba   0x080003ba   0x00000000   Code   RO         2403    .ARM.Collect$$libinit$$0000000E  c_w.l(libinit2.o)
    0x080003ba   0x080003ba   0x00000000   Code   RO         2405    .ARM.Collect$$libinit$$00000010  c_w.l(libinit2.o)
    0x080003ba   0x080003ba   0x00000000   Code   RO         2408    .ARM.Collect$$libinit$$00000013  c_w.l(libinit2.o)
    0x080003ba   0x080003ba   0x00000000   Code   RO         2410    .ARM.Collect$$libinit$$00000015  c_w.l(libinit2.o)
    0x080003ba   0x080003ba   0x00000000   Code   RO         2412    .ARM.Collect$$libinit$$00000017  c_w.l(libinit2.o)
    0x080003ba   0x080003ba   0x00000000   Code   RO         2414    .ARM.Collect$$libinit$$00000019  c_w.l(libinit2.o)
    0x080003ba   0x080003ba   0x00000000   Code   RO         2416    .ARM.Collect$$libinit$$0000001B  c_w.l(libinit2.o)
    0x080003ba   0x080003ba   0x00000000   Code   RO         2418    .ARM.Collect$$libinit$$0000001D  c_w.l(libinit2.o)
    0x080003ba   0x080003ba   0x00000000   Code   RO         2420    .ARM.Collect$$libinit$$0000001F  c_w.l(libinit2.o)
    0x080003ba   0x080003ba   0x00000000   Code   RO         2422    .ARM.Collect$$libinit$$00000021  c_w.l(libinit2.o)
    0x080003ba   0x080003ba   0x00000000   Code   RO         2424    .ARM.Collect$$libinit$$00000023  c_w.l(libinit2.o)
    0x080003ba   0x080003ba   0x00000000   Code   RO         2426    .ARM.Collect$$libinit$$00000025  c_w.l(libinit2.o)
    0x080003ba   0x080003ba   0x00000000   Code   RO         2428    .ARM.Collect$$libinit$$00000027  c_w.l(libinit2.o)
    0x080003ba   0x080003ba   0x00000000   Code   RO         2432    .ARM.Collect$$libinit$$0000002E  c_w.l(libinit2.o)
    0x080003ba   0x080003ba   0x00000000   Code   RO         2434    .ARM.Collect$$libinit$$00000030  c_w.l(libinit2.o)
    0x080003ba   0x080003ba   0x00000000   Code   RO         2436    .ARM.Collect$$libinit$$00000032  c_w.l(libinit2.o)
    0x080003ba   0x080003ba   0x00000000   Code   RO         2438    .ARM.Collect$$libinit$$00000034  c_w.l(libinit2.o)
    0x080003ba   0x080003ba   0x00000002   Code   RO         2439    .ARM.Collect$$libinit$$00000035  c_w.l(libinit2.o)
    0x080003bc   0x080003bc   0x00000002   Code   RO         2595    .ARM.Collect$$libshutdown$$00000000  c_w.l(libshutdown.o)
    0x080003be   0x080003be   0x00000000   Code   RO         2549    .ARM.Collect$$libshutdown$$00000002  c_w.l(libshutdown2.o)
    0x080003be   0x080003be   0x00000000   Code   RO         2551    .ARM.Collect$$libshutdown$$00000004  c_w.l(libshutdown2.o)
    0x080003be   0x080003be   0x00000000   Code   RO         2554    .ARM.Collect$$libshutdown$$00000007  c_w.l(libshutdown2.o)
    0x080003be   0x080003be   0x00000000   Code   RO         2557    .ARM.Collect$$libshutdown$$0000000A  c_w.l(libshutdown2.o)
    0x080003be   0x080003be   0x00000000   Code   RO         2559    .ARM.Collect$$libshutdown$$0000000C  c_w.l(libshutdown2.o)
    0x080003be   0x080003be   0x00000000   Code   RO         2562    .ARM.Collect$$libshutdown$$0000000F  c_w.l(libshutdown2.o)
    0x080003be   0x080003be   0x00000002   Code   RO         2563    .ARM.Collect$$libshutdown$$00000010  c_w.l(libshutdown2.o)
    0x080003c0   0x080003c0   0x00000000   Code   RO         2357    .ARM.Collect$$rtentry$$00000000  c_w.l(__rtentry.o)
    0x080003c0   0x080003c0   0x00000000   Code   RO         2471    .ARM.Collect$$rtentry$$00000002  c_w.l(__rtentry2.o)
    0x080003c0   0x080003c0   0x00000006   Code   RO         2483    .ARM.Collect$$rtentry$$00000004  c_w.l(__rtentry4.o)
    0x080003c6   0x080003c6   0x00000000   Code   RO         2473    .ARM.Collect$$rtentry$$00000009  c_w.l(__rtentry2.o)
    0x080003c6   0x080003c6   0x00000004   Code   RO         2474    .ARM.Collect$$rtentry$$0000000A  c_w.l(__rtentry2.o)
    0x080003ca   0x080003ca   0x00000000   Code   RO         2476    .ARM.Collect$$rtentry$$0000000C  c_w.l(__rtentry2.o)
    0x080003ca   0x080003ca   0x00000008   Code   RO         2477    .ARM.Collect$$rtentry$$0000000D  c_w.l(__rtentry2.o)
    0x080003d2   0x080003d2   0x00000002   Code   RO         2538    .ARM.Collect$$rtexit$$00000000  c_w.l(rtexit.o)
    0x080003d4   0x080003d4   0x00000000   Code   RO         2569    .ARM.Collect$$rtexit$$00000002  c_w.l(rtexit2.o)
    0x080003d4   0x080003d4   0x00000004   Code   RO         2570    .ARM.Collect$$rtexit$$00000003  c_w.l(rtexit2.o)
    0x080003d8   0x080003d8   0x00000006   Code   RO         2571    .ARM.Collect$$rtexit$$00000004  c_w.l(rtexit2.o)
    0x080003de   0x080003de   0x00000002   PAD
    0x080003e0   0x080003e0   0x00000048   Code   RO          204    .text               startup_stm32h723xx.o
    0x08000428   0x08000428   0x0000005e   Code   RO         2271    .text               c_w.l(h1_alloc.o)
    0x08000486   0x08000486   0x00000064   Code   RO         2327    .text               c_w.l(rt_memcpy_w.o)
    0x080004ea   0x080004ea   0x0000004e   Code   RO         2331    .text               c_w.l(rt_memclr_w.o)
    0x08000538   0x08000538   0x00000006   Code   RO         2333    .text               c_w.l(heapauxi.o)
    0x0800053e   0x0800053e   0x00000002   PAD
    0x08000540   0x08000540   0x00000008   Code   RO         2361    .text               c_w.l(rt_heap_descriptor_intlibspace.o)
    0x08000548   0x08000548   0x00000004   Code   RO         2363    .text               c_w.l(hguard.o)
    0x0800054c   0x0800054c   0x0000008a   Code   RO         2365    .text               c_w.l(init_alloc.o)
    0x080005d6   0x080005d6   0x0000000c   Code   RO         2371    .text               c_w.l(h1_init.o)
    0x080005e2   0x080005e2   0x0000004e   Code   RO         2373    .text               c_w.l(h1_free.o)
    0x08000630   0x08000630   0x00000016   Code   RO         2387    .text               c_w.l(_rserrno.o)
    0x08000646   0x08000646   0x00000002   PAD
    0x08000648   0x08000648   0x00000008   Code   RO         2467    .text               c_w.l(libspace.o)
    0x08000650   0x08000650   0x00000008   Code   RO         2488    .text               c_w.l(rt_errno_addr_intlibspace.o)
    0x08000658   0x08000658   0x00000000   Code   RO         2492    .text               c_w.l(maybetermalloc1.o)
    0x08000658   0x08000658   0x00000034   Code   RO         2494    .text               c_w.l(h1_extend.o)
    0x0800068c   0x0800068c   0x0000000e   Code   RO         2498    .text               c_w.l(defsig_rtmem_outer.o)
    0x0800069a   0x0800069a   0x00000002   Code   RO         2509    .text               c_w.l(use_no_semi.o)
    0x0800069c   0x0800069c   0x00000000   Code   RO         2511    .text               c_w.l(indicate_semi.o)
    0x0800069c   0x0800069c   0x0000004a   Code   RO         2512    .text               c_w.l(sys_stackheap_outer.o)
    0x080006e6   0x080006e6   0x00000012   Code   RO         2518    .text               c_w.l(exit.o)
    0x080006f8   0x080006f8   0x0000000a   Code   RO         2520    .text               c_w.l(defsig_exit.o)
    0x08000702   0x08000702   0x00000002   PAD
    0x08000704   0x08000704   0x00000050   Code   RO         2522    .text               c_w.l(defsig_rtmem_inner.o)
    0x08000754   0x08000754   0x0000000c   Code   RO         2534    .text               c_w.l(sys_exit.o)
    0x08000760   0x08000760   0x00000032   Code   RO         2546    .text               c_w.l(defsig_general.o)
    0x08000792   0x08000792   0x0000000e   Code   RO         2564    .text               c_w.l(sys_wrch.o)
    0x080007a0   0x080007a0   0x00000014   Code   RO           64    .text.BMI088_ACCEL_NS_H  bsp_gpio.o
    0x080007b4   0x080007b4   0x00000004   PAD
    0x080007b8   0x080007b8   0x00000014   Code   RO           62    .text.BMI088_ACCEL_NS_L  bsp_gpio.o
    0x080007cc   0x080007cc   0x00000004   PAD
    0x080007d0   0x080007d0   0x00000014   Code   RO           68    .text.BMI088_GYRO_NS_H  bsp_gpio.o
    0x080007e4   0x080007e4   0x00000004   PAD
    0x080007e8   0x080007e8   0x00000014   Code   RO           66    .text.BMI088_GYRO_NS_L  bsp_gpio.o
    0x080007fc   0x080007fc   0x00000004   PAD
    0x08000800   0x08000800   0x000001b6   Code   RO           40    .text.BMI088_Info_Update  bmi088.o
    0x080009b6   0x080009b6   0x00000002   PAD
    0x080009b8   0x080009b8   0x00000044   Code   RO           42    .text.BMI088_Read_Multi_Reg  bmi088.o
    0x080009fc   0x080009fc   0x00000004   PAD
    0x08000a00   0x08000a00   0x00000032   Code   RO           90    .text.BMI088_Read_Write_Byte  bsp_spi.o
    0x08000a32   0x08000a32   0x00000006   PAD
    0x08000a38   0x08000a38   0x000000a4   Code   RO            8    .text.BMI088_Temp_Control  ins_task.o
    0x08000adc   0x08000adc   0x00000004   PAD
    0x08000ae0   0x08000ae0   0x00000004   Code   RO          294    .text.BusFault_Handler  stm32h7xx_it.o
    0x08000ae4   0x08000ae4   0x00000004   PAD
    0x08000ae8   0x08000ae8   0x00000002   Code   RO          298    .text.DebugMon_Handler  stm32h7xx_it.o
    0x08000aea   0x08000aea   0x00000006   PAD
    0x08000af0   0x08000af0   0x0000000e   Code   RO          217    .text.Error_Handler  main.o
    0x08000afe   0x08000afe   0x00000002   PAD
    0x08000b00   0x08000b00   0x00000028   Code   RO         1710    .text.ExitRun0Mode  system_stm32h7xx.o
    0x08000b28   0x08000b28   0x00000056   Code   RO          190    .text.Fast_InverseSqrt  quaternion.o
    0x08000b7e   0x08000b7e   0x00000002   PAD
    0x08000b80   0x08000b80   0x000006aa   Code   RO         1035    .text.HAL_DMA_Abort_IT  stm32h7xx_hal_dma.o
    0x0800122a   0x0800122a   0x00000006   PAD
    0x08001230   0x08001230   0x000003a8   Code   RO          963    .text.HAL_GPIO_Init  stm32h7xx_hal_gpio.o
    0x080015d8   0x080015d8   0x0000002e   Code   RO          969    .text.HAL_GPIO_WritePin  stm32h7xx_hal_gpio.o
    0x08001606   0x08001606   0x00000002   PAD
    0x08001608   0x08001608   0x0000000c   Code   RO         1267    .text.HAL_GetTick   stm32h7xx_hal.o
    0x08001614   0x08001614   0x00000004   PAD
    0x08001618   0x08001618   0x0000001a   Code   RO         1265    .text.HAL_IncTick   stm32h7xx_hal.o
    0x08001632   0x08001632   0x00000006   PAD
    0x08001638   0x08001638   0x0000007a   Code   RO         1255    .text.HAL_Init      stm32h7xx_hal.o
    0x080016b2   0x080016b2   0x00000006   PAD
    0x080016b8   0x080016b8   0x000000d8   Code   RO          319    .text.HAL_InitTick  stm32h7xx_hal_timebase_tim.o
    0x08001790   0x08001790   0x00000080   Code   RO          721    .text.HAL_MPU_ConfigRegion  stm32h7xx_hal_cortex.o
    0x08001810   0x08001810   0x00000022   Code   RO          713    .text.HAL_MPU_Disable  stm32h7xx_hal_cortex.o
    0x08001832   0x08001832   0x00000006   PAD
    0x08001838   0x08001838   0x00000030   Code   RO          715    .text.HAL_MPU_Enable  stm32h7xx_hal_cortex.o
    0x08001868   0x08001868   0x00000032   Code   RO          311    .text.HAL_MspInit   stm32h7xx_hal_msp.o
    0x0800189a   0x0800189a   0x00000006   PAD
    0x080018a0   0x080018a0   0x00000014   Code   RO          697    .text.HAL_NVIC_EnableIRQ  stm32h7xx_hal_cortex.o
    0x080018b4   0x080018b4   0x00000004   PAD
    0x080018b8   0x080018b8   0x0000002e   Code   RO          689    .text.HAL_NVIC_SetPriority  stm32h7xx_hal_cortex.o
    0x080018e6   0x080018e6   0x00000002   PAD
    0x080018e8   0x080018e8   0x00000010   Code   RO          685    .text.HAL_NVIC_SetPriorityGrouping  stm32h7xx_hal_cortex.o
    0x080018f8   0x080018f8   0x000000a2   Code   RO         1172    .text.HAL_PWREx_ConfigSupply  stm32h7xx_hal_pwr_ex.o
    0x0800199a   0x0800199a   0x00000006   PAD
    0x080019a0   0x080019a0   0x00000fec   Code   RO          797    .text.HAL_RCCEx_PeriphCLKConfig  stm32h7xx_hal_rcc_ex.o
    0x0800298c   0x0800298c   0x00000004   PAD
    0x08002990   0x08002990   0x00000498   Code   RO          766    .text.HAL_RCC_ClockConfig  stm32h7xx_hal_rcc.o
    0x08002e28   0x08002e28   0x00000088   Code   RO          784    .text.HAL_RCC_GetClockConfig  stm32h7xx_hal_rcc.o
    0x08002eb0   0x08002eb0   0x00000056   Code   RO          776    .text.HAL_RCC_GetHCLKFreq  stm32h7xx_hal_rcc.o
    0x08002f06   0x08002f06   0x00000002   PAD
    0x08002f08   0x08002f08   0x00000026   Code   RO          778    .text.HAL_RCC_GetPCLK1Freq  stm32h7xx_hal_rcc.o
    0x08002f2e   0x08002f2e   0x00000002   PAD
    0x08002f30   0x08002f30   0x00000310   Code   RO          768    .text.HAL_RCC_GetSysClockFreq  stm32h7xx_hal_rcc.o
    0x08003240   0x08003240   0x00000a20   Code   RO          764    .text.HAL_RCC_OscConfig  stm32h7xx_hal_rcc.o
    0x08003c60   0x08003c60   0x00000008   Code   RO         1666    .text.HAL_SPI_ErrorCallback  stm32h7xx_hal_spi.o
    0x08003c68   0x08003c68   0x00000390   Code   RO         1662    .text.HAL_SPI_IRQHandler  stm32h7xx_hal_spi.o
    0x08003ff8   0x08003ff8   0x00000292   Code   RO         1586    .text.HAL_SPI_Init  stm32h7xx_hal_spi.o
    0x0800428a   0x0800428a   0x00000006   PAD
    0x08004290   0x08004290   0x00000132   Code   RO          260    .text.HAL_SPI_MspInit  spi.o
    0x080043c2   0x080043c2   0x00000006   PAD
    0x080043c8   0x080043c8   0x00000008   Code   RO         1670    .text.HAL_SPI_RxCpltCallback  stm32h7xx_hal_spi.o
    0x080043d0   0x080043d0   0x00000008   Code   RO         1664    .text.HAL_SPI_SuspendCallback  stm32h7xx_hal_spi.o
    0x080043d8   0x080043d8   0x00000704   Code   RO         1604    .text.HAL_SPI_TransmitReceive  stm32h7xx_hal_spi.o
    0x08004adc   0x08004adc   0x00000004   PAD
    0x08004ae0   0x08004ae0   0x00000008   Code   RO         1672    .text.HAL_SPI_TxCpltCallback  stm32h7xx_hal_spi.o
    0x08004ae8   0x08004ae8   0x00000008   Code   RO         1668    .text.HAL_SPI_TxRxCpltCallback  stm32h7xx_hal_spi.o
    0x08004af0   0x08004af0   0x00000008   Code   RO          672    .text.HAL_TIMEx_Break2Callback  stm32h7xx_hal_tim_ex.o
    0x08004af8   0x08004af8   0x00000008   Code   RO          670    .text.HAL_TIMEx_BreakCallback  stm32h7xx_hal_tim_ex.o
    0x08004b00   0x08004b00   0x00000008   Code   RO          666    .text.HAL_TIMEx_CommutCallback  stm32h7xx_hal_tim_ex.o
    0x08004b08   0x08004b08   0x0000017c   Code   RO          650    .text.HAL_TIMEx_MasterConfigSynchronization  stm32h7xx_hal_tim_ex.o
    0x08004c84   0x08004c84   0x00000004   PAD
    0x08004c88   0x08004c88   0x000000a8   Code   RO          333    .text.HAL_TIM_Base_Init  stm32h7xx_hal_tim.o
    0x08004d30   0x08004d30   0x00000008   Code   RO          335    .text.HAL_TIM_Base_MspInit  stm32h7xx_hal_tim.o
    0x08004d38   0x08004d38   0x00000128   Code   RO          347    .text.HAL_TIM_Base_Start_IT  stm32h7xx_hal_tim.o
    0x08004e60   0x08004e60   0x00000008   Code   RO          469    .text.HAL_TIM_IC_CaptureCallback  stm32h7xx_hal_tim.o
    0x08004e68   0x08004e68   0x00000250   Code   RO          467    .text.HAL_TIM_IRQHandler  stm32h7xx_hal_tim.o
    0x080050b8   0x080050b8   0x00000064   Code   RO          274    .text.HAL_TIM_MspPostInit  tim.o
    0x0800511c   0x0800511c   0x00000004   PAD
    0x08005120   0x08005120   0x00000008   Code   RO          471    .text.HAL_TIM_OC_DelayElapsedCallback  stm32h7xx_hal_tim.o
    0x08005128   0x08005128   0x000001b0   Code   RO          503    .text.HAL_TIM_PWM_ConfigChannel  stm32h7xx_hal_tim.o
    0x080052d8   0x080052d8   0x000000a8   Code   RO          387    .text.HAL_TIM_PWM_Init  stm32h7xx_hal_tim.o
    0x08005380   0x08005380   0x0000003a   Code   RO          276    .text.HAL_TIM_PWM_MspInit  tim.o
    0x080053ba   0x080053ba   0x00000006   PAD
    0x080053c0   0x080053c0   0x00000008   Code   RO          473    .text.HAL_TIM_PWM_PulseFinishedCallback  stm32h7xx_hal_tim.o
    0x080053c8   0x080053c8   0x0000001c   Code   RO          219    .text.HAL_TIM_PeriodElapsedCallback  main.o
    0x080053e4   0x080053e4   0x00000004   PAD
    0x080053e8   0x080053e8   0x00000008   Code   RO          477    .text.HAL_TIM_TriggerCallback  stm32h7xx_hal_tim.o
    0x080053f0   0x080053f0   0x00000004   Code   RO          290    .text.HardFault_Handler  stm32h7xx_it.o
    0x080053f4   0x080053f4   0x00000004   PAD
    0x080053f8   0x080053f8   0x0000001e   Code   RO           79    .text.Heat_Power_Control  bsp_pwm.o
    0x08005416   0x08005416   0x00000002   PAD
    0x08005418   0x08005418   0x00000378   Code   RO            6    .text.INS_Strapdown_Update  ins_task.o
    0x08005790   0x08005790   0x000001e4   Code   RO            2    .text.INS_Task      ins_task.o
    0x08005974   0x08005974   0x00000004   PAD
    0x08005978   0x08005978   0x00000098   Code   RO            4    .text.INS_Task_Init  ins_task.o
    0x08005a10   0x08005a10   0x0000054e   Code   RO          140    .text.Kalman_Filter_Init  kalman_filter.o
    0x08005f5e   0x08005f5e   0x00000002   PAD
    0x08005f60   0x08005f60   0x000000fe   Code   RO          150    .text.Kalman_Filter_K_Update  kalman_filter.o
    0x0800605e   0x0800605e   0x00000002   PAD
    0x08006060   0x08006060   0x00000048   Code   RO          144    .text.Kalman_Filter_Measurement_Update  kalman_filter.o
    0x080060a8   0x080060a8   0x00000086   Code   RO          154    .text.Kalman_Filter_P_Update  kalman_filter.o
    0x0800612e   0x0800612e   0x00000002   PAD
    0x08006130   0x08006130   0x00000084   Code   RO          148    .text.Kalman_Filter_Pminus_Update  kalman_filter.o
    0x080061b4   0x080061b4   0x00000004   PAD
    0x080061b8   0x080061b8   0x000000d4   Code   RO          142    .text.Kalman_Filter_Update  kalman_filter.o
    0x0800628c   0x0800628c   0x00000004   PAD
    0x08006290   0x08006290   0x000000b0   Code   RO          152    .text.Kalman_Filter_Xhat_Update  kalman_filter.o
    0x08006340   0x08006340   0x000000a2   Code   RO          146    .text.Kalman_Filter_Xhatminus_Update  kalman_filter.o
    0x080063e2   0x080063e2   0x00000006   PAD
    0x080063e8   0x080063e8   0x0000001c   Code   RO          165    .text.LowPassFilter1p_Init  lpf.o
    0x08006404   0x08006404   0x00000004   PAD
    0x08006408   0x08006408   0x00000052   Code   RO          167    .text.LowPassFilter1p_Update  lpf.o
    0x0800645a   0x0800645a   0x00000006   PAD
    0x08006460   0x08006460   0x00000028   Code   RO          169    .text.LowPassFilter2p_Init  lpf.o
    0x08006488   0x08006488   0x00000072   Code   RO          171    .text.LowPassFilter2p_Update  lpf.o
    0x080064fa   0x080064fa   0x00000006   PAD
    0x08006500   0x08006500   0x0000005a   Code   RO          213    .text.MPU_Config    main.o
    0x0800655a   0x0800655a   0x00000006   PAD
    0x08006560   0x08006560   0x00000046   Code   RO          239    .text.MX_FREERTOS_Init  freertos.o
    0x080065a6   0x080065a6   0x00000002   PAD
    0x080065a8   0x080065a8   0x00000120   Code   RO          229    .text.MX_GPIO_Init  gpio.o
    0x080066c8   0x080066c8   0x00000072   Code   RO          258    .text.MX_SPI2_Init  spi.o
    0x0800673a   0x0800673a   0x00000006   PAD
    0x08006740   0x08006740   0x0000009e   Code   RO          272    .text.MX_TIM3_Init  tim.o
    0x080067de   0x080067de   0x00000002   PAD
    0x080067e0   0x080067e0   0x00000004   Code   RO          292    .text.MemManage_Handler  stm32h7xx_it.o
    0x080067e4   0x080067e4   0x00000004   PAD
    0x080067e8   0x080067e8   0x00000004   Code   RO          288    .text.NMI_Handler   stm32h7xx_it.o
    0x080067ec   0x080067ec   0x00000004   PAD
    0x080067f0   0x080067f0   0x0000006c   Code   RO          695    .text.NVIC_EncodePriority  stm32h7xx_hal_cortex.o
    0x0800685c   0x0800685c   0x00000004   PAD
    0x08006860   0x08006860   0x00000026   Code   RO          121    .text.PID_Calc_Clear  pid.o
    0x08006886   0x08006886   0x00000002   PAD
    0x08006888   0x08006888   0x0000030c   Code   RO          125    .text.PID_Calculate  pid.o
    0x08006b94   0x08006b94   0x00000004   PAD
    0x08006b98   0x08006b98   0x00000030   Code   RO          127    .text.PID_ErrorHandle  pid.o
    0x08006bc8   0x08006bc8   0x00000044   Code   RO          119    .text.PID_Init      pid.o
    0x08006c0c   0x08006c0c   0x00000004   PAD
    0x08006c10   0x08006c10   0x000000a4   Code   RO          123    .text.PID_Param_Init  pid.o
    0x08006cb4   0x08006cb4   0x0000000c   PAD
    0x08006cc0   0x08006cc0   0x00000064   Code   RO         2193    .text.PendSV_Handler  port.o
    0x08006d24   0x08006d24   0x00000004   PAD
    0x08006d28   0x08006d28   0x00000278   Code   RO          182    .text.QuaternionEKF_A_Update  quaternion.o
    0x08006fa0   0x08006fa0   0x000001cc   Code   RO          192    .text.QuaternionEKF_ChiSqrtTest  quaternion.o
    0x0800716c   0x0800716c   0x00000004   PAD
    0x08007170   0x08007170   0x0000012a   Code   RO          184    .text.QuaternionEKF_H_Update  quaternion.o
    0x0800729a   0x0800729a   0x00000006   PAD
    0x080072a0   0x080072a0   0x000000fe   Code   RO          180    .text.QuaternionEKF_Init  quaternion.o
    0x0800739e   0x0800739e   0x00000002   PAD
    0x080073a0   0x080073a0   0x00000458   Code   RO          188    .text.QuaternionEKF_Update  quaternion.o
    0x080077f8   0x080077f8   0x00000468   Code   RO          186    .text.QuaternionEKF_xhat_Update  quaternion.o
    0x08007c60   0x08007c60   0x000001ca   Code   RO          799    .text.RCCEx_PLL2_Config  stm32h7xx_hal_rcc_ex.o
    0x08007e2a   0x08007e2a   0x00000006   PAD
    0x08007e30   0x08007e30   0x000001ca   Code   RO          801    .text.RCCEx_PLL3_Config  stm32h7xx_hal_rcc_ex.o
    0x08007ffa   0x08007ffa   0x00000006   PAD
    0x08008000   0x08008000   0x00000010   Code   RO          302    .text.SPI2_IRQHandler  stm32h7xx_it.o
    0x08008010   0x08008010   0x00000116   Code   RO         1598    .text.SPI_CloseTransfer  stm32h7xx_hal_spi.o
    0x08008126   0x08008126   0x00000002   PAD
    0x08008128   0x08008128   0x0000002c   Code   RO         1674    .text.SPI_DMAAbortOnError  stm32h7xx_hal_spi.o
    0x08008154   0x08008154   0x00000004   PAD
    0x08008158   0x08008158   0x0000002a   Code   RO         1588    .text.SPI_GetPacketSize  stm32h7xx_hal_spi.o
    0x08008182   0x08008182   0x00000006   PAD
    0x08008188   0x08008188   0x00000068   Code   RO         1600    .text.SPI_WaitOnFlagUntilTimeout  stm32h7xx_hal_spi.o
    0x080081f0   0x080081f0   0x00000024   Code   RO         2177    .text.SVC_Handler   port.o
    0x08008214   0x08008214   0x00000004   PAD
    0x08008218   0x08008218   0x0000003c   Code   RO         2195    .text.SysTick_Handler  port.o
    0x08008254   0x08008254   0x00000004   PAD
    0x08008258   0x08008258   0x000000ca   Code   RO          215    .text.SystemClock_Config  main.o
    0x08008322   0x08008322   0x00000006   PAD
    0x08008328   0x08008328   0x00000166   Code   RO         1706    .text.SystemInit    system_stm32h7xx.o
    0x0800848e   0x0800848e   0x00000002   PAD
    0x08008490   0x08008490   0x00000010   Code   RO          300    .text.TIM2_IRQHandler  stm32h7xx_it.o
    0x080084a0   0x080084a0   0x000001c4   Code   RO          337    .text.TIM_Base_SetConfig  stm32h7xx_hal_tim.o
    0x08008664   0x08008664   0x00000004   PAD
    0x08008668   0x08008668   0x00000150   Code   RO          481    .text.TIM_OC1_SetConfig  stm32h7xx_hal_tim.o
    0x080087b8   0x080087b8   0x0000016c   Code   RO          483    .text.TIM_OC2_SetConfig  stm32h7xx_hal_tim.o
    0x08008924   0x08008924   0x00000004   PAD
    0x08008928   0x08008928   0x0000016a   Code   RO          485    .text.TIM_OC3_SetConfig  stm32h7xx_hal_tim.o
    0x08008a92   0x08008a92   0x00000006   PAD
    0x08008a98   0x08008a98   0x000000da   Code   RO          487    .text.TIM_OC4_SetConfig  stm32h7xx_hal_tim.o
    0x08008b72   0x08008b72   0x00000006   PAD
    0x08008b78   0x08008b78   0x000000d0   Code   RO          489    .text.TIM_OC5_SetConfig  stm32h7xx_hal_tim.o
    0x08008c48   0x08008c48   0x000000d2   Code   RO          491    .text.TIM_OC6_SetConfig  stm32h7xx_hal_tim.o
    0x08008d1a   0x08008d1a   0x00000006   PAD
    0x08008d20   0x08008d20   0x0000005c   Code   RO           81    .text.USER_Tim_SetCompare  bsp_pwm.o
    0x08008d7c   0x08008d7c   0x00000004   PAD
    0x08008d80   0x08008d80   0x00000004   Code   RO          296    .text.UsageFault_Handler  stm32h7xx_it.o
    0x08008d84   0x08008d84   0x00000004   PAD
    0x08008d88   0x08008d88   0x0000001c   Code   RO          131    .text.__ARM_isinff  pid.o
    0x08008da4   0x08008da4   0x00000004   PAD
    0x08008da8   0x08008da8   0x00000018   Code   RO          129    .text.__ARM_isnanf  pid.o
    0x08008dc0   0x08008dc0   0x00000030   Code   RO          699    .text.__NVIC_EnableIRQ  stm32h7xx_hal_cortex.o
    0x08008df0   0x08008df0   0x00000010   Code   RO          691    .text.__NVIC_GetPriorityGrouping  stm32h7xx_hal_cortex.o
    0x08008e00   0x08008e00   0x00000042   Code   RO          693    .text.__NVIC_SetPriority  stm32h7xx_hal_cortex.o
    0x08008e42   0x08008e42   0x00000006   PAD
    0x08008e48   0x08008e48   0x0000003c   Code   RO          687    .text.__NVIC_SetPriorityGrouping  stm32h7xx_hal_cortex.o
    0x08008e84   0x08008e84   0x000000be   Code   RO         2209    .text.arm_mat_add_f32  arm_cortexM7lfdp_math.lib(arm_mat_add_f32.o)
    0x08008f42   0x08008f42   0x00000008   Code   RO         2219    .text.arm_mat_init_f32  arm_cortexM7lfdp_math.lib(arm_mat_init_f32.o)
    0x08008f4a   0x08008f4a   0x00000002   PAD
    0x08008f4c   0x08008f4c   0x000002cc   Code   RO         2228    .text.arm_mat_inverse_f32  arm_cortexM7lfdp_math.lib(arm_mat_inverse_f32.o)
    0x08009218   0x08009218   0x00000130   Code   RO         2238    .text.arm_mat_mult_f32  arm_cortexM7lfdp_math.lib(arm_mat_mult_f32.o)
    0x08009348   0x08009348   0x000000be   Code   RO         2248    .text.arm_mat_sub_f32  arm_cortexM7lfdp_math.lib(arm_mat_sub_f32.o)
    0x08009406   0x08009406   0x00000002   PAD
    0x08009408   0x08009408   0x000000b4   Code   RO         2258    .text.arm_mat_trans_f32  arm_cortexM7lfdp_math.lib(arm_mat_trans_f32.o)
    0x080094bc   0x080094bc   0x00000004   PAD
    0x080094c0   0x080094c0   0x00000014   Code   RO         2028    .text.inHandlerMode  cmsis_os.o
    0x080094d4   0x080094d4   0x00000004   PAD
    0x080094d8   0x080094d8   0x00000104   Code   RO          211    .text.main          main.o
    0x080095dc   0x080095dc   0x00000004   PAD
    0x080095e0   0x080095e0   0x00000028   Code   RO         2032    .text.makeFreeRtosPriority  cmsis_os.o
    0x08009608   0x08009608   0x0000000c   Code   RO         2112    .text.osDelayUntil  cmsis_os.o
    0x08009614   0x08009614   0x00000004   PAD
    0x08009618   0x08009618   0x0000000a   Code   RO         2022    .text.osKernelStart  cmsis_os.o
    0x08009622   0x08009622   0x00000006   PAD
    0x08009628   0x08009628   0x00000022   Code   RO         2026    .text.osKernelSysTick  cmsis_os.o
    0x0800964a   0x0800964a   0x00000006   PAD
    0x08009650   0x08009650   0x000000ac   Code   RO         2030    .text.osThreadCreate  cmsis_os.o
    0x080096fc   0x080096fc   0x00000004   PAD
    0x08009700   0x08009700   0x00000110   Code   RO         1892    .text.prvAddNewTaskToReadyList  tasks.o
    0x08009810   0x08009810   0x0000005a   Code   RO         1990    .text.prvCheckTasksWaitingTermination  tasks.o
    0x0800986a   0x0800986a   0x00000006   PAD
    0x08009870   0x08009870   0x0000005e   Code   RO         1898    .text.prvDeleteTCB  tasks.o
    0x080098ce   0x080098ce   0x00000002   PAD
    0x080098d0   0x080098d0   0x000000bc   Code   RO         2144    .text.prvHeapInit   heap_4.o
    0x0800998c   0x0800998c   0x00000004   PAD
    0x08009990   0x08009990   0x00000038   Code   RO         1928    .text.prvIdleTask   tasks.o
    0x080099c8   0x080099c8   0x00000114   Code   RO         1890    .text.prvInitialiseNewTask  tasks.o
    0x08009adc   0x08009adc   0x00000004   PAD
    0x08009ae0   0x08009ae0   0x0000008e   Code   RO         1988    .text.prvInitialiseTaskLists  tasks.o
    0x08009b6e   0x08009b6e   0x00000002   PAD
    0x08009b70   0x08009b70   0x000000c6   Code   RO         2146    .text.prvInsertBlockIntoFreeList  heap_4.o
    0x08009c36   0x08009c36   0x00000002   PAD
    0x08009c38   0x08009c38   0x00000028   Code   RO         2185    .text.prvPortStartFirstTask  port.o
    0x08009c60   0x08009c60   0x00000046   Code   RO         1900    .text.prvResetNextTaskUnblockTime  tasks.o
    0x08009ca6   0x08009ca6   0x00000002   PAD
    0x08009ca8   0x08009ca8   0x0000004c   Code   RO         2175    .text.prvTaskExitError  port.o
    0x08009cf4   0x08009cf4   0x00000004   PAD
    0x08009cf8   0x08009cf8   0x000001ec   Code   RO         2142    .text.pvPortMalloc  heap_4.o
    0x08009ee4   0x08009ee4   0x00000004   PAD
    0x08009ee8   0x08009ee8   0x0000005e   Code   RO         2173    .text.pxPortInitialiseStack  port.o
    0x08009f46   0x08009f46   0x00000002   PAD
    0x08009f48   0x08009f48   0x00000048   Code   RO         1760    .text.uxListRemove  list.o
    0x08009f90   0x08009f90   0x0000002a   Code   RO          237    .text.vApplicationGetIdleTaskMemory  freertos.o
    0x08009fba   0x08009fba   0x00000006   PAD
    0x08009fc0   0x08009fc0   0x0000002e   Code   RO         1752    .text.vListInitialise  list.o
    0x08009fee   0x08009fee   0x00000002   PAD
    0x08009ff0   0x08009ff0   0x0000000e   Code   RO         1754    .text.vListInitialiseItem  list.o
    0x08009ffe   0x08009ffe   0x00000002   PAD
    0x0800a000   0x0800a000   0x0000003a   Code   RO         1756    .text.vListInsertEnd  list.o
    0x0800a03a   0x0800a03a   0x00000006   PAD
    0x0800a040   0x0800a040   0x00000014   Code   RO         2183    .text.vPortEnableVFP  port.o
    0x0800a054   0x0800a054   0x00000004   PAD
    0x0800a058   0x0800a058   0x00000056   Code   RO         2189    .text.vPortEnterCritical  port.o
    0x0800a0ae   0x0800a0ae   0x00000002   PAD
    0x0800a0b0   0x0800a0b0   0x0000004a   Code   RO         2191    .text.vPortExitCritical  port.o
    0x0800a0fa   0x0800a0fa   0x00000006   PAD
    0x0800a100   0x0800a100   0x000000ce   Code   RO         2148    .text.vPortFree     heap_4.o
    0x0800a1ce   0x0800a1ce   0x00000002   PAD
    0x0800a1d0   0x0800a1d0   0x00000044   Code   RO         2181    .text.vPortSetupTimerInterrupt  port.o
    0x0800a214   0x0800a214   0x00000004   PAD
    0x0800a218   0x0800a218   0x00000084   Code   RO         2197    .text.vPortValidateInterruptPriority  port.o
    0x0800a29c   0x0800a29c   0x00000004   PAD
    0x0800a2a0   0x0800a2a0   0x000000ce   Code   RO         1926    .text.vTaskStartScheduler  tasks.o
    0x0800a36e   0x0800a36e   0x00000002   PAD
    0x0800a370   0x0800a370   0x00000010   Code   RO         1904    .text.vTaskSuspendAll  tasks.o
    0x0800a380   0x0800a380   0x000000be   Code   RO         1918    .text.vTaskSwitchContext  tasks.o
    0x0800a43e   0x0800a43e   0x00000002   PAD
    0x0800a440   0x0800a440   0x00000156   Code   RO         2179    .text.xPortStartScheduler  port.o
    0x0800a596   0x0800a596   0x00000002   PAD
    0x0800a598   0x0800a598   0x0000009e   Code   RO         1894    .text.xTaskCreate   tasks.o
    0x0800a636   0x0800a636   0x00000002   PAD
    0x0800a638   0x0800a638   0x000000ce   Code   RO         1888    .text.xTaskCreateStatic  tasks.o
    0x0800a706   0x0800a706   0x00000002   PAD
    0x0800a708   0x0800a708   0x00000014   Code   RO         1934    .text.xTaskGetTickCount  tasks.o
    0x0800a71c   0x0800a71c   0x00000004   PAD
    0x0800a720   0x0800a720   0x0000001e   Code   RO         1936    .text.xTaskGetTickCountFromISR  tasks.o
    0x0800a73e   0x0800a73e   0x00000002   PAD
    0x0800a740   0x0800a740   0x000001b8   Code   RO         1932    .text.xTaskIncrementTick  tasks.o
    0x0800a8f8   0x0800a8f8   0x00000178   Code   RO         1908    .text.xTaskResumeAll  tasks.o
    0x0800aa70   0x0800aa70   0x00000026   Code   RO         2441    i.__ARM_fpclassifyf  m_wv.l(fpclassifyf.o)
    0x0800aa96   0x0800aa96   0x00000002   PAD
    0x0800aa98   0x0800aa98   0x00000118   Code   RO         2337    i.__hardfp_acosf    m_wv.l(acosf.o)
    0x0800abb0   0x0800abb0   0x0000012c   Code   RO         2343    i.__hardfp_asinf    m_wv.l(asinf.o)
    0x0800acdc   0x0800acdc   0x000002ac   Code   RO         2349    i.__hardfp_atan2f   m_wv.l(atan2f.o)
    0x0800af88   0x0800af88   0x00000006   Code   RO         2444    i.__mathlib_flt_infnan  m_wv.l(funder.o)
    0x0800af8e   0x0800af8e   0x00000006   Code   RO         2445    i.__mathlib_flt_infnan2  m_wv.l(funder.o)
    0x0800af94   0x0800af94   0x00000010   Code   RO         2446    i.__mathlib_flt_invalid  m_wv.l(funder.o)
    0x0800afa4   0x0800afa4   0x00000010   Code   RO         2449    i.__mathlib_flt_underflow  m_wv.l(funder.o)
    0x0800afb4   0x0800afb4   0x0000003e   Code   RO         2459    i.sqrtf             m_wv.l(sqrtf.o)
    0x0800aff2   0x0800aff2   0x0000001a   Code   RO         2507    x$fpl$fpinit        fz_wv.l(fpinit.o)
    0x0800b00c   0x0800b00c   0x00000000   Code   RO         2440    x$fpl$usenofp       fz_wv.l(usenofp.o)
    0x0800b00c   0x0800b00c   0x0000001c   Data   RO          248    .rodata..L__const.MX_FREERTOS_Init.os_thread_def_Start_INS_Task  freertos.o
    0x0800b028   0x0800b028   0x00000010   Data   RO         1714    .rodata.D1CorePrescTable  system_stm32h7xx.o
    0x0800b038   0x0800b038   0x0000000f   Data   RO          245    .rodata.str1.1      freertos.o
    0x0800b047   0x0800b047   0x00000005   Data   RO         2003    .rodata.str1.1      tasks.o
    0x0800b04c   0x0800b04c   0x00000030   Data   RO         2597    Region$$Table       anon$$obj.o


    Execution Region RW_IRAM1 (Exec base: 0x20000000, Load base: 0x0800b07c, Size: 0x00003c00, Max: 0x00020000, ABSOLUTE)

    Exec Addr    Load Addr    Size         Type   Attr      Idx    E Section Name        Object

    0x20000000        -       0x00003c00   Zero   RW         2165    .bss.ucHeap         heap_4.o


    Execution Region RW_IRAM2 (Exec base: 0x24000000, Load base: 0x0800b080, Size: 0x00003000, Max: 0x00020000, ABSOLUTE, COMPRESSED[0x00000050])

    Exec Addr    Load Addr    Size         Type   Attr      Idx    E Section Name        Object

    0x24000000   COMPRESSED   0x00000004   Data   RW           49    .data.BMI088_ACCEL_SEN  bmi088.o
    0x24000004   COMPRESSED   0x00000004   Data   RW           50    .data.BMI088_GYRO_SEN  bmi088.o
    0x24000008   COMPRESSED   0x0000000c   Data   RW           21    .data.INS_LPF2p_Alpha  ins_task.o
    0x24000014   COMPRESSED   0x00000090   Data   RW           23    .data.QuaternionEKF_A_Data  ins_task.o
    0x240000a4   COMPRESSED   0x00000090   Data   RW           24    .data.QuaternionEKF_P_Data  ins_task.o
    0x24000134   COMPRESSED   0x00000004   Data   RW         1712    .data.SystemCoreClock  system_stm32h7xx.o
    0x24000138   COMPRESSED   0x00000004   Data   RW         1713    .data.SystemD2Clock  system_stm32h7xx.o
    0x2400013c   COMPRESSED   0x0000001c   Data   RW           22    .data.TemCtrl_PID_Param  ins_task.o
    0x24000158   COMPRESSED   0x00000001   Data   RW         1364    .data.uwTickFreq    stm32h7xx_hal.o
    0x24000159   COMPRESSED   0x00000003   PAD
    0x2400015c   COMPRESSED   0x00000004   Data   RW         1363    .data.uwTickPrio    stm32h7xx_hal.o
    0x24000160   COMPRESSED   0x00000004   Data   RW         2201    .data.uxCriticalNesting  port.o
    0x24000164   COMPRESSED   0x00000004   PAD
    0x24000168        -       0x00000060   Zero   RW         2468    .bss                c_w.l(libspace.o)
    0x240001c8        -       0x0000003c   Zero   RW           48    .bss.BMI088_Info    bmi088.o
    0x24000204        -       0x00000060   Zero   RW           18    .bss.INS_AccelPF2p  ins_task.o
    0x24000264        -       0x0000006c   Zero   RW           19    .bss.INS_Info       ins_task.o
    0x240002d0        -       0x000001a4   Zero   RW          194    .bss.Quaternion_Info  quaternion.o
    0x24000474        -       0x00002000   Zero   RW          246    .bss.Start_INS_TaskBuffer  freertos.o
    0x24002474        -       0x00000054   Zero   RW          247    .bss.Start_INS_TaskControlBlock  freertos.o
    0x240024c8        -       0x00000004   Zero   RW          249    .bss.Start_INS_TaskHandle  freertos.o
    0x240024cc        -       0x00000064   Zero   RW           20    .bss.TempCtrl_PID   ins_task.o
    0x24002530        -       0x00000088   Zero   RW          264    .bss.hspi2          spi.o
    0x240025b8        -       0x0000004c   Zero   RW          325    .bss.htim2          stm32h7xx_hal_timebase_tim.o
    0x24002604        -       0x0000004c   Zero   RW          280    .bss.htim3          tim.o
    0x24002650        -       0x00000004   Zero   RW         1992    .bss.pxCurrentTCB   tasks.o
    0x24002654        -       0x00000004   Zero   RW         2009    .bss.pxDelayedTaskList  tasks.o
    0x24002658        -       0x00000004   Zero   RW         2158    .bss.pxEnd          heap_4.o
    0x2400265c        -       0x00000004   Zero   RW         2010    .bss.pxOverflowDelayedTaskList  tasks.o
    0x24002660        -       0x0000008c   Zero   RW         1993    .bss.pxReadyTasksLists  tasks.o
    0x240026ec        -       0x00000001   Zero   RW         2199    .bss.ucMaxSysCallPriority  port.o
    0x240026ed   COMPRESSED   0x00000003   PAD
    0x240026f0        -       0x00000004   Zero   RW         2200    .bss.ulMaxPRIGROUPValue  port.o
    0x240026f4        -       0x00000004   Zero   RW         1365    .bss.uwTick         stm32h7xx_hal.o
    0x240026f8        -       0x00000004   Zero   RW         1998    .bss.uxCurrentNumberOfTasks  tasks.o
    0x240026fc        -       0x00000004   Zero   RW         1997    .bss.uxDeletedTasksWaitingCleanUp  tasks.o
    0x24002700        -       0x00000004   Zero   RW         2000    .bss.uxSchedulerSuspended  tasks.o
    0x24002704        -       0x00000004   Zero   RW         1995    .bss.uxTaskNumber   tasks.o
    0x24002708        -       0x00000004   Zero   RW         1994    .bss.uxTopReadyPriority  tasks.o
    0x2400270c        -       0x00000004   Zero   RW         2159    .bss.xBlockAllocatedBit  heap_4.o
    0x24002710        -       0x00000014   Zero   RW         2012    .bss.xDelayedTaskList1  tasks.o
    0x24002724        -       0x00000014   Zero   RW         2013    .bss.xDelayedTaskList2  tasks.o
    0x24002738        -       0x00000004   Zero   RW         2160    .bss.xFreeBytesRemaining  heap_4.o
    0x2400273c        -       0x00000200   Zero   RW          244    .bss.xIdleStack     freertos.o
    0x2400293c        -       0x00000004   Zero   RW         2004    .bss.xIdleTaskHandle  tasks.o
    0x24002940        -       0x00000054   Zero   RW          243    .bss.xIdleTaskTCBBuffer  freertos.o
    0x24002994        -       0x00000004   Zero   RW         2162    .bss.xMinimumEverFreeBytesRemaining  heap_4.o
    0x24002998        -       0x00000004   Zero   RW         2005    .bss.xNextTaskUnblockTime  tasks.o
    0x2400299c        -       0x00000004   Zero   RW         2011    .bss.xNumOfOverflows  tasks.o
    0x240029a0        -       0x00000004   Zero   RW         2163    .bss.xNumberOfSuccessfulAllocations  heap_4.o
    0x240029a4        -       0x00000004   Zero   RW         2164    .bss.xNumberOfSuccessfulFrees  heap_4.o
    0x240029a8        -       0x00000004   Zero   RW         2008    .bss.xPendedTicks   tasks.o
    0x240029ac        -       0x00000014   Zero   RW         2002    .bss.xPendingReadyList  tasks.o
    0x240029c0        -       0x00000004   Zero   RW         1999    .bss.xSchedulerRunning  tasks.o
    0x240029c4        -       0x00000008   Zero   RW         2161    .bss.xStart         heap_4.o
    0x240029cc        -       0x00000014   Zero   RW         2001    .bss.xSuspendedTaskList  tasks.o
    0x240029e0        -       0x00000014   Zero   RW         1996    .bss.xTasksWaitingTermination  tasks.o
    0x240029f4        -       0x00000004   Zero   RW         2006    .bss.xTickCount     tasks.o
    0x240029f8        -       0x00000004   Zero   RW         2007    .bss.xYieldPending  tasks.o
    0x240029fc   COMPRESSED   0x00000004   PAD
    0x24002a00        -       0x00000200   Zero   RW          202    HEAP                startup_stm32h723xx.o
    0x24002c00        -       0x00000400   Zero   RW          201    STACK               startup_stm32h723xx.o


==============================================================================

Image component sizes


      Code (inc. data)   RO Data    RW Data    ZI Data      Debug   Object Name

       506          0          0          8         60       3858   bmi088.o
        80          0          0          0          0       1504   bsp_gpio.o
       122         14          0          0          0       4562   bsp_pwm.o
        50          0          0          0          0        629   bsp_spi.o
       288          0          0          0          0      16317   cmsis_os.o
       112          0         43          0       8876       2871   freertos.o
       288          0          0          0          0       3028   gpio.o
      1084          0          0          0      15392       4449   heap_4.o
      1688         48          0        328        304       5113   ins_task.o
      2500          0          0          0          0       6390   kalman_filter.o
       190          0          0          0          0       2252   list.o
       264          0          0          0          0       1630   lpf.o
       594          0          0          0          0       7955   main.o
      1150          0          0          0          0       3466   pid.o
      1128         16          0          4          5       3859   port.o
      3970         44          0          0        420       7544   quaternion.o
       420          0          0          0        136      11164   spi.o
        72         30        716          0       1536        856   startup_stm32h723xx.o
       160          0          0          5          4      14653   stm32h7xx_hal.o
       590          0          0          0          0      11533   stm32h7xx_hal_cortex.o
      1706          0          0          0          0      12512   stm32h7xx_hal_dma.o
       982          0          0          0          0       7040   stm32h7xx_hal_gpio.o
        50          0          0          0          0       5289   stm32h7xx_hal_msp.o
       162          0          0          0          0       9358   stm32h7xx_hal_pwr_ex.o
      4812         66          0          0          0      11442   stm32h7xx_hal_rcc.o
      4992         64          0          0          0      18729   stm32h7xx_hal_rcc_ex.o
      3874          0          0          0          0      20837   stm32h7xx_hal_spi.o
      3846         22          0          0          0      37606   stm32h7xx_hal_tim.o
       404          0          0          0          0      18171   stm32h7xx_hal_tim_ex.o
       216          0          0          0         76       9623   stm32h7xx_hal_timebase_tim.o
        54          0          0          0          0        963   stm32h7xx_it.o
       398          0         16          8          0       5601   system_stm32h7xx.o
      2642          0          5          0        300      20386   tasks.o
       316          0          0          0         76       7180   tim.o

    ----------------------------------------------------------------------
     40156        328        828        356      27196     298370   Object Totals
         0          0         48          0          0          0   (incl. Generated)
       446         24          0          3         11          0   (incl. Padding)

    ----------------------------------------------------------------------

      Code (inc. data)   RO Data    RW Data    ZI Data      Debug   Library Member Name

       190          0          0          0          0       1836   arm_mat_add_f32.o
         8          0          0          0          0        841   arm_mat_init_f32.o
       716          4          0          0          0       3547   arm_mat_inverse_f32.o
       304          4          0          0          0       2362   arm_mat_mult_f32.o
       190          0          0          0          0       1834   arm_mat_sub_f32.o
       180          0          0          0          0       1862   arm_mat_trans_f32.o
        90          0          0          0          0          0   __dczerorl2.o
         8          0          0          0          0         68   __main.o
         0          0          0          0          0          0   __rtentry.o
        12          0          0          0          0          0   __rtentry2.o
         6          0          0          0          0          0   __rtentry4.o
        94          8          0          0          0          0   __scatter.o
        28          0          0          0          0          0   __scatter_zi.o
        22          0          0          0          0        100   _rserrno.o
        10          0          0          0          0         68   defsig_exit.o
        50          0          0          0          0         88   defsig_general.o
        80         58          0          0          0         76   defsig_rtmem_inner.o
        14          0          0          0          0         80   defsig_rtmem_outer.o
        18          0          0          0          0         80   exit.o
        94          0          0          0          0         80   h1_alloc.o
        52          0          0          0          0         68   h1_extend.o
        78          0          0          0          0         80   h1_free.o
        12          0          0          0          0         84   h1_init.o
         6          0          0          0          0        152   heapauxi.o
         4          0          0          0          0        136   hguard.o
         0          0          0          0          0          0   indicate_semi.o
       138          0          0          0          0        168   init_alloc.o
         2          0          0          0          0          0   libinit.o
        14          0          0          0          0          0   libinit2.o
         2          0          0          0          0          0   libshutdown.o
         2          0          0          0          0          0   libshutdown2.o
         8          4          0          0         96         68   libspace.o
         0          0          0          0          0          0   maybetermalloc1.o
         8          4          0          0          0         68   rt_errno_addr_intlibspace.o
         8          4          0          0          0         68   rt_heap_descriptor_intlibspace.o
        78          0          0          0          0         80   rt_memclr_w.o
       100          0          0          0          0         80   rt_memcpy_w.o
         2          0          0          0          0          0   rtexit.o
        10          0          0          0          0          0   rtexit2.o
        12          4          0          0          0         68   sys_exit.o
        74          0          0          0          0         80   sys_stackheap_outer.o
        14          0          0          0          0         76   sys_wrch.o
         2          0          0          0          0         68   use_no_semi.o
        26          0          0          0          0        116   fpinit.o
         0          0          0          0          0          0   usenofp.o
       280         46          0          0          0        176   acosf.o
       300         42          0          0          0        176   asinf.o
       684         90          0          0          0        208   atan2f.o
        38          0          0          0          0        116   fpclassifyf.o
        44         12          0          0          0        464   funder.o
        62          0          0          0          0        136   sqrtf.o

    ----------------------------------------------------------------------
      4196        280          0          0         96      15658   Library Totals
        22          0          0          0          0          0   (incl. Padding)

    ----------------------------------------------------------------------

      Code (inc. data)   RO Data    RW Data    ZI Data      Debug   Library Name

      1588          8          0          0          0      12282   arm_cortexM7lfdp_math.lib
      1152         82          0          0         96       1984   c_w.l
        26          0          0          0          0        116   fz_wv.l
      1408        190          0          0          0       1276   m_wv.l

    ----------------------------------------------------------------------
      4196        280          0          0         96      15658   Library Totals

    ----------------------------------------------------------------------

==============================================================================


      Code (inc. data)   RO Data    RW Data    ZI Data      Debug   

     44352        608        828        356      27292     311536   Grand Totals
     44352        608        828         80      27292     311536   ELF Image Totals (compressed)
     44352        608        828         80          0          0   ROM Totals

==============================================================================

    Total RO  Size (Code + RO Data)                45180 (  44.12kB)
    Total RW  Size (RW Data + ZI Data)             27648 (  27.00kB)
    Total ROM Size (Code + RO Data + RW Data)      45260 (  44.20kB)

==============================================================================

