<html>
<body>
<pre>
<h1>µVision Build Log</h1>
<h2>Tool Versions:</h2>
IDE-Version: ¦ÌVision V5.41.0.0
Copyright (C) 2024 ARM Ltd and ARM Germany GmbH. All rights reserved.
License Information: 1 Lenovo
1
User-based license: Keil MDK Community (non-commercial free of charge)
Valid until: Jun 1 2033. Cached until: Jul 1 2026
 
Tool Versions:
Toolchain:       Keil MDK Community (non-commercial free of charge  Version: 5.41.0.0
Toolchain Path:  E:\keil5MDK\ARM\ARMCC\Bin
C Compiler:      Armcc.exe V5.06 update 6 (build 750)
Assembler:       Armasm.exe V5.06 update 6 (build 750)
Linker/Locator:  ArmLink.exe V5.06 update 6 (build 750)
Library Manager: ArmAr.exe V5.06 update 6 (build 750)
Hex Converter:   FromElf.exe V5.06 update 6 (build 750)
CPU DLL:         SARMCM3.DLL V5.41.0.0
Dialog DLL:      DCM.DLL V1.17.5.0
Target DLL:      STLink\ST-LINKIII-KEIL_SWO.dll V3.3.0.0
Dialog DLL:      TCM.DLL V1.56.4.0
 
<h2>Project:</h2>
E:\keil5MDK\GPIO\RTOS_IG\MDK-ARM\RTOS_IG.uvprojx
Project File Date:  06/23/2026

<h2>Output:</h2>
*** Warning: The configured compiler version '5.06 update 6 (build 750)' does not support the selected User Based Licensing technology.
*** Using Compiler 'V5.06 update 6 (build 750)', folder: 'E:\keil5MDK\ARM\ARMCC\Bin'
Rebuild target 'RTOS_IG'
assembling startup_stm32f407xx.s...
compiling stm32f4xx_hal_timebase_tim.c...
compiling stm32f4xx_hal_rcc_ex.c...
compiling stm32f4xx_hal_msp.c...
compiling stm32f4xx_hal_flash_ex.c...
compiling spi.c...
compiling stm32f4xx_hal_flash.c...
compiling gpio.c...
compiling freertos.c...
compiling stm32f4xx_hal_rcc.c...
compiling stm32f4xx_hal_can.c...
compiling dma.c...
compiling tim.c...
compiling can.c...
compiling usart.c...
compiling main.c...
compiling i2c.c...
compiling stm32f4xx_hal_tim_ex.c...
compiling stm32f4xx_it.c...
compiling croutine.c...
compiling list.c...
compiling event_groups.c...
compiling queue.c...
compiling stream_buffer.c...
compiling stm32f4xx_hal_tim.c...
compiling timers.c...
compiling tasks.c...
compiling heap_4.c...
compiling port.c...
compiling stm32f4xx_hal_flash_ramfunc.c...
compiling stm32f4xx_hal_cortex.c...
compiling system_stm32f4xx.c...
compiling stm32f4xx_hal_gpio.c...
compiling stm32f4xx_hal_exti.c...
compiling stm32f4xx_hal.c...
compiling stm32f4xx_hal_i2c_ex.c...
compiling stm32f4xx_hal_pwr.c...
compiling stm32f4xx_hal_pwr_ex.c...
compiling stm32f4xx_hal_dma_ex.c...
compiling stm32f4xx_hal_dma.c...
compiling B_can.c...
compiling stm32f4xx_hal_spi.c...
compiling CAN_receive.c...
compiling stm32f4xx_hal_uart.c...
compiling pid_user.c...
compiling DT7_control.c...
compiling pid.c...
compiling cmsis_os2.c...
compiling stm32f4xx_hal_i2c.c...
compiling meth_ctrl.c...
..\Applications\Src\meth_ctrl.c(73): warning:  #550-D: variable "pneu_target_pos"  was set but never used
      static float pneu_target_pos = POS_DOWN;
..\Applications\Src\meth_ctrl.c: 1 warning, 0 errors
compiling task_can.c...
compiling task_meth.c...
compiling meth_driver.c...
compiling tool_calc.c...
compiling servo.c...
compiling recv_send.c...
compiling swerve_ctrl.c...
compiling bsp_can.c...
compiling math_calc.c...
..\Math\Src\math_calc.c(12): warning:  #1035-D: single-precision operand implicitly converted to double-precision
      deg = (fp32)(rad * (180.0 / PI));
..\Math\Src\math_calc.c(39): warning:  #1035-D: single-precision operand implicitly converted to double-precision
      angle = (encoder / 8191.0) * 2.0 * PI;
..\Math\Src\math_calc.c: 2 warnings, 0 errors
compiling task_swerve.c...
compiling bmi088.c...
compiling task_remote.c...
compiling Yaw_hold.c...
compiling Imu_fusion.c...
compiling Ist8310.c...
linking...
Program Size: Code=37240 RO-data=808 RW-data=580 ZI-data=28212  
FromELF: creating hex file...
"RTOS_IG\RTOS_IG.axf" - 0 Error(s), 3 Warning(s).

<h2>Software Packages used:</h2>

Package Vendor: ARM
                https://www.keil.com/pack/ARM.CMSIS.6.1.0.pack
                ARM::CMSIS@6.1.0
                CMSIS (Common Microcontroller Software Interface Standard)
   * Component: CORE Version: 6.1.0

Package Vendor: Keil
                https://www.keil.com/pack/Keil.STM32F4xx_DFP.3.1.1.pack
                Keil::STM32F4xx_DFP@3.1.1
                STMicroelectronics STM32F4 Series Device Support

<h2>Collection of Component include folders:</h2>
  ./RTE/_RTOS_IG
  E:/keil5MDK/ARM/CMSIS/6.1.0/CMSIS/Core/Include

<h2>Collection of Component Files used:</h2>

   * Component: ARM::CMSIS:CORE@6.1.0
      Include file:  CMSIS/Core/Include/tz_context.h
Build Time Elapsed:  00:00:12
</pre>
</body>
</html>
