Component: Arm Compiler for Embedded 6.24 Tool: armlink [5f371500]

==============================================================================

Section Cross References

    CAN_Task.o(.text.CAN_Task) refers to bsp_tick.o(.text.Delay_ms) for Delay_ms
    CAN_Task.o(.text.CAN_Task) refers to CRC.o(.bss.pre_step_flag) for pre_step_flag
    CAN_Task.o(.text.CAN_Task) refers to dm_motor_ctrl.o(.bss.motor) for motor
    CAN_Task.o(.text.CAN_Task) refers to leg.o(.bss.lf_leg) for lf_leg
    CAN_Task.o(.text.CAN_Task) refers to fdcan.o(.bss.hfdcan1) for hfdcan1
    CAN_Task.o(.text.CAN_Task) refers to leg.o(.bss.rf_leg) for rf_leg
    CAN_Task.o(.text.CAN_Task) refers to Control_Task.o(.bss.ctrl_J_USB) for ctrl_J_USB
    CAN_Task.o(.text.CAN_Task) refers to pid_user.o(.text.pid_call_3) for pid_call_3
    CAN_Task.o(.text.CAN_Task) refers to fdcan_receive.o(.text.FDCAN3_CMD_1) for FDCAN3_CMD_1
    CAN_Task.o(.text.CAN_Task) refers to dm_motor_drv.o(.text.pos_ctrl) for pos_ctrl
    CAN_Task.o(.text.CAN_Task) refers to leg.o(.bss.lb_leg) for lb_leg
    CAN_Task.o(.text.CAN_Task) refers to leg.o(.bss.rb_leg) for rb_leg
    CAN_Task.o(.text.CAN_Task) refers to cmsis_os.o(.text.osDelay) for osDelay
    CAN_Task.o(.text.CAN_Task) refers to CRC.o(.bss.USART_Task_flag) for USART_Task_flag
    CAN_Task.o(.text.CAN_Task) refers to mecanum_classic.o(.bss.total_speed) for total_speed
    CAN_Task.o(.text.CAN_Task) refers to pid_user.o(.text.PID_velocity_realize_2) for PID_velocity_realize_2
    CAN_Task.o(.text.CAN_Task) refers to fdcan_receive.o(.text.FDCAN2_CMD_1) for FDCAN2_CMD_1
    CAN_Task.o(.text.CAN_Task) refers to CRC.o(.bss.pre_step_wheel_speed) for pre_step_wheel_speed
    CAN_Task.o(.text.CAN_Task) refers to Control_Task.o(.bss.ctrl_J_USART) for ctrl_J_USART
    CAN_Task.o(.text.CAN_Task) refers to CRC.o(.bss.USB_Task_flag) for USB_Task_flag
    CAN_Task.o(.text.CAN_Task) refers to Data_Analysis.o(.bss.total_speed_USB) for total_speed_USB
    CAN_Task.o(.ARM.exidx.text.CAN_Task) refers to CAN_Task.o(.text.CAN_Task) for [Anonymous Symbol]
    Control_Task.o(.text.Control_Task) refers to cmsis_os.o(.text.osDelay) for osDelay
    Control_Task.o(.text.Control_Task) refers to usb_device.o(.text.MX_USB_DEVICE_Init) for MX_USB_DEVICE_Init
    Control_Task.o(.text.Control_Task) refers to usart.o(.bss.huart10) for huart10
    Control_Task.o(.text.Control_Task) refers to CRC.o(.bss.btReceiveData) for btReceiveData
    Control_Task.o(.text.Control_Task) refers to stm32h7xx_hal_uart.o(.text.HAL_UART_Receive_IT) for HAL_UART_Receive_IT
    Control_Task.o(.text.Control_Task) refers to bsp_mcu.o(.text.MCU_Init) for MCU_Init
    Control_Task.o(.text.Control_Task) refers to arm_user.o(.text.ArmIK_ComponentInit) for ArmIK_ComponentInit
    Control_Task.o(.text.Control_Task) refers to arm_tools.o(.bss.clamp) for clamp
    Control_Task.o(.text.Control_Task) refers to arm_tools.o(.text.clamp_init) for clamp_init
    Control_Task.o(.text.Control_Task) refers to arm_tools.o(.bss.chuck) for chuck
    Control_Task.o(.text.Control_Task) refers to arm_tools.o(.text.chuck_init) for chuck_init
    Control_Task.o(.text.Control_Task) refers to mecanum_classic.o(.bss.total_vel) for total_vel
    Control_Task.o(.text.Control_Task) refers to bsp_usb.o(.bss.usb_Buf) for usb_Buf
    Control_Task.o(.text.Control_Task) refers to leg.o(.bss.lf_leg) for lf_leg
    Control_Task.o(.text.Control_Task) refers to CRC.o(.bss.arm_Y) for arm_Y
    Control_Task.o(.text.Control_Task) refers to Control_Task.o(.bss.model_theta1) for model_theta1
    Control_Task.o(.text.Control_Task) refers to Control_Task.o(.bss.model_theta2) for model_theta2
    Control_Task.o(.text.Control_Task) refers to Control_Task.o(.bss.model_theta3) for model_theta3
    Control_Task.o(.text.Control_Task) refers to Control_Task.o(.bss.ctrl_j1) for ctrl_j1
    Control_Task.o(.text.Control_Task) refers to Control_Task.o(.bss.ctrl_j2) for ctrl_j2
    Control_Task.o(.text.Control_Task) refers to Control_Task.o(.bss.ctrl_j3) for ctrl_j3
    Control_Task.o(.text.Control_Task) refers to usbd_cdc_if.o(.text.CDC_App_Read) for CDC_App_Read
    Control_Task.o(.text.Control_Task) refers to bsp_usb.o(.text.Receive) for Receive
    Control_Task.o(.text.Control_Task) refers to leg.o(.bss.LEG_Cmd) for LEG_Cmd
    Control_Task.o(.text.Control_Task) refers to CRC.o(.text.BT_Data_MAC_Process) for BT_Data_MAC_Process
    Control_Task.o(.text.Control_Task) refers to CRC.o(.bss.USART_Task_flag) for USART_Task_flag
    Control_Task.o(.text.Control_Task) refers to arm_tools.o(.text.chuck_state_machine_run) for chuck_state_machine_run
    Control_Task.o(.text.Control_Task) refers to arm_tools.o(.text.clamp_state_machine_run) for clamp_state_machine_run
    Control_Task.o(.text.Control_Task) refers to mecanum_classic.o(.data.mecParam) for mecParam
    Control_Task.o(.text.Control_Task) refers to mecanum_classic.o(.bss.total_speed) for total_speed
[...]
    0x080003d2   0x080003d2   0x00000000   Code   RO         3538    .ARM.Collect$$libshutdown$$00000007  c_w.l(libshutdown2.o)
    0x080003d2   0x080003d2   0x00000000   Code   RO         3541    .ARM.Collect$$libshutdown$$0000000A  c_w.l(libshutdown2.o)
    0x080003d2   0x080003d2   0x00000000   Code   RO         3543    .ARM.Collect$$libshutdown$$0000000C  c_w.l(libshutdown2.o)
    0x080003d2   0x080003d2   0x00000000   Code   RO         3546    .ARM.Collect$$libshutdown$$0000000F  c_w.l(libshutdown2.o)
    0x080003d2   0x080003d2   0x00000002   Code   RO         3547    .ARM.Collect$$libshutdown$$00000010  c_w.l(libshutdown2.o)
    0x080003d4   0x080003d4   0x00000000   Code   RO         3346    .ARM.Collect$$rtentry$$00000000  c_w.l(__rtentry.o)
    0x080003d4   0x080003d4   0x00000000   Code   RO         3378    .ARM.Collect$$rtentry$$00000002  c_w.l(__rtentry2.o)
    0x080003d4   0x080003d4   0x00000006   Code   RO         3390    .ARM.Collect$$rtentry$$00000004  c_w.l(__rtentry4.o)
    0x080003da   0x080003da   0x00000000   Code   RO         3380    .ARM.Collect$$rtentry$$00000009  c_w.l(__rtentry2.o)
    0x080003da   0x080003da   0x00000004   Code   RO         3381    .ARM.Collect$$rtentry$$0000000A  c_w.l(__rtentry2.o)
    0x080003de   0x080003de   0x00000000   Code   RO         3383    .ARM.Collect$$rtentry$$0000000C  c_w.l(__rtentry2.o)
    0x080003de   0x080003de   0x00000008   Code   RO         3384    .ARM.Collect$$rtentry$$0000000D  c_w.l(__rtentry2.o)
    0x080003e6   0x080003e6   0x00000002   Code   RO         3416    .ARM.Collect$$rtexit$$00000000  c_w.l(rtexit.o)
    0x080003e8   0x080003e8   0x00000000   Code   RO         3476    .ARM.Collect$$rtexit$$00000002  c_w.l(rtexit2.o)
    0x080003e8   0x080003e8   0x00000004   Code   RO         3477    .ARM.Collect$$rtexit$$00000003  c_w.l(rtexit2.o)
    0x080003ec   0x080003ec   0x00000006   Code   RO         3478    .ARM.Collect$$rtexit$$00000004  c_w.l(rtexit2.o)
    0x080003f2   0x080003f2   0x00000002   PAD
    0x080003f4   0x080003f4   0x00000048   Code   RO          605    .text               startup_stm32h723xx.o
    0x0800043c   0x0800043c   0x000000f0   Code   RO         3304    .text               c_w.l(lludivv7m.o)
    0x0800052c   0x0800052c   0x0000008a   Code   RO         3306    .text               c_w.l(rt_memcpy_v6.o)
    0x080005b6   0x080005b6   0x0000004e   Code   RO         3310    .text               c_w.l(rt_memclr_w.o)
    0x08000604   0x08000604   0x00000006   Code   RO         3312    .text               c_w.l(heapauxi.o)
    0x0800060a   0x0800060a   0x00000016   Code   RO         3351    .text               c_w.l(_rserrno.o)
    0x08000620   0x08000620   0x00000064   Code   RO         3353    .text               c_w.l(rt_memcpy_w.o)
    0x08000684   0x08000684   0x00000008   Code   RO         3397    .text               c_w.l(rt_errno_addr_intlibspace.o)
    0x0800068c   0x0800068c   0x00000008   Code   RO         3399    .text               c_w.l(libspace.o)
    0x08000694   0x08000694   0x0000004a   Code   RO         3402    .text               c_w.l(sys_stackheap_outer.o)
    0x080006de   0x080006de   0x00000012   Code   RO         3404    .text               c_w.l(exit.o)
    0x080006f0   0x080006f0   0x0000000c   Code   RO         3471    .text               c_w.l(sys_exit.o)
    0x080006fc   0x080006fc   0x00000002   Code   RO         3494    .text               c_w.l(use_no_semi.o)
    0x080006fe   0x080006fe   0x00000000   Code   RO         3496    .text               c_w.l(indicate_semi.o)
    0x080006fe   0x080006fe   0x00000002   PAD
    0x08000700   0x08000700   0x0000001c   Code   RO          407    .text.Arm3R_DegToRad  arm_ik_3r_safe_stm32h7.o
    0x0800071c   0x0800071c   0x00000004   PAD
    0x08000720   0x08000720   0x0000005a   Code   RO          431    .text.Arm3R_GeomCtrlToMotorCtrl  arm_ik_3r_safe_stm32h7.o
    0x0800077a   0x0800077a   0x00000006   PAD
    0x08000780   0x08000780   0x00000008   Code   RO          417    .text.Arm3R_GetResult  arm_ik_3r_safe_stm32h7.o
    0x08000788   0x08000788   0x0000004e   Code   RO          415    .text.Arm3R_Init    arm_ik_3r_safe_stm32h7.o
    0x080007d6   0x080007d6   0x00000002   PAD
    0x080007d8   0x080007d8   0x0000001c   Code   RO          409    .text.Arm3R_RadToDeg  arm_ik_3r_safe_stm32h7.o
    0x080007f4   0x080007f4   0x00000004   PAD
    0x080007f8   0x080007f8   0x00000460   Code   RO          429    .text.Arm3R_Solve   arm_ik_3r_safe_stm32h7.o
    0x08000c58   0x08000c58   0x0000011e   Code   RO          465    .text.ArmEchoUart10_BuildPacket  arm_echo_uart10.o
    0x08000d76   0x08000d76   0x00000002   PAD
    0x08000d78   0x08000d78   0x0000000e   Code   RO          473    .text.ArmEchoUart10_ErrorHandler  arm_echo_uart10.o
    0x08000d86   0x08000d86   0x00000002   PAD
    0x08000d88   0x08000d88   0x0000000c   Code   RO          467    .text.ArmEchoUart10_IsBusy  arm_echo_uart10.o
    0x08000d94   0x08000d94   0x00000004   PAD
    0x08000d98   0x08000d98   0x0000004a   Code   RO          469    .text.ArmEchoUart10_StartSend_IT  arm_echo_uart10.o
    0x08000de2   0x08000de2   0x00000006   PAD
    0x08000de8   0x08000de8   0x0000000e   Code   RO          471    .text.ArmEchoUart10_TxCpltHandler  arm_echo_uart10.o
    0x08000df6   0x08000df6   0x00000002   PAD
    0x08000df8   0x08000df8   0x00000074   Code   RO          441    .text.ArmIK_ComponentInit  arm_user.o
    0x08000e6c   0x08000e6c   0x00000004   PAD
    0x08000e70   0x08000e70   0x00000210   Code   RO          443    .text.ArmIK_ComponentStep  arm_user.o
    0x08001080   0x08001080   0x0000000a   Code   RO          449    .text.ArmIK_GetAppState  arm_user.o
    0x0800108a   0x0800108a   0x00000006   PAD
    0x08001090   0x08001090   0x000000a8   Code   RO           17    .text.Arm_task_USB  Control_Task.o
    0x08001138   0x08001138   0x00000428   Code   RO          332    .text.BT_Data_MAC_Process  CRC.o
    0x08001560   0x08001560   0x00000002   Code   RO          733    .text.BusFault_Handler  stm32h7xx_it.o
    0x08001562   0x08001562   0x00000006   PAD
    0x08001568   0x08001568   0x000003e4   Code   RO            2    .text.CAN_Task      CAN_Task.o
    0x0800194c   0x0800194c   0x00000004   PAD
    0x08001950   0x08001950   0x0000005c   Code   RO          853    .text.CDC_App_Read  usbd_cdc_if.o
    0x080019ac   0x080019ac   0x00000004   PAD
    0x080019b0   0x080019b0   0x00000024   Code   RO          849    .text.CDC_App_TxFree  usbd_cdc_if.o
    0x080019d4   0x080019d4   0x00000004   PAD
    0x080019d8   0x080019d8   0x000000ec   Code   RO          855    .text.CDC_App_Write  usbd_cdc_if.o
    0x08001ac4   0x08001ac4   0x00000004   PAD
    0x08001ac8   0x08001ac8   0x00000016   Code   RO          837    .text.CDC_Control_HS  usbd_cdc_if.o
    0x08001ade   0x08001ade   0x00000002   PAD
    0x08001ae0   0x08001ae0   0x00000004   Code   RO          835    .text.CDC_DeInit_HS  usbd_cdc_if.o
    0x08001ae4   0x08001ae4   0x00000004   PAD
    0x08001ae8   0x08001ae8   0x00000070   Code   RO          833    .text.CDC_Init_HS   usbd_cdc_if.o
    0x08001b58   0x08001b58   0x00000076   Code   RO          839    .text.CDC_Receive_HS  usbd_cdc_if.o
    0x08001bce   0x08001bce   0x00000002   PAD
    0x08001bd0   0x08001bd0   0x00000004   Code   RO          841    .text.CDC_TransmitCplt_HS  usbd_cdc_if.o
    0x08001bd4   0x08001bd4   0x00000004   PAD
    0x08001bd8   0x08001bd8   0x0000001e   Code   RO           86    .text.Chassis_Yaw_PID_Clear  pid_user.o
    0x08001bf6   0x08001bf6   0x00000002   PAD
    0x08001bf8   0x08001bf8   0x00000020   Code   RO           82    .text.Chassis_Yaw_Robot_Frame_Ctrl  pid_user.o
    0x08001c18   0x08001c18   0x00000094   Code   RO           84    .text.Chassis_Yaw_World_Frame_Ctrl  pid_user.o
    0x08001cac   0x08001cac   0x00000004   PAD
    0x08001cb0   0x08001cb0   0x00000398   Code   RO           11    .text.Control_Task  Control_Task.o
    0x08002048   0x08002048   0x000005fc   Code   RO          486    .text.Data_Analysis  Data_Analysis.o
    0x08002644   0x08002644   0x00000004   PAD
    0x08002648   0x08002648   0x00000002   Code   RO          737    .text.DebugMon_Handler  stm32h7xx_it.o
    0x0800264a   0x0800264a   0x00000006   PAD
    0x08002650   0x08002650   0x00000018   Code   RO          551    .text.Delay_ms      bsp_tick.o
    0x08002668   0x08002668   0x0000000a   Code   RO          616    .text.Error_Handler  main.o
    0x08002672   0x08002672   0x00000006   PAD
    0x08002678   0x08002678   0x0000001a   Code   RO         2703    .text.ExitRun0Mode  system_stm32h7xx.o
    0x08002692   0x08002692   0x00000006   PAD
    0x08002698   0x08002698   0x0000000c   Code   RO          739    .text.FDCAN1_IT0_IRQHandler  stm32h7xx_it.o
    0x080026a4   0x080026a4   0x00000004   PAD
    0x080026a8   0x080026a8   0x0000000c   Code   RO          743    .text.FDCAN1_IT1_IRQHandler  stm32h7xx_it.o
    0x080026b4   0x080026b4   0x00000004   PAD
    0x080026b8   0x080026b8   0x00000062   Code   RO          186    .text.FDCAN2_CMD_1  fdcan_receive.o
    0x0800271a   0x0800271a   0x00000006   PAD
    0x08002720   0x08002720   0x00000054   Code   RO          525    .text.FDCAN2_Filter_Init  bsp_fdcan.o
    0x08002774   0x08002774   0x00000004   PAD
    0x08002778   0x08002778   0x0000000c   Code   RO          741    .text.FDCAN2_IT0_IRQHandler  stm32h7xx_it.o
    0x08002784   0x08002784   0x00000004   PAD
    0x08002788   0x08002788   0x0000000c   Code   RO          745    .text.FDCAN2_IT1_IRQHandler  stm32h7xx_it.o
    0x08002794   0x08002794   0x00000004   PAD
    0x08002798   0x08002798   0x00000062   Code   RO          190    .text.FDCAN3_CMD_1  fdcan_receive.o
    0x080027fa   0x080027fa   0x00000006   PAD
    0x08002800   0x08002800   0x00000056   Code   RO          527    .text.FDCAN3_Filter_Init  bsp_fdcan.o
    0x08002856   0x08002856   0x00000002   PAD
    0x08002858   0x08002858   0x0000000c   Code   RO          759    .text.FDCAN3_IT0_IRQHandler  stm32h7xx_it.o
    0x08002864   0x08002864   0x00000004   PAD
    0x08002868   0x08002868   0x0000000c   Code   RO          761    .text.FDCAN3_IT1_IRQHandler  stm32h7xx_it.o
    0x08002874   0x08002874   0x00000004   PAD
    0x08002878   0x08002878   0x0000007a   Code   RO         2377    .text.FDCAN_CopyMessageToRAM  stm32h7xx_hal_fdcan.o
    0x080028f2   0x080028f2   0x00000006   PAD
    0x080028f8   0x080028f8   0x000004e0   Code   RO         1712    .text.HAL_DMA_Abort  stm32h7xx_hal_dma.o
    0x08002dd8   0x08002dd8   0x00000298   Code   RO         1714    .text.HAL_DMA_Abort_IT  stm32h7xx_hal_dma.o
    0x08003070   0x08003070   0x00000028   Code   RO         2006    .text.HAL_Delay     stm32h7xx_hal.o
    0x08003098   0x08003098   0x00000078   Code   RO         2455    .text.HAL_FDCAN_ActivateNotification  stm32h7xx_hal_fdcan.o
    0x08003110   0x08003110   0x0000006a   Code   RO         2375    .text.HAL_FDCAN_AddMessageToTxFifoQ  stm32h7xx_hal_fdcan.o
    0x0800317a   0x0800317a   0x00000006   PAD
    0x08003180   0x08003180   0x00000002   Code   RO         2469    .text.HAL_FDCAN_ClockCalibrationCallback  stm32h7xx_hal_fdcan.o
    0x08003182   0x08003182   0x00000006   PAD
    0x08003188   0x08003188   0x0000005a   Code   RO         2335    .text.HAL_FDCAN_ConfigFifoWatermark  stm32h7xx_hal_fdcan.o
    0x080031e2   0x080031e2   0x00000006   PAD
    0x080031e8   0x080031e8   0x00000088   Code   RO         2327    .text.HAL_FDCAN_ConfigFilter  stm32h7xx_hal_fdcan.o
    0x08003270   0x08003270   0x00000036   Code   RO         2329    .text.HAL_FDCAN_ConfigGlobalFilter  stm32h7xx_hal_fdcan.o
    0x080032a6   0x080032a6   0x00000002   PAD
    0x080032a8   0x080032a8   0x00000098   Code   RO         2309    .text.HAL_FDCAN_DeInit  stm32h7xx_hal_fdcan.o
    0x08003340   0x08003340   0x00000002   Code   RO         2497    .text.HAL_FDCAN_ErrorCallback  stm32h7xx_hal_fdcan.o
    0x08003342   0x08003342   0x00000006   PAD
    0x08003348   0x08003348   0x00000012   Code   RO          521    .text.HAL_FDCAN_ErrorStatusCallback  bsp_fdcan.o
    0x0800335a   0x0800335a   0x00000006   PAD
    0x08003360   0x08003360   0x00000188   Code   RO         2387    .text.HAL_FDCAN_GetRxMessage  stm32h7xx_hal_fdcan.o
    0x080034e8   0x080034e8   0x00000002   Code   RO         2465    .text.HAL_FDCAN_HighPriorityMessageCallback  stm32h7xx_hal_fdcan.o
    0x080034ea   0x080034ea   0x00000006   PAD
    0x080034f0   0x080034f0   0x00000326   Code   RO         2463    .text.HAL_FDCAN_IRQHandler  stm32h7xx_hal_fdcan.o
    0x08003816   0x08003816   0x00000002   PAD
    0x08003818   0x08003818   0x000003c2   Code   RO         2305    .text.HAL_FDCAN_Init  stm32h7xx_hal_fdcan.o
    0x08003bda   0x08003bda   0x00000006   PAD
    0x08003be0   0x08003be0   0x000000d8   Code   RO          676    .text.HAL_FDCAN_MspDeInit  fdcan.o
    0x08003cb8   0x08003cb8   0x000001be   Code   RO          674    .text.HAL_FDCAN_MspInit  fdcan.o
    0x08003e76   0x08003e76   0x00000002   PAD
    0x08003e78   0x08003e78   0x00000002   Code   RO         2481    .text.HAL_FDCAN_RxBufferNewMessageCallback  stm32h7xx_hal_fdcan.o
    0x08003e7a   0x08003e7a   0x00000006   PAD
    0x08003e80   0x08003e80   0x00000012   Code   RO          529    .text.HAL_FDCAN_RxFifo0Callback  bsp_fdcan.o
    0x08003e92   0x08003e92   0x00000006   PAD
    0x08003e98   0x08003e98   0x000000bc   Code   RO          531    .text.HAL_FDCAN_RxFifo1Callback  bsp_fdcan.o
    0x08003f54   0x08003f54   0x00000004   PAD
    0x08003f58   0x08003f58   0x00000032   Code   RO         2373    .text.HAL_FDCAN_Start  stm32h7xx_hal_fdcan.o
    0x08003f8a   0x08003f8a   0x00000006   PAD
    0x08003f90   0x08003f90   0x00000002   Code   RO         2495    .text.HAL_FDCAN_TT_GlobalTimeCallback  stm32h7xx_hal_fdcan.o
    0x08003f92   0x08003f92   0x00000006   PAD
    0x08003f98   0x08003f98   0x00000002   Code   RO         2489    .text.HAL_FDCAN_TT_ScheduleSyncCallback  stm32h7xx_hal_fdcan.o
    0x08003f9a   0x08003f9a   0x00000006   PAD
    0x08003fa0   0x08003fa0   0x00000002   Code   RO         2493    .text.HAL_FDCAN_TT_StopWatchCallback  stm32h7xx_hal_fdcan.o
    0x08003fa2   0x08003fa2   0x00000006   PAD
    0x08003fa8   0x08003fa8   0x00000002   Code   RO         2491    .text.HAL_FDCAN_TT_TimeMarkCallback  stm32h7xx_hal_fdcan.o
    0x08003faa   0x08003faa   0x00000006   PAD
    0x08003fb0   0x08003fb0   0x00000002   Code   RO         2485    .text.HAL_FDCAN_TimeoutOccurredCallback  stm32h7xx_hal_fdcan.o
    0x08003fb2   0x08003fb2   0x00000006   PAD
    0x08003fb8   0x08003fb8   0x00000002   Code   RO         2483    .text.HAL_FDCAN_TimestampWraparoundCallback  stm32h7xx_hal_fdcan.o
    0x08003fba   0x08003fba   0x00000006   PAD
    0x08003fc0   0x08003fc0   0x00000002   Code   RO         2467    .text.HAL_FDCAN_TxBufferAbortCallback  stm32h7xx_hal_fdcan.o
    0x08003fc2   0x08003fc2   0x00000006   PAD
    0x08003fc8   0x08003fc8   0x00000002   Code   RO         2479    .text.HAL_FDCAN_TxBufferCompleteCallback  stm32h7xx_hal_fdcan.o
    0x08003fca   0x08003fca   0x00000006   PAD
    0x08003fd0   0x08003fd0   0x00000002   Code   RO         2471    .text.HAL_FDCAN_TxEventFifoCallback  stm32h7xx_hal_fdcan.o
    0x08003fd2   0x08003fd2   0x00000006   PAD
    0x08003fd8   0x08003fd8   0x00000002   Code   RO         2477    .text.HAL_FDCAN_TxFifoEmptyCallback  stm32h7xx_hal_fdcan.o
    0x08003fda   0x08003fda   0x00000006   PAD
    0x08003fe0   0x08003fe0   0x0000011c   Code   RO         1648    .text.HAL_GPIO_DeInit  stm32h7xx_hal_gpio.o
    0x080040fc   0x080040fc   0x00000004   PAD
    0x08004100   0x08004100   0x000001a2   Code   RO         1646    .text.HAL_GPIO_Init  stm32h7xx_hal_gpio.o
    0x080042a2   0x080042a2   0x00000006   PAD
    0x080042a8   0x080042a8   0x0000000a   Code   RO         1652    .text.HAL_GPIO_WritePin  stm32h7xx_hal_gpio.o
    0x080042b2   0x080042b2   0x00000006   PAD
    0x080042b8   0x080042b8   0x0000000c   Code   RO         1998    .text.HAL_GetTick   stm32h7xx_hal.o
    0x080042c4   0x080042c4   0x00000004   PAD
    0x080042c8   0x080042c8   0x0000001a   Code   RO         1996    .text.HAL_IncTick   stm32h7xx_hal.o
    0x080042e2   0x080042e2   0x00000006   PAD
    0x080042e8   0x080042e8   0x00000064   Code   RO         1986    .text.HAL_Init      stm32h7xx_hal.o
    0x0800434c   0x0800434c   0x00000004   PAD
    0x08004350   0x08004350   0x000000a4   Code   RO          779    .text.HAL_InitTick  stm32h7xx_hal_timebase_tim.o
    0x080043f4   0x080043f4   0x00000004   PAD
    0x080043f8   0x080043f8   0x0000005e   Code   RO         1956    .text.HAL_MPU_ConfigRegion  stm32h7xx_hal_cortex.o
    0x08004456   0x08004456   0x00000002   PAD
    0x08004458   0x08004458   0x0000001a   Code   RO         1948    .text.HAL_MPU_Disable  stm32h7xx_hal_cortex.o
    0x08004472   0x08004472   0x00000006   PAD
    0x08004478   0x08004478   0x00000020   Code   RO         1950    .text.HAL_MPU_Enable  stm32h7xx_hal_cortex.o
    0x08004498   0x08004498   0x0000002a   Code   RO          770    .text.HAL_MspInit   stm32h7xx_hal_msp.o
    0x080044c2   0x080044c2   0x00000006   PAD
    0x080044c8   0x080044c8   0x0000002a   Code   RO         1940    .text.HAL_NVIC_DisableIRQ  stm32h7xx_hal_cortex.o
    0x080044f2   0x080044f2   0x00000006   PAD
    0x080044f8   0x080044f8   0x00000022   Code   RO         1938    .text.HAL_NVIC_EnableIRQ  stm32h7xx_hal_cortex.o
    0x0800451a   0x0800451a   0x00000006   PAD
    0x08004520   0x08004520   0x0000005a   Code   RO         1936    .text.HAL_NVIC_SetPriority  stm32h7xx_hal_cortex.o
    0x0800457a   0x0800457a   0x00000006   PAD
    0x08004580   0x08004580   0x00000020   Code   RO         1934    .text.HAL_NVIC_SetPriorityGrouping  stm32h7xx_hal_cortex.o
    0x080045a0   0x080045a0   0x00000026   Code   RO         1359    .text.HAL_PCDEx_ActivateLPM  stm32h7xx_hal_pcd_ex.o
    0x080045c6   0x080045c6   0x00000002   PAD
    0x080045c8   0x080045c8   0x00000002   Code   RO         1371    .text.HAL_PCDEx_LPM_Callback  stm32h7xx_hal_pcd_ex.o
    0x080045ca   0x080045ca   0x00000006   PAD
    0x080045d0   0x080045d0   0x00000008   Code   RO         1357    .text.HAL_PCDEx_SetRxFiFo  stm32h7xx_hal_pcd_ex.o
    0x080045d8   0x080045d8   0x0000004e   Code   RO         1355    .text.HAL_PCDEx_SetTxFiFo  stm32h7xx_hal_pcd_ex.o
    0x08004626   0x08004626   0x00000002   PAD
    0x08004628   0x08004628   0x00000008   Code   RO          898    .text.HAL_PCD_ConnectCallback  usbd_conf.o
    0x08004630   0x08004630   0x00000012   Code   RO          884    .text.HAL_PCD_DataInStageCallback  usbd_conf.o
    0x08004642   0x08004642   0x00000006   PAD
    0x08004648   0x08004648   0x00000014   Code   RO          882    .text.HAL_PCD_DataOutStageCallback  usbd_conf.o
    0x0800465c   0x0800465c   0x00000004   PAD
    0x08004660   0x08004660   0x00000008   Code   RO          900    .text.HAL_PCD_DisconnectCallback  usbd_conf.o
    0x08004668   0x08004668   0x00000050   Code   RO         1325    .text.HAL_PCD_EP_Close  stm32h7xx_hal_pcd.o
    0x080046b8   0x080046b8   0x0000005e   Code   RO         1335    .text.HAL_PCD_EP_ClrStall  stm32h7xx_hal_pcd.o
    0x08004716   0x08004716   0x00000002   PAD
    0x08004718   0x08004718   0x00000012   Code   RO         1329    .text.HAL_PCD_EP_GetRxCount  stm32h7xx_hal_pcd.o
    0x0800472a   0x0800472a   0x00000006   PAD
    0x08004730   0x08004730   0x00000062   Code   RO         1323    .text.HAL_PCD_EP_Open  stm32h7xx_hal_pcd.o
    0x08004792   0x08004792   0x00000006   PAD
    0x08004798   0x08004798   0x00000038   Code   RO         1327    .text.HAL_PCD_EP_Receive  stm32h7xx_hal_pcd.o
    0x080047d0   0x080047d0   0x0000006a   Code   RO         1333    .text.HAL_PCD_EP_SetStall  stm32h7xx_hal_pcd.o
    0x0800483a   0x0800483a   0x00000006   PAD
    0x08004840   0x08004840   0x0000003c   Code   RO         1331    .text.HAL_PCD_EP_Transmit  stm32h7xx_hal_pcd.o
    0x0800487c   0x0800487c   0x00000004   PAD
    0x08004880   0x08004880   0x000007ce   Code   RO         1291    .text.HAL_PCD_IRQHandler  stm32h7xx_hal_pcd.o
    0x0800504e   0x0800504e   0x00000002   PAD
    0x08005050   0x08005050   0x00000008   Code   RO          896    .text.HAL_PCD_ISOINIncompleteCallback  usbd_conf.o
    0x08005058   0x08005058   0x00000008   Code   RO          894    .text.HAL_PCD_ISOOUTIncompleteCallback  usbd_conf.o
    0x08005060   0x08005060   0x000000f0   Code   RO         1279    .text.HAL_PCD_Init  stm32h7xx_hal_pcd.o
    0x08005150   0x08005150   0x0000008a   Code   RO          876    .text.HAL_PCD_MspInit  usbd_conf.o
    0x080051da   0x080051da   0x00000006   PAD
    0x080051e0   0x080051e0   0x00000026   Code   RO          888    .text.HAL_PCD_ResetCallback  usbd_conf.o
    0x08005206   0x08005206   0x00000002   PAD
    0x08005208   0x08005208   0x00000008   Code   RO          892    .text.HAL_PCD_ResumeCallback  usbd_conf.o
    0x08005210   0x08005210   0x00000008   Code   RO          886    .text.HAL_PCD_SOFCallback  usbd_conf.o
    0x08005218   0x08005218   0x00000028   Code   RO         1321    .text.HAL_PCD_SetAddress  stm32h7xx_hal_pcd.o
    0x08005240   0x08005240   0x0000000e   Code   RO          880    .text.HAL_PCD_SetupStageCallback  usbd_conf.o
    0x0800524e   0x0800524e   0x00000002   PAD
    0x08005250   0x08005250   0x0000003e   Code   RO         1287    .text.HAL_PCD_Start  stm32h7xx_hal_pcd.o
    0x0800528e   0x0800528e   0x00000002   PAD
    0x08005290   0x08005290   0x00000034   Code   RO          890    .text.HAL_PCD_SuspendCallback  usbd_conf.o
    0x080052c4   0x080052c4   0x00000004   PAD
    0x080052c8   0x080052c8   0x00000048   Code   RO         1850    .text.HAL_PWREx_ConfigSupply  stm32h7xx_hal_pwr_ex.o
    0x08005310   0x08005310   0x00000012   Code   RO         1900    .text.HAL_PWREx_EnableUSBVoltageDetector  stm32h7xx_hal_pwr_ex.o
    0x08005322   0x08005322   0x00000006   PAD
    0x08005328   0x08005328   0x00000026   Code   RO         1537    .text.HAL_RCCEx_GetD3PCLK1Freq  stm32h7xx_hal_rcc_ex.o
    0x0800534e   0x0800534e   0x00000002   PAD
    0x08005350   0x08005350   0x00000120   Code   RO         1533    .text.HAL_RCCEx_GetPLL2ClockFreq  stm32h7xx_hal_rcc_ex.o
    0x08005470   0x08005470   0x00000120   Code   RO         1535    .text.HAL_RCCEx_GetPLL3ClockFreq  stm32h7xx_hal_rcc_ex.o
    0x08005590   0x08005590   0x00000962   Code   RO         1521    .text.HAL_RCCEx_PeriphCLKConfig  stm32h7xx_hal_rcc_ex.o
    0x08005ef2   0x08005ef2   0x00000006   PAD
    0x08005ef8   0x08005ef8   0x0000024a   Code   RO         1489    .text.HAL_RCC_ClockConfig  stm32h7xx_hal_rcc.o
    0x08006142   0x08006142   0x00000006   PAD
    0x08006148   0x08006148   0x00000058   Code   RO         1507    .text.HAL_RCC_GetClockConfig  stm32h7xx_hal_rcc.o
    0x080061a0   0x080061a0   0x0000004c   Code   RO         1499    .text.HAL_RCC_GetHCLKFreq  stm32h7xx_hal_rcc.o
    0x080061ec   0x080061ec   0x00000004   PAD
    0x080061f0   0x080061f0   0x00000060   Code   RO         1501    .text.HAL_RCC_GetPCLK1Freq  stm32h7xx_hal_rcc.o
    0x08006250   0x08006250   0x00000060   Code   RO         1503    .text.HAL_RCC_GetPCLK2Freq  stm32h7xx_hal_rcc.o
    0x080062b0   0x080062b0   0x00000114   Code   RO         1491    .text.HAL_RCC_GetSysClockFreq  stm32h7xx_hal_rcc.o
    0x080063c4   0x080063c4   0x00000004   PAD
    0x080063c8   0x080063c8   0x000005ce   Code   RO         1487    .text.HAL_RCC_OscConfig  stm32h7xx_hal_rcc.o
    0x08006996   0x08006996   0x00000002   PAD
    0x08006998   0x08006998   0x00000002   Code   RO         1265    .text.HAL_TIMEx_Break2Callback  stm32h7xx_hal_tim_ex.o
    0x0800699a   0x0800699a   0x00000006   PAD
    0x080069a0   0x080069a0   0x00000002   Code   RO         1263    .text.HAL_TIMEx_BreakCallback  stm32h7xx_hal_tim_ex.o
    0x080069a2   0x080069a2   0x00000006   PAD
    0x080069a8   0x080069a8   0x00000002   Code   RO         1259    .text.HAL_TIMEx_CommutCallback  stm32h7xx_hal_tim_ex.o
    0x080069aa   0x080069aa   0x00000006   PAD
    0x080069b0   0x080069b0   0x000000e4   Code   RO         1243    .text.HAL_TIMEx_MasterConfigSynchronization  stm32h7xx_hal_tim_ex.o
    0x08006a94   0x08006a94   0x00000004   PAD
    0x08006a98   0x08006a98   0x00000060   Code   RO          948    .text.HAL_TIM_Base_Init  stm32h7xx_hal_tim.o
    0x08006af8   0x08006af8   0x00000072   Code   RO          695    .text.HAL_TIM_Base_MspInit  tim.o
    0x08006b6a   0x08006b6a   0x00000006   PAD
    0x08006b70   0x08006b70   0x000000ca   Code   RO          962    .text.HAL_TIM_Base_Start_IT  stm32h7xx_hal_tim.o
    0x08006c3a   0x08006c3a   0x00000006   PAD
    0x08006c40   0x08006c40   0x000001f4   Code   RO         1128    .text.HAL_TIM_ConfigClockSource  stm32h7xx_hal_tim.o
    0x08006e34   0x08006e34   0x00000004   PAD
    0x08006e38   0x08006e38   0x00000002   Code   RO         1084    .text.HAL_TIM_IC_CaptureCallback  stm32h7xx_hal_tim.o
    0x08006e3a   0x08006e3a   0x00000006   PAD
    0x08006e40   0x08006e40   0x00000166   Code   RO         1082    .text.HAL_TIM_IRQHandler  stm32h7xx_hal_tim.o
    0x08006fa6   0x08006fa6   0x00000002   PAD
    0x08006fa8   0x08006fa8   0x00000002   Code   RO         1086    .text.HAL_TIM_OC_DelayElapsedCallback  stm32h7xx_hal_tim.o
    0x08006faa   0x08006faa   0x00000006   PAD
    0x08006fb0   0x08006fb0   0x00000002   Code   RO         1088    .text.HAL_TIM_PWM_PulseFinishedCallback  stm32h7xx_hal_tim.o
    0x08006fb2   0x08006fb2   0x00000006   PAD
    0x08006fb8   0x08006fb8   0x000000c4   Code   RO          618    .text.HAL_TIM_PeriodElapsedCallback  main.o
    0x0800707c   0x0800707c   0x00000004   PAD
    0x08007080   0x08007080   0x00000002   Code   RO         1092    .text.HAL_TIM_TriggerCallback  stm32h7xx_hal_tim.o
    0x08007082   0x08007082   0x00000006   PAD
    0x08007088   0x08007088   0x00000036   Code   RO         2676    .text.HAL_UARTEx_DisableFifoMode  stm32h7xx_hal_uart_ex.o
    0x080070be   0x080070be   0x00000002   PAD
    0x080070c0   0x080070c0   0x00000002   Code   RO         2603    .text.HAL_UARTEx_RxEventCallback  stm32h7xx_hal_uart.o
    0x080070c2   0x080070c2   0x00000006   PAD
    0x080070c8   0x080070c8   0x00000002   Code   RO         2662    .text.HAL_UARTEx_RxFifoFullCallback  stm32h7xx_hal_uart_ex.o
    0x080070ca   0x080070ca   0x00000006   PAD
    0x080070d0   0x080070d0   0x00000092   Code   RO         2680    .text.HAL_UARTEx_SetRxFifoThreshold  stm32h7xx_hal_uart_ex.o
    0x08007162   0x08007162   0x00000006   PAD
    0x08007168   0x08007168   0x00000092   Code   RO         2678    .text.HAL_UARTEx_SetTxFifoThreshold  stm32h7xx_hal_uart_ex.o
    0x080071fa   0x080071fa   0x00000006   PAD
    0x08007200   0x08007200   0x00000002   Code   RO         2664    .text.HAL_UARTEx_TxFifoEmptyCallback  stm32h7xx_hal_uart_ex.o
    0x08007202   0x08007202   0x00000006   PAD
    0x08007208   0x08007208   0x00000002   Code   RO         2660    .text.HAL_UARTEx_WakeupCallback  stm32h7xx_hal_uart_ex.o
    0x0800720a   0x0800720a   0x00000006   PAD
    0x08007210   0x08007210   0x00000052   Code   RO          563    .text.HAL_UART_ErrorCallback  bsp_uart.o
    0x08007262   0x08007262   0x00000006   PAD
    0x08007268   0x08007268   0x000003ae   Code   RO         2597    .text.HAL_UART_IRQHandler  stm32h7xx_hal_uart.o
    0x08007616   0x08007616   0x00000002   PAD
    0x08007618   0x08007618   0x00000064   Code   RO         2513    .text.HAL_UART_Init  stm32h7xx_hal_uart.o
    0x0800767c   0x0800767c   0x00000004   PAD
    0x08007680   0x08007680   0x00000114   Code   RO          713    .text.HAL_UART_MspInit  usart.o
    0x08007794   0x08007794   0x00000004   PAD
    0x08007798   0x08007798   0x0000005e   Code   RO         2549    .text.HAL_UART_Receive_IT  stm32h7xx_hal_uart.o
    0x080077f6   0x080077f6   0x00000002   PAD
    0x080077f8   0x080077f8   0x0000006c   Code   RO          561    .text.HAL_UART_RxCpltCallback  bsp_uart.o
    0x08007864   0x08007864   0x00000004   PAD
    0x08007868   0x08007868   0x000000ac   Code   RO         2539    .text.HAL_UART_Transmit_IT  stm32h7xx_hal_uart.o
    0x08007914   0x08007914   0x00000004   PAD
    0x08007918   0x08007918   0x00000014   Code   RO          565    .text.HAL_UART_TxCpltCallback  bsp_uart.o
    0x0800792c   0x0800792c   0x00000004   PAD
    0x08007930   0x08007930   0x00000002   Code   RO          729    .text.HardFault_Handler  stm32h7xx_it.o
    0x08007932   0x08007932   0x00000006   PAD
    0x08007938   0x08007938   0x00000004   Code   RO          210    .text.IMU_DelayMs   imu.o
    0x0800793c   0x0800793c   0x00000004   PAD
    0x08007940   0x08007940   0x00000060   Code   RO          204    .text.IMU_Init      imu.o
    0x080079a0   0x080079a0   0x000000d8   Code   RO          208    .text.IMU_RegUpdateCallback  imu.o
    0x08007a78   0x08007a78   0x00000014   Code   RO          206    .text.IMU_SerialWrite  imu.o
    0x08007a8c   0x08007a8c   0x00000004   PAD
    0x08007a90   0x08007a90   0x00000012   Code   RO           43    .text.INS_Task      INS_Task.o
    0x08007aa2   0x08007aa2   0x00000006   PAD
    0x08007aa8   0x08007aa8   0x00000308   Code   RO          366    .text.InverseKinematics_Continuous  leg.o
    0x08007db0   0x08007db0   0x000000ec   Code   RO           15    .text.LEG_task_USB  Control_Task.o
    0x08007e9c   0x08007e9c   0x00000004   PAD
    0x08007ea0   0x08007ea0   0x0000026c   Code   RO          541    .text.MCU_Init      bsp_mcu.o
    0x0800810c   0x0800810c   0x00000004   PAD
    0x08008110   0x08008110   0x00000074   Code   RO          668    .text.MX_FDCAN1_Init  fdcan.o
    0x08008184   0x08008184   0x00000004   PAD
    0x08008188   0x08008188   0x00000072   Code   RO          670    .text.MX_FDCAN2_Init  fdcan.o
    0x080081fa   0x080081fa   0x00000006   PAD
    0x08008200   0x08008200   0x00000072   Code   RO          672    .text.MX_FDCAN3_Init  fdcan.o
    0x08008272   0x08008272   0x00000006   PAD
    0x08008278   0x08008278   0x000000ec   Code   RO          640    .text.MX_FREERTOS_Init  freertos.o
    0x08008364   0x08008364   0x00000004   PAD
    0x08008368   0x08008368   0x000000b2   Code   RO          629    .text.MX_GPIO_Init  gpio.o
    0x0800841a   0x0800841a   0x00000006   PAD
    0x08008420   0x08008420   0x00000078   Code   RO          691    .text.MX_TIM3_Init  tim.o
    0x08008498   0x08008498   0x0000007a   Code   RO          693    .text.MX_TIM4_Init  tim.o
    0x08008512   0x08008512   0x00000006   PAD
    0x08008518   0x08008518   0x0000007c   Code   RO          709    .text.MX_UART7_Init  usart.o
    0x08008594   0x08008594   0x00000004   PAD
    0x08008598   0x08008598   0x0000007c   Code   RO          711    .text.MX_USART10_UART_Init  usart.o
    0x08008614   0x08008614   0x00000004   PAD
    0x08008618   0x08008618   0x0000006c   Code   RO          794    .text.MX_USB_DEVICE_Init  usb_device.o
    0x08008684   0x08008684   0x00000004   PAD
    0x08008688   0x08008688   0x000000a0   Code   RO          395    .text.Mecanum_Calc  mecanum_classic.o
    0x08008728   0x08008728   0x00000004   Code   RO           13    .text.Mecanum_task_USB  Control_Task.o
    0x0800872c   0x0800872c   0x00000004   PAD
    0x08008730   0x08008730   0x00000002   Code   RO          731    .text.MemManage_Handler  stm32h7xx_it.o
    0x08008732   0x08008732   0x00000006   PAD
    0x08008738   0x08008738   0x00000002   Code   RO          727    .text.NMI_Handler   stm32h7xx_it.o
    0x0800873a   0x0800873a   0x00000006   PAD
    0x08008740   0x08008740   0x0000000c   Code   RO          753    .text.OTG_HS_IRQHandler  stm32h7xx_it.o
    0x0800874c   0x0800874c   0x00000004   PAD
    0x08008750   0x08008750   0x0000005c   Code   RO           80    .text.PID_Yaw_Init  pid_user.o
    0x080087ac   0x080087ac   0x00000004   PAD
    0x080087b0   0x080087b0   0x0000013c   Code   RO           54    .text.PID_calc      pid.o
    0x080088ec   0x080088ec   0x00000004   PAD
    0x080088f0   0x080088f0   0x0000001c   Code   RO           56    .text.PID_clear     pid.o
    0x0800890c   0x0800890c   0x00000004   PAD
    0x08008910   0x08008910   0x00000170   Code   RO           66    .text.PID_devices_Init  pid_user.o
    0x08008a80   0x08008a80   0x00000030   Code   RO           52    .text.PID_init      pid.o
    0x08008ab0   0x08008ab0   0x00000044   Code   RO           68    .text.PID_velocity_realize_2  pid_user.o
    0x08008af4   0x08008af4   0x0000000c   PAD
    0x08008b00   0x08008b00   0x00000064   Code   RO         3146    .text.PendSV_Handler  port.o
    0x08008b64   0x08008b64   0x00000004   PAD
    0x08008b68   0x08008b68   0x0000011e   Code   RO         1523    .text.RCCEx_PLL2_Config  stm32h7xx_hal_rcc_ex.o
    0x08008c86   0x08008c86   0x00000002   PAD
    0x08008c88   0x08008c88   0x0000011e   Code   RO         1525    .text.RCCEx_PLL3_Config  stm32h7xx_hal_rcc_ex.o
    0x08008da6   0x08008da6   0x00000002   PAD
    0x08008da8   0x08008da8   0x0000037e   Code   RO          585    .text.Receive       bsp_usb.o
    0x08009126   0x08009126   0x0000000a   PAD
    0x08009130   0x08009130   0x00000024   Code   RO         3130    .text.SVC_Handler   port.o
    0x08009154   0x08009154   0x00000004   PAD
    0x08009158   0x08009158   0x000000ac   Code   RO          583    .text.Send_Cmd_Data  bsp_usb.o
    0x08009204   0x08009204   0x00000004   PAD
    0x08009208   0x08009208   0x0000002e   Code   RO         3148    .text.SysTick_Handler  port.o
    0x08009236   0x08009236   0x00000002   PAD
    0x08009238   0x08009238   0x000000b2   Code   RO          614    .text.SystemClock_Config  main.o
    0x080092ea   0x080092ea   0x00000006   PAD
    0x080092f0   0x080092f0   0x000000d2   Code   RO         2699    .text.SystemInit    system_stm32h7xx.o
    0x080093c2   0x080093c2   0x00000006   PAD
    0x080093c8   0x080093c8   0x0000000c   Code   RO          747    .text.TIM2_IRQHandler  stm32h7xx_it.o
    0x080093d4   0x080093d4   0x00000004   PAD
    0x080093d8   0x080093d8   0x0000000c   Code   RO          749    .text.TIM3_IRQHandler  stm32h7xx_it.o
    0x080093e4   0x080093e4   0x00000004   PAD
    0x080093e8   0x080093e8   0x0000000c   Code   RO          751    .text.TIM4_IRQHandler  stm32h7xx_it.o
    0x080093f4   0x080093f4   0x00000004   PAD
    0x080093f8   0x080093f8   0x0000015a   Code   RO          952    .text.TIM_Base_SetConfig  stm32h7xx_hal_tim.o
    0x08009552   0x08009552   0x00000006   PAD
    0x08009558   0x08009558   0x000000ce   Code   RO          330    .text.UART10_Receive  CRC.o
    0x08009626   0x08009626   0x00000002   PAD
    0x08009628   0x08009628   0x0000000c   Code   RO          755    .text.UART7_IRQHandler  stm32h7xx_it.o
    0x08009634   0x08009634   0x00000004   PAD
    0x08009638   0x08009638   0x000000e0   Code   RO         2517    .text.UART_AdvFeatureConfig  stm32h7xx_hal_uart.o
    0x08009718   0x08009718   0x000000ba   Code   RO         2521    .text.UART_CheckIdleState  stm32h7xx_hal_uart.o
    0x080097d2   0x080097d2   0x00000006   PAD
    0x080097d8   0x080097d8   0x0000000c   Code   RO         2599    .text.UART_DMAAbortOnError  stm32h7xx_hal_uart.o
    0x080097e4   0x080097e4   0x00000004   PAD
    0x080097e8   0x080097e8   0x000000ce   Code   RO         2639    .text.UART_RxISR_16BIT  stm32h7xx_hal_uart.o
    0x080098b6   0x080098b6   0x00000002   PAD
    0x080098b8   0x080098b8   0x000001c6   Code   RO         2635    .text.UART_RxISR_16BIT_FIFOEN  stm32h7xx_hal_uart.o
    0x08009a7e   0x08009a7e   0x00000002   PAD
    0x08009a80   0x08009a80   0x000000ce   Code   RO         2641    .text.UART_RxISR_8BIT  stm32h7xx_hal_uart.o
    0x08009b4e   0x08009b4e   0x00000002   PAD
    0x08009b50   0x08009b50   0x000001ca   Code   RO         2637    .text.UART_RxISR_8BIT_FIFOEN  stm32h7xx_hal_uart.o
    0x08009d1a   0x08009d1a   0x00000006   PAD
    0x08009d20   0x08009d20   0x00000468   Code   RO         2519    .text.UART_SetConfig  stm32h7xx_hal_uart.o
    0x0800a188   0x0800a188   0x0000011c   Code   RO         2551    .text.UART_Start_Receive_IT  stm32h7xx_hal_uart.o
    0x0800a2a4   0x0800a2a4   0x00000004   PAD
    0x0800a2a8   0x0800a2a8   0x00000056   Code   RO         2545    .text.UART_TxISR_16BIT  stm32h7xx_hal_uart.o
    0x0800a2fe   0x0800a2fe   0x00000002   PAD
    0x0800a300   0x0800a300   0x00000072   Code   RO         2541    .text.UART_TxISR_16BIT_FIFOEN  stm32h7xx_hal_uart.o
    0x0800a372   0x0800a372   0x00000006   PAD
    0x0800a378   0x0800a378   0x00000052   Code   RO         2547    .text.UART_TxISR_8BIT  stm32h7xx_hal_uart.o
    0x0800a3ca   0x0800a3ca   0x00000006   PAD
    0x0800a3d0   0x0800a3d0   0x0000006e   Code   RO         2543    .text.UART_TxISR_8BIT_FIFOEN  stm32h7xx_hal_uart.o
    0x0800a43e   0x0800a43e   0x00000002   PAD
    0x0800a440   0x0800a440   0x0000013e   Code   RO         2535    .text.UART_WaitOnFlagUntilTimeout  stm32h7xx_hal_uart.o
    0x0800a57e   0x0800a57e   0x00000002   PAD
    0x0800a580   0x0800a580   0x0000000c   Code   RO          757    .text.USART10_IRQHandler  stm32h7xx_it.o
    0x0800a58c   0x0800a58c   0x00000004   PAD
    0x0800a590   0x0800a590   0x00000072   Code   RO         3270    .text.USBD_CDC_DataIn  usbd_cdc.o
    0x0800a602   0x0800a602   0x00000006   PAD
    0x0800a608   0x0800a608   0x0000003a   Code   RO         3272    .text.USBD_CDC_DataOut  usbd_cdc.o
    0x0800a642   0x0800a642   0x00000006   PAD
    0x0800a648   0x0800a648   0x0000005a   Code   RO         3264    .text.USBD_CDC_DeInit  usbd_cdc.o
    0x0800a6a2   0x0800a6a2   0x00000006   PAD
    0x0800a6a8   0x0800a6a8   0x00000036   Code   RO         3268    .text.USBD_CDC_EP0_RxReady  usbd_cdc.o
    0x0800a6de   0x0800a6de   0x00000002   PAD
    0x0800a6e0   0x0800a6e0   0x00000010   Code   RO         3280    .text.USBD_CDC_GetDeviceQualifierDescriptor  usbd_cdc.o
    0x0800a6f0   0x0800a6f0   0x00000052   Code   RO         3276    .text.USBD_CDC_GetFSCfgDesc  usbd_cdc.o
    0x0800a742   0x0800a742   0x00000006   PAD
    0x0800a748   0x0800a748   0x00000056   Code   RO         3274    .text.USBD_CDC_GetHSCfgDesc  usbd_cdc.o
    0x0800a79e   0x0800a79e   0x00000002   PAD
    0x0800a7a0   0x0800a7a0   0x00000052   Code   RO         3278    .text.USBD_CDC_GetOtherSpeedCfgDesc  usbd_cdc.o
    0x0800a7f2   0x0800a7f2   0x00000006   PAD
    0x0800a7f8   0x0800a7f8   0x000000cc   Code   RO         3262    .text.USBD_CDC_Init  usbd_cdc.o
    0x0800a8c4   0x0800a8c4   0x00000004   PAD
    0x0800a8c8   0x0800a8c8   0x00000030   Code   RO         3290    .text.USBD_CDC_ReceivePacket  usbd_cdc.o
    0x0800a8f8   0x0800a8f8   0x00000016   Code   RO         3282    .text.USBD_CDC_RegisterInterface  usbd_cdc.o
    0x0800a90e   0x0800a90e   0x00000002   PAD
    0x0800a910   0x0800a910   0x0000001a   Code   RO         3286    .text.USBD_CDC_SetRxBuffer  usbd_cdc.o
    0x0800a92a   0x0800a92a   0x00000006   PAD
    0x0800a930   0x0800a930   0x0000001e   Code   RO         3284    .text.USBD_CDC_SetTxBuffer  usbd_cdc.o
    0x0800a94e   0x0800a94e   0x00000002   PAD
    0x0800a950   0x0800a950   0x000000d0   Code   RO         3266    .text.USBD_CDC_Setup  usbd_cdc.o
    0x0800aa20   0x0800aa20   0x00000042   Code   RO         3288    .text.USBD_CDC_TransmitPacket  usbd_cdc.o
    0x0800aa62   0x0800aa62   0x00000006   PAD
    0x0800aa68   0x0800aa68   0x00000012   Code   RO         3177    .text.USBD_ClrClassConfig  usbd_core.o
    0x0800aa7a   0x0800aa7a   0x00000006   PAD
    0x0800aa80   0x0800aa80   0x00000004   Code   RO         3185    .text.USBD_CoreFindEP  usbd_core.o
    0x0800aa84   0x0800aa84   0x00000004   PAD
    0x0800aa88   0x0800aa88   0x00000004   Code   RO         3183    .text.USBD_CoreFindIF  usbd_core.o
    0x0800aa8c   0x0800aa8c   0x00000004   PAD
    0x0800aa90   0x0800aa90   0x00000010   Code   RO         3246    .text.USBD_CtlContinueRx  usbd_ioreq.o
    0x0800aaa0   0x0800aaa0   0x00000010   Code   RO         3242    .text.USBD_CtlContinueSendData  usbd_ioreq.o
    0x0800aab0   0x0800aab0   0x00000016   Code   RO         3221    .text.USBD_CtlError  usbd_ctlreq.o
    0x0800aac6   0x0800aac6   0x00000002   PAD
    0x0800aac8   0x0800aac8   0x0000001e   Code   RO         3244    .text.USBD_CtlPrepareRx  usbd_ioreq.o
    0x0800aae6   0x0800aae6   0x00000002   PAD
    0x0800aae8   0x0800aae8   0x00000016   Code   RO         3250    .text.USBD_CtlReceiveStatus  usbd_ioreq.o
    0x0800aafe   0x0800aafe   0x00000002   PAD
    0x0800ab00   0x0800ab00   0x0000001a   Code   RO         3240    .text.USBD_CtlSendData  usbd_ioreq.o
    0x0800ab1a   0x0800ab1a   0x00000006   PAD
    0x0800ab20   0x0800ab20   0x00000016   Code   RO         3248    .text.USBD_CtlSendStatus  usbd_ioreq.o
    0x0800ab36   0x0800ab36   0x00000002   PAD
    0x0800ab38   0x0800ab38   0x00000034   Code   RO         3207    .text.USBD_GetEpDesc  usbd_core.o
    0x0800ab6c   0x0800ab6c   0x00000004   PAD
    0x0800ab70   0x0800ab70   0x0000007c   Code   RO         3229    .text.USBD_GetString  usbd_ctlreq.o
    0x0800abec   0x0800abec   0x00000004   PAD
    0x0800abf0   0x0800abf0   0x00000024   Code   RO          813    .text.USBD_HS_ConfigStrDescriptor  usbd_desc.o
    0x0800ac14   0x0800ac14   0x00000004   PAD
    0x0800ac18   0x0800ac18   0x0000000e   Code   RO          803    .text.USBD_HS_DeviceDescriptor  usbd_desc.o
    0x0800ac26   0x0800ac26   0x00000002   PAD
    0x0800ac28   0x0800ac28   0x00000028   Code   RO          815    .text.USBD_HS_InterfaceStrDescriptor  usbd_desc.o
    0x0800ac50   0x0800ac50   0x0000000e   Code   RO          805    .text.USBD_HS_LangIDStrDescriptor  usbd_desc.o
    0x0800ac5e   0x0800ac5e   0x00000002   PAD
    0x0800ac60   0x0800ac60   0x0000002c   Code   RO          807    .text.USBD_HS_ManufacturerStrDescriptor  usbd_desc.o
    0x0800ac8c   0x0800ac8c   0x00000004   PAD
    0x0800ac90   0x0800ac90   0x00000030   Code   RO          809    .text.USBD_HS_ProductStrDescriptor  usbd_desc.o
    0x0800acc0   0x0800acc0   0x00000080   Code   RO          811    .text.USBD_HS_SerialStrDescriptor  usbd_desc.o
    0x0800ad40   0x0800ad40   0x00000028   Code   RO         3163    .text.USBD_Init     usbd_core.o
    0x0800ad68   0x0800ad68   0x00000022   Code   RO          920    .text.USBD_LL_ClearStallEP  usbd_conf.o
    0x0800ad8a   0x0800ad8a   0x00000006   PAD
    0x0800ad90   0x0800ad90   0x00000022   Code   RO          914    .text.USBD_LL_CloseEP  usbd_conf.o
    0x0800adb2   0x0800adb2   0x00000006   PAD
    0x0800adb8   0x0800adb8   0x000000b0   Code   RO         3187    .text.USBD_LL_DataInStage  usbd_core.o
    0x0800ae68   0x0800ae68   0x00000074   Code   RO         3181    .text.USBD_LL_DataOutStage  usbd_core.o
    0x0800aedc   0x0800aedc   0x00000004   PAD
    0x0800aee0   0x0800aee0   0x00000004   Code   RO         3203    .text.USBD_LL_DevConnected  usbd_core.o
    0x0800aee4   0x0800aee4   0x00000004   PAD
    0x0800aee8   0x0800aee8   0x00000020   Code   RO         3205    .text.USBD_LL_DevDisconnected  usbd_core.o
    0x0800af08   0x0800af08   0x00000008   Code   RO          930    .text.USBD_LL_GetRxDataSize  usbd_conf.o
    0x0800af10   0x0800af10   0x00000072   Code   RO          902    .text.USBD_LL_Init  usbd_conf.o
    0x0800af82   0x0800af82   0x00000006   PAD
    0x0800af88   0x0800af88   0x0000002a   Code   RO          922    .text.USBD_LL_IsStallEP  usbd_conf.o
    0x0800afb2   0x0800afb2   0x00000006   PAD
    0x0800afb8   0x0800afb8   0x0000002a   Code   RO         3199    .text.USBD_LL_IsoINIncomplete  usbd_core.o
    0x0800afe2   0x0800afe2   0x00000006   PAD
    0x0800afe8   0x0800afe8   0x0000002a   Code   RO         3201    .text.USBD_LL_IsoOUTIncomplete  usbd_core.o
    0x0800b012   0x0800b012   0x00000006   PAD
    0x0800b018   0x0800b018   0x00000028   Code   RO          912    .text.USBD_LL_OpenEP  usbd_conf.o
    0x0800b040   0x0800b040   0x00000022   Code   RO          928    .text.USBD_LL_PrepareReceive  usbd_conf.o
    0x0800b062   0x0800b062   0x00000006   PAD
    0x0800b068   0x0800b068   0x00000060   Code   RO         3189    .text.USBD_LL_Reset  usbd_core.o
    0x0800b0c8   0x0800b0c8   0x00000014   Code   RO         3195    .text.USBD_LL_Resume  usbd_core.o
    0x0800b0dc   0x0800b0dc   0x00000004   PAD
    0x0800b0e0   0x0800b0e0   0x0000001e   Code   RO         3197    .text.USBD_LL_SOF   usbd_core.o
    0x0800b0fe   0x0800b0fe   0x00000002   PAD
    0x0800b100   0x0800b100   0x00000008   Code   RO         3191    .text.USBD_LL_SetSpeed  usbd_core.o
    0x0800b108   0x0800b108   0x00000022   Code   RO          924    .text.USBD_LL_SetUSBAddress  usbd_conf.o
    0x0800b12a   0x0800b12a   0x00000006   PAD
    0x0800b130   0x0800b130   0x00000060   Code   RO         3179    .text.USBD_LL_SetupStage  usbd_core.o
    0x0800b190   0x0800b190   0x00000022   Code   RO          918    .text.USBD_LL_StallEP  usbd_conf.o
    0x0800b1b2   0x0800b1b2   0x00000006   PAD
    0x0800b1b8   0x0800b1b8   0x00000022   Code   RO          908    .text.USBD_LL_Start  usbd_conf.o
    0x0800b1da   0x0800b1da   0x00000006   PAD
    0x0800b1e0   0x0800b1e0   0x0000001c   Code   RO         3193    .text.USBD_LL_Suspend  usbd_core.o
    0x0800b1fc   0x0800b1fc   0x00000004   PAD
    0x0800b200   0x0800b200   0x00000022   Code   RO          926    .text.USBD_LL_Transmit  usbd_conf.o
    0x0800b222   0x0800b222   0x00000006   PAD
    0x0800b228   0x0800b228   0x00000016   Code   RO         3227    .text.USBD_ParseSetupRequest  usbd_ctlreq.o
    0x0800b23e   0x0800b23e   0x00000002   PAD
    0x0800b240   0x0800b240   0x00000044   Code   RO         3167    .text.USBD_RegisterClass  usbd_core.o
    0x0800b284   0x0800b284   0x00000004   PAD
    0x0800b288   0x0800b288   0x0000000e   Code   RO         3175    .text.USBD_SetClassConfig  usbd_core.o
    0x0800b296   0x0800b296   0x00000002   PAD
    0x0800b298   0x0800b298   0x00000004   Code   RO         3169    .text.USBD_Start    usbd_core.o
    0x0800b29c   0x0800b29c   0x00000004   PAD
    0x0800b2a0   0x0800b2a0   0x00000362   Code   RO         3219    .text.USBD_StdDevReq  usbd_ctlreq.o
    0x0800b602   0x0800b602   0x00000006   PAD
    0x0800b608   0x0800b608   0x00000146   Code   RO         3225    .text.USBD_StdEPReq  usbd_ctlreq.o
    0x0800b74e   0x0800b74e   0x00000002   PAD
    0x0800b750   0x0800b750   0x00000078   Code   RO         3223    .text.USBD_StdItfReq  usbd_ctlreq.o
    0x0800b7c8   0x0800b7c8   0x00000002   Code   RO          934    .text.USBD_static_free  usbd_conf.o
    0x0800b7ca   0x0800b7ca   0x00000006   PAD
    0x0800b7d0   0x0800b7d0   0x0000000a   Code   RO          932    .text.USBD_static_malloc  usbd_conf.o
    0x0800b7da   0x0800b7da   0x00000006   PAD
    0x0800b7e0   0x0800b7e0   0x00000086   Code   RO         1403    .text.USB_ActivateEndpoint  stm32h7xx_ll_usb.o
    0x0800b866   0x0800b866   0x00000002   PAD
    0x0800b868   0x0800b868   0x00000020   Code   RO         1445    .text.USB_ActivateSetup  stm32h7xx_ll_usb.o
    0x0800b888   0x0800b888   0x00000114   Code   RO         1381    .text.USB_CoreInit  stm32h7xx_ll_usb.o
    0x0800b99c   0x0800b99c   0x00000004   PAD
    0x0800b9a0   0x0800b9a0   0x0000007a   Code   RO         1407    .text.USB_DeactivateEndpoint  stm32h7xx_ll_usb.o
    0x0800ba1a   0x0800ba1a   0x00000006   PAD
    0x0800ba20   0x0800ba20   0x0000006e   Code   RO          488    .text.USB_Decode4Float  Data_Analysis.o
    0x0800ba8e   0x0800ba8e   0x00000002   PAD
    0x0800ba90   0x0800ba90   0x0000001e   Code   RO         1427    .text.USB_DevConnect  stm32h7xx_ll_usb.o
    0x0800baae   0x0800baae   0x00000002   PAD
    0x0800bab0   0x0800bab0   0x0000001e   Code   RO         1429    .text.USB_DevDisconnect  stm32h7xx_ll_usb.o
    0x0800bace   0x0800bace   0x00000002   PAD
    0x0800bad0   0x0800bad0   0x000001e8   Code   RO         1393    .text.USB_DevInit   stm32h7xx_ll_usb.o
    0x0800bcb8   0x0800bcb8   0x0000000e   Code   RO         1387    .text.USB_DisableGlobalInt  stm32h7xx_ll_usb.o
    0x0800bcc6   0x0800bcc6   0x00000002   PAD
    0x0800bcc8   0x0800bcc8   0x0000005a   Code   RO         1447    .text.USB_EP0_OutStart  stm32h7xx_ll_usb.o
    0x0800bd22   0x0800bd22   0x00000006   PAD
    0x0800bd28   0x0800bd28   0x00000050   Code   RO         1421    .text.USB_EPClearStall  stm32h7xx_ll_usb.o
    0x0800bd78   0x0800bd78   0x0000003e   Code   RO         1419    .text.USB_EPSetStall  stm32h7xx_ll_usb.o
    0x0800bdb6   0x0800bdb6   0x00000002   PAD
    0x0800bdb8   0x0800bdb8   0x000001f4   Code   RO         1411    .text.USB_EPStartXfer  stm32h7xx_ll_usb.o
    0x0800bfac   0x0800bfac   0x00000004   PAD
    0x0800bfb0   0x0800bfb0   0x0000008a   Code   RO         1415    .text.USB_EPStopXfer  stm32h7xx_ll_usb.o
    0x0800c03a   0x0800c03a   0x00000006   PAD
    0x0800c040   0x0800c040   0x0000000e   Code   RO         1385    .text.USB_EnableGlobalInt  stm32h7xx_ll_usb.o
    0x0800c04e   0x0800c04e   0x00000002   PAD
    0x0800c050   0x0800c050   0x00000048   Code   RO         1397    .text.USB_FlushTxFifo  stm32h7xx_ll_usb.o
    0x0800c098   0x0800c098   0x0000001a   Code   RO         1401    .text.USB_GetDevSpeed  stm32h7xx_ll_usb.o
    0x0800c0b2   0x0800c0b2   0x00000006   PAD
    0x0800c0b8   0x0800c0b8   0x00000008   Code   RO         1391    .text.USB_GetMode   stm32h7xx_ll_usb.o
    0x0800c0c0   0x0800c0c0   0x0000000e   Code   RO         1437    .text.USB_ReadDevAllInEpInterrupt  stm32h7xx_ll_usb.o
    0x0800c0ce   0x0800c0ce   0x00000002   PAD
    0x0800c0d0   0x0800c0d0   0x0000000e   Code   RO         1435    .text.USB_ReadDevAllOutEpInterrupt  stm32h7xx_ll_usb.o
    0x0800c0de   0x0800c0de   0x00000002   PAD
    0x0800c0e0   0x0800c0e0   0x00000024   Code   RO         1441    .text.USB_ReadDevInEPInterrupt  stm32h7xx_ll_usb.o
    0x0800c104   0x0800c104   0x00000004   PAD
    0x0800c108   0x0800c108   0x00000010   Code   RO         1439    .text.USB_ReadDevOutEPInterrupt  stm32h7xx_ll_usb.o
    0x0800c118   0x0800c118   0x00000008   Code   RO         1431    .text.USB_ReadInterrupts  stm32h7xx_ll_usb.o
    0x0800c120   0x0800c120   0x00000046   Code   RO         1417    .text.USB_ReadPacket  stm32h7xx_ll_usb.o
    0x0800c166   0x0800c166   0x00000002   PAD
    0x0800c168   0x0800c168   0x00000064   Code   RO         1389    .text.USB_SetCurrentMode  stm32h7xx_ll_usb.o
    0x0800c1cc   0x0800c1cc   0x00000004   PAD
    0x0800c1d0   0x0800c1d0   0x00000022   Code   RO         1425    .text.USB_SetDevAddress  stm32h7xx_ll_usb.o
    0x0800c1f2   0x0800c1f2   0x00000006   PAD
    0x0800c1f8   0x0800c1f8   0x00000110   Code   RO         1383    .text.USB_SetTurnaroundTime  stm32h7xx_ll_usb.o
    0x0800c308   0x0800c308   0x00000028   Code   RO         1413    .text.USB_WritePacket  stm32h7xx_ll_usb.o
    0x0800c330   0x0800c330   0x00000002   Code   RO          735    .text.UsageFault_Handler  stm32h7xx_it.o
    0x0800c332   0x0800c332   0x00000006   PAD
    0x0800c338   0x0800c338   0x00000016   Code   RO          242    .text.WitDelayMsRegister  wit_c_sdk.o
    0x0800c34e   0x0800c34e   0x00000002   PAD
    0x0800c350   0x0800c350   0x0000002c   Code   RO          238    .text.WitInit       wit_c_sdk.o
    0x0800c37c   0x0800c37c   0x00000004   PAD
    0x0800c380   0x0800c380   0x00000016   Code   RO          232    .text.WitRegisterCallBack  wit_c_sdk.o
    0x0800c396   0x0800c396   0x00000002   PAD
    0x0800c398   0x0800c398   0x0000023e   Code   RO          224    .text.WitSerialDataIn  wit_c_sdk.o
    0x0800c5d6   0x0800c5d6   0x00000002   PAD
    0x0800c5d8   0x0800c5d8   0x00000016   Code   RO          222    .text.WitSerialWriteRegister  wit_c_sdk.o
    0x0800c5ee   0x0800c5ee   0x00000002   PAD
    0x0800c5f0   0x0800c5f0   0x00000060   Code   RO          262    .text.WitSetContent  wit_c_sdk.o
    0x0800c650   0x0800c650   0x00000062   Code   RO          260    .text.WitSetOutputRate  wit_c_sdk.o
    0x0800c6b2   0x0800c6b2   0x00000006   PAD
    0x0800c6b8   0x0800c6b8   0x0000013c   Code   RO          234    .text.WitWriteReg   wit_c_sdk.o
    0x0800c7f4   0x0800c7f4   0x00000004   PAD
    0x0800c7f8   0x0800c7f8   0x0000005a   Code   RO          511    .text.bsp_can_init  bsp_fdcan.o
    0x0800c852   0x0800c852   0x00000006   PAD
    0x0800c858   0x0800c858   0x00000100   Code   RO          515    .text.bsp_fdcan_set_baud  bsp_fdcan.o
    0x0800c958   0x0800c958   0x00000020   Code   RO          294    .text.chuck_init    arm_tools.o
    0x0800c978   0x0800c978   0x0000006c   Code   RO          318    .text.chuck_state_machine_run  arm_tools.o
    0x0800c9e4   0x0800c9e4   0x00000004   PAD
    0x0800c9e8   0x0800c9e8   0x00000020   Code   RO          292    .text.clamp_init    arm_tools.o
    0x0800ca08   0x0800ca08   0x0000006c   Code   RO          314    .text.clamp_state_machine_run  arm_tools.o
    0x0800ca74   0x0800ca74   0x00000004   PAD
    0x0800ca78   0x0800ca78   0x000001b0   Code   RO          140    .text.dm_motor_ctrl_send  dm_motor_drv.o
    0x0800cc28   0x0800cc28   0x00000076   Code   RO          134    .text.dm_motor_disable  dm_motor_drv.o
    0x0800cc9e   0x0800cc9e   0x00000002   PAD
    0x0800cca0   0x0800cca0   0x0000006a   Code   RO          130    .text.dm_motor_enable  dm_motor_drv.o
    0x0800cd0a   0x0800cd0a   0x00000006   PAD
    0x0800cd10   0x0800cd10   0x000000c8   Code   RO          154    .text.dm_motor_fbdata  dm_motor_drv.o
    0x0800cdd8   0x0800cdd8   0x0000008e   Code   RO          112    .text.dm_motor_init  dm_motor_ctrl.o
    0x0800ce66   0x0800ce66   0x00000002   PAD
    0x0800ce68   0x0800ce68   0x0000004a   Code   RO          118    .text.fdcan1_rx_callback  dm_motor_ctrl.o
    0x0800ceb2   0x0800ceb2   0x00000006   PAD
    0x0800ceb8   0x0800ceb8   0x0000003c   Code   RO          519    .text.fdcanx_receive  bsp_fdcan.o
    0x0800cef4   0x0800cef4   0x00000004   PAD
    0x0800cef8   0x0800cef8   0x00000098   Code   RO          517    .text.fdcanx_send_data  bsp_fdcan.o
    0x0800cf90   0x0800cf90   0x00000056   Code   RO          178    .text.get_motor_measure  fdcan_receive.o
    0x0800cfe6   0x0800cfe6   0x00000002   PAD
    0x0800cfe8   0x0800cfe8   0x0000000c   Code   RO          180    .text.get_motor_offset  fdcan_receive.o
    0x0800cff4   0x0800cff4   0x00000004   PAD
    0x0800cff8   0x0800cff8   0x00000062   Code   RO          612    .text.main          main.o
    0x0800d05a   0x0800d05a   0x00000006   PAD
    0x0800d060   0x0800d060   0x00000010   Code   RO         3002    .text.osDelay       cmsis_os.o
    0x0800d070   0x0800d070   0x0000000a   Code   RO         2984    .text.osKernelStart  cmsis_os.o
    0x0800d07a   0x0800d07a   0x00000006   PAD
    0x0800d080   0x0800d080   0x00000060   Code   RO         2990    .text.osThreadCreate  cmsis_os.o
    0x0800d0e0   0x0800d0e0   0x00000062   Code   RO           78    .text.pid_call_3    pid_user.o
    0x0800d142   0x0800d142   0x00000006   PAD
    0x0800d148   0x0800d148   0x0000004a   Code   RO          144    .text.pos_ctrl      dm_motor_drv.o
    0x0800d192   0x0800d192   0x00000006   PAD
    0x0800d198   0x0800d198   0x0000011a   Code   RO         2864    .text.prvAddNewTaskToReadyList  tasks.o
    0x0800d2b2   0x0800d2b2   0x00000006   PAD
    0x0800d2b8   0x0800d2b8   0x00000096   Code   RO         2894    .text.prvIdleTask   tasks.o
    0x0800d34e   0x0800d34e   0x00000002   PAD
    0x0800d350   0x0800d350   0x00000028   Code   RO         3138    .text.prvPortStartFirstTask  port.o
    0x0800d378   0x0800d378   0x00000032   Code   RO         3128    .text.prvTaskExitError  port.o
    0x0800d3aa   0x0800d3aa   0x00000006   PAD
    0x0800d3b0   0x0800d3b0   0x000001a6   Code   RO         3098    .text.pvPortMalloc  heap_4.o
    0x0800d556   0x0800d556   0x00000002   PAD
    0x0800d558   0x0800d558   0x0000002c   Code   RO         3126    .text.pxPortInitialiseStack  port.o
    0x0800d584   0x0800d584   0x00000004   PAD
    0x0800d588   0x0800d588   0x00000036   Code   RO          162    .text.read_motor_data  dm_motor_drv.o
    0x0800d5be   0x0800d5be   0x00000002   PAD
    0x0800d5c0   0x0800d5c0   0x00000242   Code   RO          116    .text.receive_motor_data  dm_motor_ctrl.o
    0x0800d802   0x0800d802   0x00000006   PAD
    0x0800d808   0x0800d808   0x00000030   Code   RO          168    .text.save_motor_data  dm_motor_drv.o
    0x0800d838   0x0800d838   0x00000014   Code   RO          298    .text.set_chuck_controlSource  arm_tools.o
    0x0800d84c   0x0800d84c   0x00000004   PAD
    0x0800d850   0x0800d850   0x00000014   Code   RO          296    .text.set_clamp_controlSource  arm_tools.o
    0x0800d864   0x0800d864   0x00000004   PAD
    0x0800d868   0x0800d868   0x00000026   Code   RO          316    .text.trigger_chuck_action  arm_tools.o
    0x0800d88e   0x0800d88e   0x00000002   PAD
    0x0800d890   0x0800d890   0x00000026   Code   RO          312    .text.trigger_clamp_action  arm_tools.o
    0x0800d8b6   0x0800d8b6   0x00000002   PAD
    0x0800d8b8   0x0800d8b8   0x0000002a   Code   RO         2753    .text.uxListRemove  list.o
    0x0800d8e2   0x0800d8e2   0x00000006   PAD
    0x0800d8e8   0x0800d8e8   0x0000001a   Code   RO          638    .text.vApplicationGetIdleTaskMemory  freertos.o
    0x0800d902   0x0800d902   0x00000006   PAD
    0x0800d908   0x0800d908   0x00000016   Code   RO         2745    .text.vListInitialise  list.o
    0x0800d91e   0x0800d91e   0x00000002   PAD
    0x0800d920   0x0800d920   0x00000006   Code   RO         2747    .text.vListInitialiseItem  list.o
    0x0800d926   0x0800d926   0x00000002   PAD
    0x0800d928   0x0800d928   0x0000003a   Code   RO         2751    .text.vListInsert   list.o
    0x0800d962   0x0800d962   0x00000006   PAD
    0x0800d968   0x0800d968   0x0000001c   Code   RO         2749    .text.vListInsertEnd  list.o
    0x0800d984   0x0800d984   0x00000004   PAD
    0x0800d988   0x0800d988   0x00000014   Code   RO         3136    .text.vPortEnableVFP  port.o
    0x0800d99c   0x0800d99c   0x00000004   PAD
    0x0800d9a0   0x0800d9a0   0x0000004a   Code   RO         3142    .text.vPortEnterCritical  port.o
    0x0800d9ea   0x0800d9ea   0x00000006   PAD
    0x0800d9f0   0x0800d9f0   0x0000002e   Code   RO         3144    .text.vPortExitCritical  port.o
    0x0800da1e   0x0800da1e   0x00000002   PAD
    0x0800da20   0x0800da20   0x000000d6   Code   RO         3100    .text.vPortFree     heap_4.o
    0x0800daf6   0x0800daf6   0x00000002   PAD
    0x0800daf8   0x0800daf8   0x00000034   Code   RO         3134    .text.vPortSetupTimerInterrupt  port.o
    0x0800db2c   0x0800db2c   0x00000004   PAD
    0x0800db30   0x0800db30   0x000000c4   Code   RO         2870    .text.vTaskDelay    tasks.o
    0x0800dbf4   0x0800dbf4   0x00000004   PAD
    0x0800dbf8   0x0800dbf8   0x00000080   Code   RO         2892    .text.vTaskStartScheduler  tasks.o
    0x0800dc78   0x0800dc78   0x00000010   Code   RO         2872    .text.vTaskSuspendAll  tasks.o
    0x0800dc88   0x0800dc88   0x00000086   Code   RO         2886    .text.vTaskSwitchContext  tasks.o
    0x0800dd0e   0x0800dd0e   0x00000002   PAD
    0x0800dd10   0x0800dd10   0x00000046   Code   RO          166    .text.write_motor_data  dm_motor_drv.o
    0x0800dd56   0x0800dd56   0x00000002   PAD
    0x0800dd58   0x0800dd58   0x0000012e   Code   RO         3132    .text.xPortStartScheduler  port.o
    0x0800de86   0x0800de86   0x00000002   PAD
    0x0800de88   0x0800de88   0x000000c2   Code   RO         2866    .text.xTaskCreate   tasks.o
    0x0800df4a   0x0800df4a   0x00000006   PAD
    0x0800df50   0x0800df50   0x000000f0   Code   RO         2862    .text.xTaskCreateStatic  tasks.o
    0x0800e040   0x0800e040   0x0000000c   Code   RO         2900    .text.xTaskGetTickCount  tasks.o
    0x0800e04c   0x0800e04c   0x00000004   PAD
    0x0800e050   0x0800e050   0x00000180   Code   RO         2898    .text.xTaskIncrementTick  tasks.o
    0x0800e1d0   0x0800e1d0   0x00000138   Code   RO         2876    .text.xTaskResumeAll  tasks.o
    0x0800e308   0x0800e308   0x00000026   Code   RO         3358    i.__ARM_fpclassifyf  m_wv.l(fpclassifyf.o)
    0x0800e32e   0x0800e32e   0x00000002   PAD
    0x0800e330   0x0800e330   0x00000118   Code   RO         3316    i.__hardfp_acosf    m_wv.l(acosf.o)
    0x0800e448   0x0800e448   0x000002ac   Code   RO         3322    i.__hardfp_atan2f   m_wv.l(atan2f.o)
    0x0800e6f4   0x0800e6f4   0x00000150   Code   RO         3328    i.__hardfp_cosf     m_wv.l(cosf.o)
    0x0800e844   0x0800e844   0x00000190   Code   RO         3334    i.__hardfp_sinf     m_wv.l(sinf.o)
    0x0800e9d4   0x0800e9d4   0x0000003a   Code   RO         3340    i.__hardfp_sqrtf    m_wv.l(sqrtf.o)
    0x0800ea0e   0x0800ea0e   0x00000006   Code   RO         3361    i.__mathlib_flt_infnan  m_wv.l(funder.o)
    0x0800ea14   0x0800ea14   0x00000006   Code   RO         3362    i.__mathlib_flt_infnan2  m_wv.l(funder.o)
    0x0800ea1a   0x0800ea1a   0x00000002   PAD
    0x0800ea1c   0x0800ea1c   0x00000010   Code   RO         3363    i.__mathlib_flt_invalid  m_wv.l(funder.o)
    0x0800ea2c   0x0800ea2c   0x00000010   Code   RO         3366    i.__mathlib_flt_underflow  m_wv.l(funder.o)
    0x0800ea3c   0x0800ea3c   0x00000154   Code   RO         3374    i.__mathlib_rredf2  m_wv.l(rredf.o)
    0x0800eb90   0x0800eb90   0x0000003e   Code   RO         3342    i.sqrtf             m_wv.l(sqrtf.o)
    0x0800ebce   0x0800ebce   0x0000001a   Code   RO         3488    x$fpl$fpinit        fz_wv.l(fpinit.o)
    0x0800ebe8   0x0800ebe8   0x00000000   Code   RO         3357    x$fpl$usenofp       fz_wv.l(usenofp.o)
    0x0800ebe8   0x0800ebe8   0x00000020   Data   RO         3375    .constdata          m_wv.l(rredf.o)
    0x0800ec08   0x0800ec08   0x0000004c   Data   RO         2503    .rodata..L__const.HAL_FDCAN_Init.CvtEltSize  stm32h7xx_hal_fdcan.o
    0x0800ec54   0x0800ec54   0x00000006   Data   RO         2648    .rodata..Lswitch.table.UART_SetConfig.7  stm32h7xx_hal_uart.o
    0x0800ec5a   0x0800ec5a   0x00000006   Data   RO         2649    .rodata..Lswitch.table.UART_SetConfig.9  stm32h7xx_hal_uart.o
    0x0800ec60   0x0800ec60   0x00000018   Data   RO          121    .rodata..Lswitch.table.fdcan1_rx_callback.1  dm_motor_ctrl.o
    0x0800ec78   0x0800ec78   0x00000010   Data   RO         2707    .rodata.D1CorePrescTable  system_stm32h7xx.o
    0x0800ec88   0x0800ec88   0x00000010   Data   RO          100    .rodata.PID_YAW_ANGLE_PARAM  pid_user.o
    0x0800ec98   0x0800ec98   0x00000010   Data   RO          101    .rodata.PID_YAW_RATE_PARAM  pid_user.o
    0x0800eca8   0x0800eca8   0x00000018   Data   RO         2647    .rodata.UARTPrescTable  stm32h7xx_hal_uart.o
    0x0800ecc0   0x0800ecc0   0x00000100   Data   RO          282    .rodata.__auchCRCHi  wit_c_sdk.o
    0x0800edc0   0x0800edc0   0x00000100   Data   RO          283    .rodata.__auchCRCLo  wit_c_sdk.o
    0x0800eec0   0x0800eec0   0x00000010   Data   RO         2504    .rodata.cst16       stm32h7xx_hal_fdcan.o
    0x0800eed0   0x0800eed0   0x00000010   Data   RO         2690    .rodata.cst8        stm32h7xx_hal_uart_ex.o
    0x0800eee0   0x0800eee0   0x0000002e   Data   RO          650    .rodata.str1.1      freertos.o
    0x0800ef0e   0x0800ef0e   0x00000002   PAD
    0x0800ef10   0x0800ef10   0x00000040   Data   RO         3549    Region$$Table       anon$$obj.o


    Execution Region RW_IRAM1 (Exec base: 0x20000000, Load base: 0x0800ef50, Size: 0x000082f0, Max: 0x00020000, ABSOLUTE)

    Exec Addr    Load Addr    Size         Type   Attr      Idx    E Section Name        Object

    0x20000000   0x0800ef50   0x00000004   Data   RW          383    .data.L2            leg.o
    0x20000004   0x0800ef54   0x00000004   Data   RW         2705    .data.SystemCoreClock  system_stm32h7xx.o
    0x20000008   0x0800ef58   0x00000038   Data   RW         3292    .data.USBD_CDC      usbd_cdc.o
    0x20000040   0x0800ef90   0x0000000a   Data   RW         3293    .data.USBD_CDC_DeviceQualifierDesc  usbd_cdc.o
    0x2000004a   0x0800ef9a   0x00000002   PAD
    0x2000004c   0x0800ef9c   0x0000001a   Data   RW          823    .data.USBD_StringSerial  usbd_desc.o
    0x20000066   0x0800efb6   0x00000002   PAD
    0x20000068   0x0800efb8   0x00000004   Data   RW          377    .data.lf_last_theta2  leg.o
    0x2000006c   0x0800efbc   0x00000020   Data   RW           89    .data.motor_position_3508_pid_2  pid_user.o
    0x2000008c   0x0800efdc   0x00000020   Data   RW           93    .data.motor_position_3508_pid_3  pid_user.o
    0x200000ac   0x0800effc   0x00000020   Data   RW           88    .data.motor_speed_3508_pid_2  pid_user.o
    0x200000cc   0x0800f01c   0x00000004   Data   RW          379    .data.rf_last_theta2  leg.o
    0x200000d0   0x0800f020   0x00000001   Data   RW          280    .data.s_ucAddr      wit_c_sdk.o
    0x200000d1   0x0800f021   0x00000001   Data   RW         2095    .data.uwTickFreq    stm32h7xx_hal.o
    0x200000d2   0x0800f022   0x00000002   PAD
    0x200000d4   0x0800f024   0x00000004   Data   RW         2094    .data.uwTickPrio    stm32h7xx_hal.o
    0x200000d8        -       0x00000060   Zero   RW         3400    .bss                c_w.l(libspace.o)
    0x20000138        -       0x00000004   Zero   RW          498    .bss.ARM_setX_USB   Data_Analysis.o
    0x2000013c        -       0x00000004   Zero   RW          500    .bss.ARM_setZ_USB   Data_Analysis.o
    0x20000140        -       0x00000001   Zero   RW          492    .bss.Arm_control_flag  Data_Analysis.o
    0x20000141   0x0800f028   0x00000003   PAD
    0x20000144        -       0x00000004   Zero   RW          681    .bss.HAL_RCC_FDCAN_CLK_ENABLED  fdcan.o
    0x20000148        -       0x00000001   Zero   RW          384    .bss.LEG_Cmd        leg.o
    0x20000149        -       0x00000001   Zero   RW          490    .bss.Mecanum_control_flag  Data_Analysis.o
    0x2000014a   0x0800f028   0x00000002   PAD
    0x2000014c        -       0x00000054   Zero   RW          655    .bss.Start_CAN_TaskControlBlock  freertos.o
    0x200001a0        -       0x00000004   Zero   RW          656    .bss.Start_CAN_TaskHandle  freertos.o
    0x200001a4        -       0x00002000   Zero   RW          657    .bss.Start_INS_TaskBuffer  freertos.o
    0x200021a4        -       0x00000200   Zero   RW          824    .bss.USBD_StrDesc   usbd_desc.o
    0x200023a4        -       0x00000001   Zero   RW          339    .bss.USB_Task_flag  CRC.o
    0x200023a5        -       0x00000001   Zero   RW          341    .bss.UU_flag        CRC.o
    0x200023a6        -       0x00000800   Zero   RW          867    .bss.UserTxBufferHS  usbd_cdc_if.o
    0x20002ba6   0x0800f028   0x00000002   PAD
    0x20002ba8        -       0x00000004   Zero   RW          347    .bss.arm_X          CRC.o
    0x20002bac        -       0x00000004   Zero   RW          349    .bss.arm_Z          CRC.o
    0x20002bb0        -       0x00000001   Zero   RW          346    .bss.arm_flag       CRC.o
    0x20002bb1        -       0x00000001   Zero   RW          337    .bss.bt_parse_ok    CRC.o
    0x20002bb2   0x0800f028   0x00000002   PAD
    0x20002bb4        -       0x00000014   Zero   RW          321    .bss.chuck          arm_tools.o
    0x20002bc8        -       0x00000010   Zero   RW           26    .bss.ctrl_J_USB     Control_Task.o
    0x20002bd8        -       0x00000004   Zero   RW           28    .bss.ctrl_j2        Control_Task.o
    0x20002bdc        -       0x00000001   Zero   RW          335    .bss.data_index     CRC.o
    0x20002bdd   0x0800f028   0x00000003   PAD
    0x20002be0        -       0x0000007c   Zero   RW          452    .bss.g_arm_ik_app   arm_user.o
    0x20002c5c        -       0x000002dc   Zero   RW          796    .bss.hUsbDeviceHS   usb_device.o
    0x20002f38        -       0x000000a0   Zero   RW          678    .bss.hfdcan1        fdcan.o
    0x20002fd8        -       0x000000a0   Zero   RW          680    .bss.hfdcan3        fdcan.o
    0x20003078        -       0x0000004c   Zero   RW          785    .bss.htim2          stm32h7xx_hal_timebase_tim.o
    0x200030c4        -       0x0000004c   Zero   RW          699    .bss.htim3          tim.o
    0x20003110        -       0x00000094   Zero   RW          718    .bss.huart10        usart.o
    0x200031a4        -       0x00000004   Zero   RW          344    .bss.legy           CRC.o
    0x200031a8        -       0x00000004   Zero   RW          496    .bss.legy_USB       Data_Analysis.o
    0x200031ac        -       0x00000004   Zero   RW          351    .bss.mid_Y          CRC.o
    0x200031b0        -       0x00000010   Zero   RW           34    .bss.model_J_USART  Control_Task.o
    0x200031c0        -       0x00000010   Zero   RW           25    .bss.model_J_USB    Control_Task.o
    0x200031d0        -       0x00000004   Zero   RW           30    .bss.model_theta1   Control_Task.o
    0x200031d4        -       0x00000004   Zero   RW           32    .bss.model_theta3   Control_Task.o
    0x200031d8        -       0x00000aa0   Zero   RW          120    .bss.motor          dm_motor_ctrl.o
    0x20003c78        -       0x000000e0   Zero   RW          194    .bss.motor_fdcan2   fdcan_receive.o
    0x20003d58        -       0x00000004   Zero   RW          281    .bss.p_WitDelaymsFunc  wit_c_sdk.o
    0x20003d5c        -       0x00000004   Zero   RW          277    .bss.p_WitI2cWriteFunc  wit_c_sdk.o
    0x20003d60        -       0x00000004   Zero   RW          271    .bss.p_WitRegUpdateCbFunc  wit_c_sdk.o
    0x20003d64        -       0x00000280   Zero   RW           97    .bss.pid_pos_2      pid_user.o
    0x20003fe4        -       0x00000280   Zero   RW           99    .bss.pid_pos_3      pid_user.o
    0x20004264        -       0x00000050   Zero   RW          102    .bss.pid_yaw_angle  pid_user.o
    0x200042b4        -       0x00000004   Zero   RW          354    .bss.pre_step_wheel_speed  CRC.o
    0x200042b8        -       0x00000004   Zero   RW         2954    .bss.pxCurrentTCB   tasks.o
    0x200042bc        -       0x00000004   Zero   RW         2970    .bss.pxDelayedTaskList  tasks.o
    0x200042c0        -       0x00000004   Zero   RW          381    .bss.rb_leg         leg.o
    0x200042c4        -       0x00000120   Zero   RW          275    .bss.sReg           wit_c_sdk.o
    0x200043e4        -       0x00000003   Zero   RW          475    .bss.s_arm_echo_result_cache  arm_echo_uart10.o
    0x200043e7   0x0800f028   0x00000001   PAD
    0x200043e8        -       0x00000004   Zero   RW          863    .bss.s_rxDropBytes  usbd_cdc_if.o
    0x200043ec        -       0x00000004   Zero   RW          861    .bss.s_rxW          usbd_cdc_if.o
    0x200043f0        -       0x00000004   Zero   RW          858    .bss.s_txW          usbd_cdc_if.o
    0x200043f4        -       0x00000004   Zero   RW          274    .bss.s_uiProtoclo   wit_c_sdk.o
    0x200043f8        -       0x00000002   Zero   RW          594    .bss.s_usbRxCrc16   bsp_usb.o
    0x200043fa   0x0800f028   0x00000002   PAD
    0x200043fc        -       0x00000004   Zero   RW          593    .bss.s_usbRxDataPtr  bsp_usb.o
    0x20004400        -       0x00000001   Zero   RW          589    .bss.s_usbRxLen     bsp_usb.o
    0x20004401   0x0800f028   0x00000003   PAD
    0x20004404        -       0x00000004   Zero   RW           22    .bss.start_X_USB    Control_Task.o
    0x20004408        -       0x00000004   Zero   RW           20    .bss.start_Y        Control_Task.o
    0x2000440c        -       0x00000004   Zero   RW           24    .bss.start_Z_USB    Control_Task.o
    0x20004410        -       0x00000001   Zero   RW          355    .bss.tool_flag      CRC.o
    0x20004411   0x0800f028   0x00000003   PAD
    0x20004414        -       0x00000010   Zero   RW          398    .bss.total_speed    mecanum_classic.o
    0x20004424        -       0x0000000c   Zero   RW          397    .bss.total_vel      mecanum_classic.o
    0x20004430        -       0x00003c00   Zero   RW         3117    .bss.ucHeap         heap_4.o
    0x20008030        -       0x00000001   Zero   RW         3152    .bss.ucMaxSysCallPriority  port.o
    0x20008031   0x0800f028   0x00000003   PAD
    0x20008034        -       0x00000004   Zero   RW         3153    .bss.ulMaxPRIGROUPValue  port.o
    0x20008038        -       0x00000004   Zero   RW         2960    .bss.uxCurrentNumberOfTasks  tasks.o
    0x2000803c        -       0x00000004   Zero   RW         2962    .bss.uxSchedulerSuspended  tasks.o
    0x20008040        -       0x00000004   Zero   RW         2957    .bss.uxTaskNumber   tasks.o
    0x20008044        -       0x00000014   Zero   RW         2974    .bss.xDelayedTaskList2  tasks.o
    0x20008058        -       0x00000004   Zero   RW         3112    .bss.xFreeBytesRemaining  heap_4.o
    0x2000805c        -       0x00000054   Zero   RW          648    .bss.xIdleTaskTCBBuffer  freertos.o
    0x200080b0        -       0x00000004   Zero   RW         2966    .bss.xNextTaskUnblockTime  tasks.o
    0x200080b4        -       0x00000004   Zero   RW         2972    .bss.xNumOfOverflows  tasks.o
    0x200080b8        -       0x00000004   Zero   RW         3115    .bss.xNumberOfSuccessfulAllocations  heap_4.o
    0x200080bc        -       0x00000014   Zero   RW         2964    .bss.xPendingReadyList  tasks.o
    0x200080d0        -       0x00000008   Zero   RW         3113    .bss.xStart         heap_4.o
    0x200080d8        -       0x00000014   Zero   RW         2958    .bss.xTasksWaitingTermination  tasks.o
    0x200080ec        -       0x00000004   Zero   RW         2968    .bss.xYieldPending  tasks.o
    0x200080f0        -       0x00000200   Zero   RW          603    HEAP                startup_stm32h723xx.o


    Execution Region RW_IRAM2 (Exec base: 0x24000000, Load base: 0x0800f028, Size: 0x000082f8, Max: 0x00020000, ABSOLUTE)

    Exec Addr    Load Addr    Size         Type   Attr      Idx    E Section Name        Object

    0x24000000   0x0800f028   0x00000020   Data   RW          819    .data.HS_Desc       usbd_desc.o
    0x24000020   0x0800f048   0x00000004   Data   RW          382    .data.L1            leg.o
    0x24000024   0x0800f04c   0x00000004   Data   RW         2706    .data.SystemD2Clock  system_stm32h7xx.o
    0x24000028   0x0800f050   0x00000043   Data   RW         3294    .data.USBD_CDC_CfgDesc  usbd_cdc.o
    0x2400006b   0x0800f093   0x00000001   PAD
    0x2400006c   0x0800f094   0x00000012   Data   RW          820    .data.USBD_HS_DeviceDesc  usbd_desc.o
    0x2400007e   0x0800f0a6   0x00000002   PAD
    0x24000080   0x0800f0a8   0x00000014   Data   RW          857    .data.USBD_Interface_fops_HS  usbd_cdc_if.o
    0x24000094   0x0800f0bc   0x00000004   Data   RW          822    .data.USBD_LangIDDesc  usbd_desc.o
    0x24000098   0x0800f0c0   0x00000004   Data   RW          376    .data.lf_last_theta1  leg.o
    0x2400009c   0x0800f0c4   0x00000018   Data   RW          399    .data.mecParam      mecanum_classic.o
    0x240000b4   0x0800f0dc   0x00000020   Data   RW           92    .data.motor_speed_3508_pid_3  pid_user.o
    0x240000d4   0x0800f0fc   0x00000004   Data   RW          378    .data.rf_last_theta1  leg.o
    0x240000d8   0x0800f100   0x00000004   Data   RW         3154    .data.uxCriticalNesting  port.o
    0x240000dc   0x0800f104   0x00000004   PAD
    0x240000e0        -       0x00000004   Zero   RW          499    .bss.ARM_setY_USB   Data_Analysis.o
    0x240000e4        -       0x00000001   Zero   RW          334    .bss.BT_Uart10      CRC.o
    0x240000e5        -       0x00000001   Zero   RW          491    .bss.LEG_control_flag  Data_Analysis.o
    0x240000e6   0x0800f104   0x00000002   PAD
    0x240000e8        -       0x00002000   Zero   RW          654    .bss.Start_CAN_TaskBuffer  freertos.o
    0x240020e8        -       0x00002000   Zero   RW          651    .bss.Start_Control_TBuffer  freertos.o
    0x240040e8        -       0x00000054   Zero   RW          652    .bss.Start_Control_TControlBlock  freertos.o
    0x2400413c        -       0x00000004   Zero   RW          653    .bss.Start_Control_THandle  freertos.o
    0x24004140        -       0x00000054   Zero   RW          658    .bss.Start_INS_TaskControlBlock  freertos.o
    0x24004194        -       0x00000004   Zero   RW          659    .bss.Start_INS_TaskHandle  freertos.o
    0x24004198        -       0x00000001   Zero   RW          340    .bss.USART_Task_flag  CRC.o
    0x24004199        -       0x00000001   Zero   RW         3231    .bss.USBD_SetConfig.cfgidx  usbd_ctlreq.o
    0x2400419a   0x0800f104   0x00000002   PAD
    0x2400419c        -       0x00000220   Zero   RW          939    .bss.USBD_static_malloc.mem  usbd_conf.o
    0x240043bc        -       0x00000800   Zero   RW          866    .bss.UserRxBufferHS  usbd_cdc_if.o
    0x24004bbc        -       0x00000004   Zero   RW          348    .bss.arm_Y          CRC.o
    0x24004bc0        -       0x00000001   Zero   RW          338    .bss.btReceiveData  CRC.o
    0x24004bc1   0x0800f104   0x00000003   PAD
    0x24004bc4        -       0x00000010   Zero   RW          357    .bss.bt_data        CRC.o
    0x24004bd4        -       0x00000001   Zero   RW          336    .bss.checksum       CRC.o
    0x24004bd5   0x0800f104   0x00000003   PAD
    0x24004bd8        -       0x00000014   Zero   RW          320    .bss.clamp          arm_tools.o
    0x24004bec        -       0x00000010   Zero   RW           33    .bss.ctrl_J_USART   Control_Task.o
    0x24004bfc        -       0x00000004   Zero   RW           27    .bss.ctrl_j1        Control_Task.o
    0x24004c00        -       0x00000004   Zero   RW           29    .bss.ctrl_j3        Control_Task.o
    0x24004c04        -       0x0000005c   Zero   RW          451    .bss.g_arm_ik       arm_user.o
    0x24004c60        -       0x000000a0   Zero   RW          679    .bss.hfdcan2        fdcan.o
    0x24004d00        -       0x000004e4   Zero   RW          938    .bss.hpcd_USB_OTG_HS  usbd_conf.o
    0x240051e4        -       0x0000004c   Zero   RW          700    .bss.htim4          tim.o
    0x24005230        -       0x00000094   Zero   RW          717    .bss.huart7         usart.o
    0x240052c4        -       0x00000028   Zero   RW          212    .bss.imu_data       imu.o
    0x240052ec        -       0x00000001   Zero   RW          213    .bss.imu_rx_byte    imu.o
    0x240052ed   0x0800f104   0x00000003   PAD
    0x240052f0        -       0x00000004   Zero   RW          380    .bss.lb_leg         leg.o
    0x240052f4        -       0x00000001   Zero   RW          342    .bss.leg_flag       CRC.o
    0x240052f5   0x0800f104   0x00000003   PAD
    0x240052f8        -       0x00000004   Zero   RW          345    .bss.leghtheta      CRC.o
    0x240052fc        -       0x00000004   Zero   RW          497    .bss.leghtheta_USB  Data_Analysis.o
    0x24005300        -       0x00000004   Zero   RW          343    .bss.legx           CRC.o
    0x24005304        -       0x00000004   Zero   RW          495    .bss.legx_USB       Data_Analysis.o
    0x24005308        -       0x00000008   Zero   RW          374    .bss.lf_leg         leg.o
    0x24005310        -       0x00000004   Zero   RW          350    .bss.mid_X          CRC.o
    0x24005314        -       0x00000004   Zero   RW          352    .bss.mid_Z          CRC.o
    0x24005318        -       0x00000004   Zero   RW           31    .bss.model_theta2   Control_Task.o
    0x2400531c        -       0x000000e0   Zero   RW          195    .bss.motor_fdcan3   fdcan_receive.o
    0x240053fc        -       0x00000004   Zero   RW          279    .bss.p_WitCanWriteFunc  wit_c_sdk.o
    0x24005400        -       0x00000004   Zero   RW          270    .bss.p_WitSerialWriteFunc  wit_c_sdk.o
    0x24005404        -       0x00000280   Zero   RW           96    .bss.pid_v_2        pid_user.o
    0x24005684        -       0x00000280   Zero   RW           98    .bss.pid_v_3        pid_user.o
    0x24005904        -       0x00000050   Zero   RW          103    .bss.pid_yaw_rate   pid_user.o
    0x24005954        -       0x00000001   Zero   RW          353    .bss.pre_step_flag  CRC.o
    0x24005955   0x0800f104   0x00000003   PAD
    0x24005958        -       0x00000004   Zero   RW         3110    .bss.pxEnd          heap_4.o
    0x2400595c        -       0x00000004   Zero   RW         2971    .bss.pxOverflowDelayedTaskList  tasks.o
    0x24005960        -       0x0000008c   Zero   RW         2955    .bss.pxReadyTasksLists  tasks.o
    0x240059ec        -       0x00000008   Zero   RW          375    .bss.rf_leg         leg.o
    0x240059f4        -       0x00000039   Zero   RW          476    .bss.s_arm_echo_tx_buf  arm_echo_uart10.o
    0x24005a2d        -       0x00000001   Zero   RW          477    .bss.s_arm_echo_tx_busy  arm_echo_uart10.o
    0x24005a2e   0x0800f104   0x00000002   PAD
    0x24005a30        -       0x00000004   Zero   RW          862    .bss.s_rxR          usbd_cdc_if.o
    0x24005a34        -       0x00001000   Zero   RW          864    .bss.s_rxRing       usbd_cdc_if.o
    0x24006a34        -       0x00000004   Zero   RW          865    .bss.s_txInflight   usbd_cdc_if.o
    0x24006a38        -       0x00000004   Zero   RW          859    .bss.s_txR          usbd_cdc_if.o
    0x24006a3c        -       0x00001000   Zero   RW          860    .bss.s_txRing       usbd_cdc_if.o
    0x24007a3c        -       0x00000100   Zero   RW          272    .bss.s_ucWitDataBuff  wit_c_sdk.o
    0x24007b3c        -       0x00000004   Zero   RW          276    .bss.s_uiReadRegIndex  wit_c_sdk.o
    0x24007b40        -       0x00000004   Zero   RW          273    .bss.s_uiWitDataCnt  wit_c_sdk.o
    0x24007b44        -       0x00000001   Zero   RW          590    .bss.s_usbRxCmd     bsp_usb.o
    0x24007b45   0x0800f104   0x00000001   PAD
    0x24007b46        -       0x00000002   Zero   RW          592    .bss.s_usbRxCnt     bsp_usb.o
    0x24007b48        -       0x00000001   Zero   RW          588    .bss.s_usbRxStep    bsp_usb.o
    0x24007b49   0x0800f104   0x00000003   PAD
    0x24007b4c        -       0x00000004   Zero   RW          587    .bss.s_usbSendDropFrames  bsp_usb.o
    0x24007b50        -       0x00000004   Zero   RW           19    .bss.start_X        Control_Task.o
    0x24007b54        -       0x00000004   Zero   RW           23    .bss.start_Y_USB    Control_Task.o
    0x24007b58        -       0x00000004   Zero   RW           21    .bss.start_Z        Control_Task.o
    0x24007b5c        -       0x00000001   Zero   RW          356    .bss.tooluse_flag   CRC.o
    0x24007b5d   0x0800f104   0x00000003   PAD
    0x24007b60        -       0x00000010   Zero   RW          494    .bss.total_speed_USB  Data_Analysis.o
    0x24007b70        -       0x0000000c   Zero   RW          493    .bss.total_vel_USB  Data_Analysis.o
    0x24007b7c        -       0x0000012c   Zero   RW          591    .bss.usb_Buf        bsp_usb.o
    0x24007ca8        -       0x00000004   Zero   RW         2096    .bss.uwTick         stm32h7xx_hal.o
    0x24007cac        -       0x00000004   Zero   RW         2959    .bss.uxDeletedTasksWaitingCleanUp  tasks.o
    0x24007cb0        -       0x00000004   Zero   RW         2956    .bss.uxTopReadyPriority  tasks.o
    0x24007cb4        -       0x00000001   Zero   RW         3111    .bss.xBlockAllocatedBit  heap_4.o
    0x24007cb5   0x0800f104   0x00000003   PAD
    0x24007cb8        -       0x00000014   Zero   RW         2973    .bss.xDelayedTaskList1  tasks.o
    0x24007ccc        -       0x00000200   Zero   RW          649    .bss.xIdleStack     freertos.o
    0x24007ecc        -       0x00000004   Zero   RW         2965    .bss.xIdleTaskHandle  tasks.o
    0x24007ed0        -       0x00000004   Zero   RW         3114    .bss.xMinimumEverFreeBytesRemaining  heap_4.o
    0x24007ed4        -       0x00000004   Zero   RW         3116    .bss.xNumberOfSuccessfulFrees  heap_4.o
    0x24007ed8        -       0x00000004   Zero   RW         2969    .bss.xPendedTicks   tasks.o
    0x24007edc        -       0x00000004   Zero   RW         2961    .bss.xSchedulerRunning  tasks.o
    0x24007ee0        -       0x00000014   Zero   RW         2963    .bss.xSuspendedTaskList  tasks.o
    0x24007ef4        -       0x00000004   Zero   RW         2967    .bss.xTickCount     tasks.o
    0x24007ef8        -       0x00000400   Zero   RW          602    STACK               startup_stm32h723xx.o


==============================================================================

Image component sizes


      Code (inc. data)   RO Data    RW Data    ZI Data      Debug   Object Name

       996         24          0          0          0       2878   CAN_Task.o
      1270         76          0          0         69       5477   CRC.o
      1328         24          0          0        112       6021   Control_Task.o
      1642        148          0          0         55      13730   Data_Analysis.o
        18          0          0          0          0       1146   INS_Task.o
       400          0          0          0         61       5713   arm_echo_uart10.o
      1352         80          0          0          0      10591   arm_ik_3r_safe_stm32h7.o
       396          0          0          0         40       4473   arm_tools.o
       654         16          0          0        216       6864   arm_user.o
       952        164          0          0          0      10317   bsp_fdcan.o
       620          0          0          0          0       3876   bsp_mcu.o
        24          0          0          0          0       2227   bsp_tick.o
       210          0          0          0          0       5102   bsp_uart.o
      1066          8          0          0        315       5108   bsp_usb.o
       122          0          0          0          0      22557   cmsis_os.o
       794        164         24          0       2720       5573   dm_motor_ctrl.o
      1102         40          0          0          0      21040   dm_motor_drv.o
      1006          0          0          0        484      12742   fdcan.o
       294          0          0          0        448       9461   fdcan_receive.o
       262         84         46          0      25436       4311   freertos.o
       178          0          0          0          0       3314   gpio.o
       636          0          0          0      15389       5519   heap_4.o
       336         12          0          0         41       5718   imu.o
       776         48          0         24         25       4397   leg.o
       156          0          0          0          0       2520   list.o
       482          0          0          0          0      12265   main.o
       160          4          0         24         28       2341   mecanum_classic.o
       392          4          0          0          0       2331   pid.o
       836         44         32        128       2720       5476   pid_user.o
       810         16          0          4          5       4480   port.o
        72         30        716          0       1536       1000   startup_stm32h723xx.o
       178          0          0          5          4      16268   stm32h7xx_hal.o
       350          0          0          0          0      12781   stm32h7xx_hal_cortex.o
      1912          0          0          0          0      18266   stm32h7xx_hal_dma.o
      3018          0         92          0          0      42373   stm32h7xx_hal_fdcan.o
       712          0          0          0          0       7278   stm32h7xx_hal_gpio.o
        42          0          0          0          0       5735   stm32h7xx_hal_msp.o
      2852          0          0          0          0      16583   stm32h7xx_hal_pcd.o
       126          0          0          0          0       6391   stm32h7xx_hal_pcd_ex.o
        90          0          0          0          0      10000   stm32h7xx_hal_pwr_ex.o
      2704         24          0          0          0      11764   stm32h7xx_hal_rcc.o
      3588        124          0          0          0      18146   stm32h7xx_hal_rcc_ex.o
      1510          0          0          0          0      67709   stm32h7xx_hal_tim.o
       234          0          0          0          0      27440   stm32h7xx_hal_tim_ex.o
       164          0          0          0         76      10003   stm32h7xx_hal_timebase_tim.o
      5178        300         36          0          0      38121   stm32h7xx_hal_uart.o
       352          0         16          0          0      11424   stm32h7xx_hal_uart_ex.o
       156          0          0          0          0      12916   stm32h7xx_it.o
      2720          0          0          0          0      28100   stm32h7xx_ll_usb.o
       236          0         16          8          0       5925   system_stm32h7xx.o
      2048          8          0          0        300      28002   tasks.o
       356          0          0          0        152      10274   tim.o
       524          0          0          0        296      11945   usart.o
       108          0          0          0        732       3576   usb_device.o
      1186         12          0        133          0      12379   usbd_cdc.o
       624          0          0         20      12312       7495   usbd_cdc_if.o
       782          0          0          0       1796      22616   usbd_conf.o
       894          0          0          0          0      11217   usbd_core.o
      1480         32          0          0          1      11128   usbd_ctlreq.o
       324         72          0         80        512       4161   usbd_desc.o
       132          0          0          0          0       4977   usbd_ioreq.o
      1194         24        512          1        576      11542   wit_c_sdk.o

    ----------------------------------------------------------------------
     56400       1650       1556        436      66516     715103   Object Totals
         0          0         64          0          0          0   (incl. Generated)
      1284         68          2          9         59          0   (incl. Padding)

    ----------------------------------------------------------------------

      Code (inc. data)   RO Data    RW Data    ZI Data      Debug   Library Member Name

        90          0          0          0          0          0   __dczerorl2.o
         8          0          0          0          0         68   __main.o
         0          0          0          0          0          0   __rtentry.o
        12          0          0          0          0          0   __rtentry2.o
         6          0          0          0          0          0   __rtentry4.o
        94          8          0          0          0          0   __scatter.o
        26          0          0          0          0          0   __scatter_copy.o
        28          0          0          0          0          0   __scatter_zi.o
        22          0          0          0          0        100   _rserrno.o
        18          0          0          0          0         80   exit.o
         6          0          0          0          0        152   heapauxi.o
         0          0          0          0          0          0   indicate_semi.o
         2          0          0          0          0          0   libinit.o
         6          0          0          0          0          0   libinit2.o
         2          0          0          0          0          0   libshutdown.o
         2          0          0          0          0          0   libshutdown2.o
         8          4          0          0         96         68   libspace.o
       240          0          0          0          0        100   lludivv7m.o
         8          4          0          0          0         68   rt_errno_addr_intlibspace.o
        78          0          0          0          0         80   rt_memclr_w.o
       138          0          0          0          0         68   rt_memcpy_v6.o
       100          0          0          0          0         80   rt_memcpy_w.o
         2          0          0          0          0          0   rtexit.o
        10          0          0          0          0          0   rtexit2.o
        12          4          0          0          0         68   sys_exit.o
        74          0          0          0          0         80   sys_stackheap_outer.o
         2          0          0          0          0         68   use_no_semi.o
        26          0          0          0          0        116   fpinit.o
         0          0          0          0          0          0   usenofp.o
       280         46          0          0          0        176   acosf.o
       684         90          0          0          0        208   atan2f.o
       336         56          0          0          0        136   cosf.o
        38          0          0          0          0        116   fpclassifyf.o
        44         12          0          0          0        464   funder.o
       340         24         32          0          0        160   rredf.o
       400         56          0          0          0        212   sinf.o
       120          0          0          0          0        272   sqrtf.o

    ----------------------------------------------------------------------
      3276        304         32          0         96       2940   Library Totals
        14          0          0          0          0          0   (incl. Padding)

    ----------------------------------------------------------------------

      Code (inc. data)   RO Data    RW Data    ZI Data      Debug   Library Name

       994         20          0          0         96       1080   c_w.l
        26          0          0          0          0        116   fz_wv.l
      2242        284         32          0          0       1744   m_wv.l

    ----------------------------------------------------------------------
      3276        304         32          0         96       2940   Library Totals

    ----------------------------------------------------------------------

==============================================================================


      Code (inc. data)   RO Data    RW Data    ZI Data      Debug   

     59676       1954       1588        436      66612     715411   Grand Totals
     59676       1954       1588        436      66612     715411   ELF Image Totals
     59676       1954       1588        436          0          0   ROM Totals

==============================================================================

    Total RO  Size (Code + RO Data)                61264 (  59.83kB)
    Total RW  Size (RW Data + ZI Data)             67048 (  65.48kB)
    Total ROM Size (Code + RO Data + RW Data)      61700 (  60.25kB)

==============================================================================

