<html>
<body>
<pre>
<h1>µVision Build Log</h1>
<h2>Tool Versions:</h2>
IDE-Version: ¦ÌVision V5.39.0.0
Copyright (C) 2023 ARM Ltd and ARM Germany GmbH. All rights reserved.
License Information: 11 Lenovo
22
User-based license: Keil MDK Community (non-commercial free of charge)
Valid until: Jun 1 2033. Cached until: Jun 20 2026
 
Tool Versions:
Toolchain:       Keil MDK Community (non-commercial free of charge  Version: 5.39.0.0
Toolchain Path:  E:\ProgramingDownload\Keil5Download\core\ARM\ARMCLANG\Bin
C Compiler:      ArmClang.exe V6.21
Assembler:       Armasm.exe V6.21
Linker/Locator:  ArmLink.exe V6.21
Library Manager: ArmAr.exe V6.21
Hex Converter:   FromElf.exe V6.21
CPU DLL:         SARMCM3.DLL V5.39.0.0
Dialog DLL:      DCM.DLL V1.17.5.0
Target DLL:      CMSIS_AGDI.dll V1.33.16.0
Dialog DLL:      TCM.DLL V1.56.4.0
 
<h2>Project:</h2>
F:\spareE\Vinci_Robocon_2026\26_RC_Projects\26_RC_02\MDK-ARM\26_RC_02.uvprojx
Project File Date:  06/17/2026

<h2>Output:</h2>
*** Using Compiler 'V6.21', folder: 'E:\ProgramingDownload\Keil5Download\core\ARM\ARMCLANG\Bin'
Rebuild target '26_RC_02'
compiling memorymap.c...
compiling stm32h7xx_hal_timebase_tim.c...
compiling fdcan.c...
assembling startup_stm32h723xx.s...
compiling usart.c...
compiling gpio.c...
compiling dma.c...
compiling tim.c...
compiling stm32h7xx_it.c...
compiling stm32h7xx_hal_msp.c...
compiling freertos.c...
compiling PC_RX_Task.c...
compiling CAN_Task.c...
compiling main.c...
compiling Control_Task.c...
compiling PC_TX_Task.c...
compiling R2_move.c...
compiling INS_Task.c...
compiling arm_ik_3r_safe_stm32h7.c...
compiling R2_climb.c...
compiling arm_echo_uart10.c...
compiling arm_user.c...
compiling mecanum_classic.c...
compiling s_curve.c...
compiling CRC.c...
compiling speedPlanner.c...
compiling chassis_move.c...
compiling Data_Analysis.c...
compiling ins_nav_math.c...
compiling wit_c_sdk.c...
compiling pid.c...
compiling fdcan_receive.c...
compiling pid_user.c...
compiling arm_tools.c...
compiling imu.c...
compiling bsp_tick.c...
compiling bsp_fdcan.c...
compiling usb_device.c...
compiling bsp_mcu.c...
compiling usbd_desc.c...
compiling bsp_uart.c...
compiling usbd_cdc_if.c...
compiling usbd_conf.c...
compiling bsp_usb.c...
compiling stm32h7xx_hal_pcd_ex.c...
compiling stm32h7xx_hal_pcd.c...
compiling stm32h7xx_hal_rcc.c...
compiling stm32h7xx_hal_tim_ex.c...
compiling stm32h7xx_hal_flash.c...
compiling stm32h7xx_ll_usb.c...
compiling stm32h7xx_hal_rcc_ex.c...
compiling stm32h7xx_hal_flash_ex.c...
compiling stm32h7xx_hal_gpio.c...
compiling stm32h7xx_hal_hsem.c...
compiling stm32h7xx_hal_tim.c...
compiling stm32h7xx_hal_pwr.c...
compiling stm32h7xx_hal_dma_ex.c...
compiling stm32h7xx_hal_pwr_ex.c...
compiling stm32h7xx_hal_mdma.c...
compiling stm32h7xx_hal_cortex.c...
compiling stm32h7xx_hal_dma.c...
compiling stm32h7xx_hal.c...
compiling stm32h7xx_hal_i2c_ex.c...
compiling croutine.c...
compiling event_groups.c...
compiling stm32h7xx_hal_exti.c...
compiling stm32h7xx_hal_uart_ex.c...
compiling system_stm32h7xx.c...
compiling list.c...
compiling timers.c...
compiling stream_buffer.c...
compiling stm32h7xx_hal_i2c.c...
compiling queue.c...
compiling stm32h7xx_hal_fdcan.c...
compiling stm32h7xx_hal_uart.c...
compiling cmsis_os.c...
compiling heap_4.c...
compiling tasks.c...
compiling port.c...
compiling usbd_core.c...
compiling usbd_ioreq.c...
compiling usbd_ctlreq.c...
compiling BasicMathFunctionsF16.c...
compiling BayesFunctionsF16.c...
compiling BayesFunctions.c...
compiling usbd_cdc.c...
compiling BasicMathFunctions.c...
compiling ComplexMathFunctionsF16.c...
compiling ControllerFunctions.c...
compiling ComplexMathFunctions.c...
compiling DistanceFunctionsF16.c...
compiling DistanceFunctions.c...
compiling CommonTablesF16.c...
compiling FastMathFunctions.c...
compiling FastMathFunctionsF16.c...
compiling InterpolationFunctionsF16.c...
compiling InterpolationFunctions.c...
compiling FilteringFunctionsF16.c...
compiling MatrixFunctionsF16.c...
compiling QuaternionMathFunctions.c...
compiling SVMFunctionsF16.c...
compiling SVMFunctions.c...
compiling StatisticsFunctionsF16.c...
compiling MatrixFunctions.c...
compiling SupportFunctionsF16.c...
compiling StatisticsFunctions.c...
compiling SupportFunctions.c...
compiling WindowFunctions.c...
compiling TransformFunctionsF16.c...
compiling CommonTables.c...
compiling FilteringFunctions.c...
compiling TransformFunctions.c...
linking...
Program Size: Code=132432 RO-data=2252 RW-data=812 ZI-data=83936  
FromELF: creating hex file...
"26_RC_02\26_RC_02.axf" - 0 Error(s), 0 Warning(s).

<h2>Software Packages used:</h2>

Package Vendor: ARM
                http://www.keil.com/pack/ARM.CMSIS.5.9.0.pack
                ARM::CMSIS@5.9.0
                CMSIS (Common Microcontroller Software Interface Standard)
   * Component: CORE Version: 5.6.0

Package Vendor: ARM
                https://www.keil.com/pack/ARM.CMSIS-DSP.1.16.2.pack
                ARM::CMSIS-DSP@1.16.2
                CMSIS Embedded Compute Library
   * Component: DSP Variant: Source Version: 1.16.2

Package Vendor: Keil
                https://www.keil.com/pack/Keil.STM32H7xx_DFP.4.1.3.pack
                Keil::STM32H7xx_DFP@4.1.3
                STMicroelectronics STM32H7 Series Device Support

<h2>Collection of Component include folders:</h2>
  ./RTE/_26_RC_02
  E:/ProgramingDownload/Keil5Download/pack/ARM/CMSIS-DSP/1.16.2/Include
  E:/ProgramingDownload/Keil5Download/pack/ARM/CMSIS-DSP/1.16.2/PrivateInclude
  E:/ProgramingDownload/Keil5Download/pack/ARM/CMSIS/5.9.0/CMSIS/Core/Include

<h2>Collection of Component Files used:</h2>

   * Component: ARM::CMSIS:CORE@5.6.0
      Include file:  CMSIS/Core/Include/tz_context.h

   * Component: ARM::CMSIS:DSP&Source@1.16.2
      Include file:  Include/arm_math_f16.h
      Include file:  Include/arm_common_tables.h
      Include file:  Include/arm_common_tables_f16.h
      Include file:  Include/arm_const_structs.h
      Include file:  Include/arm_math.h
      Include file:  Include/arm_const_structs_f16.h
      Source file:   Source/BasicMathFunctions/BasicMathFunctions.c
      Source file:   Source/QuaternionMathFunctions/QuaternionMathFunctions.c
      Source file:   Source/StatisticsFunctions/StatisticsFunctions.c
      Source file:   Source/FilteringFunctions/FilteringFunctionsF16.c
      Source file:   Source/CommonTables/CommonTablesF16.c
      Source file:   Source/ComplexMathFunctions/ComplexMathFunctionsF16.c
      Source file:   Source/SupportFunctions/SupportFunctionsF16.c
      Source file:   Source/FastMathFunctions/FastMathFunctions.c
      Source file:   Source/BayesFunctions/BayesFunctions.c
      Source file:   Source/BasicMathFunctions/BasicMathFunctionsF16.c
      Source file:   Source/FilteringFunctions/FilteringFunctions.c
      Source file:   Source/WindowFunctions/WindowFunctions.c
      Source file:   Source/InterpolationFunctions/InterpolationFunctions.c
      Source file:   Source/MatrixFunctions/MatrixFunctionsF16.c
      Source file:   Source/FastMathFunctions/FastMathFunctionsF16.c
      Source file:   Source/ComplexMathFunctions/ComplexMathFunctions.c
      Source file:   Source/DistanceFunctions/DistanceFunctions.c
      Source file:   Source/SupportFunctions/SupportFunctions.c
      Source file:   Source/SVMFunctions/SVMFunctions.c
      Source file:   Source/TransformFunctions/TransformFunctions.c
      Source file:   Source/ControllerFunctions/ControllerFunctions.c
      Source file:   Source/StatisticsFunctions/StatisticsFunctionsF16.c
      Source file:   Source/SVMFunctions/SVMFunctionsF16.c
      Source file:   Source/InterpolationFunctions/InterpolationFunctionsF16.c
      Source file:   Source/CommonTables/CommonTables.c
      Source file:   Source/MatrixFunctions/MatrixFunctions.c
      Source file:   Source/TransformFunctions/TransformFunctionsF16.c
      Source file:   Source/DistanceFunctions/DistanceFunctionsF16.c
      Source file:   Source/BayesFunctions/BayesFunctionsF16.c
Build Time Elapsed:  00:00:05
</pre>
</body>
</html>
