<html>
<body>
<pre>
<h1>µVision Build Log</h1>
<h2>Tool Versions:</h2>
IDE-Version: ¦ÌVision V5.39.0.0
Copyright (C) 2023 ARM Ltd and ARM Germany GmbH. All rights reserved.
License Information: 11 Lenovo
22
User-based license: Keil MDK Community (non-commercial free of charge)
Valid until: Jun 1 2033. Cached until: Jul 9 2026
 
Tool Versions:
Toolchain:       Keil MDK Community (non-commercial free of charge  Version: 5.39.0.0
Toolchain Path:  E:\ProgramingDownload\Keil5Download\core\ARM\ARMCLANG\Bin
C Compiler:      ArmClang.exe V6.21
Assembler:       Armasm.exe V6.21
Linker/Locator:  ArmLink.exe V6.21
Library Manager: ArmAr.exe V6.21
Hex Converter:   FromElf.exe V6.21
CPU DLL:         SARMCM3.DLL V5.39.0.0
Dialog DLL:      DCM.DLL V1.17.5.0
Target DLL:      CMSIS_AGDI.dll V1.33.16.0
Dialog DLL:      TCM.DLL V1.56.4.0
 
<h2>Project:</h2>
F:\spareE\Vinci_Robocon_2026\26_RC_Projects\26_RC_02_copy\MDK-ARM\26_RC_02.uvprojx
Project File Date:  07/04/2026

<h2>Output:</h2>
*** Using Compiler 'V6.21', folder: 'E:\ProgramingDownload\Keil5Download\core\ARM\ARMCLANG\Bin'
Rebuild target '26_RC_02'
assembling startup_stm32h723xx.s...
compiling stm32h7xx_hal_timebase_tim.c...
compiling dma.c...
compiling tim.c...
compiling freertos.c...
compiling stm32h7xx_it.c...
compiling stm32h7xx_hal_msp.c...
compiling fdcan.c...
compiling gpio.c...
compiling usart.c...
compiling PC_RX_Task.c...
compiling CAN_Task.c...
compiling Control_Task.c...
compiling main.c...
compiling INS_Task.c...
compiling PC_TX_Task.c...
compiling R2_move.c...
compiling mecanum_classic.c...
compiling R2_laser_user.c...
compiling s_curve.c...
compiling CRC.c...
compiling R2_arm.c...
compiling R2_yaw_autotune.c...
compiling speedPlanner.c...
compiling Data_Analysis.c...
compiling ins_nav_math.c...
compiling robotarm_kinematics.c...
compiling R2_climb.c...
compiling chassis_move.c...
compiling pid.c...
compiling pid_user.c...
compiling dm_motor.c...
compiling fdcan_receive.c...
compiling imu.c...
compiling l1_laser.c...
compiling wit_c_sdk.c...
compiling bsp_tick.c...
compiling bsp_mcu.c...
compiling bsp_fdcan.c...
compiling bsp_l1_usart.c...
compiling bsp_uart.c...
compiling bsp_usb.c...
compiling usbd_desc.c...
compiling usb_device.c...
compiling usbd_cdc_if.c...
compiling Robstride01.cpp...
compiling robotarm_mixed.cpp...
compiling usbd_conf.c...
compiling stm32h7xx_hal_pcd_ex.c...
compiling stm32h7xx_hal_pcd.c...
compiling stm32h7xx_hal_tim_ex.c...
compiling stm32h7xx_ll_usb.c...
compiling stm32h7xx_hal_flash.c...
compiling stm32h7xx_hal_rcc.c...
compiling stm32h7xx_hal_flash_ex.c...
compiling stm32h7xx_hal_rcc_ex.c...
compiling stm32h7xx_hal_tim.c...
compiling stm32h7xx_hal_gpio.c...
compiling stm32h7xx_hal_hsem.c...
compiling stm32h7xx_hal_pwr.c...
compiling stm32h7xx_hal_dma_ex.c...
compiling stm32h7xx_hal_pwr_ex.c...
compiling stm32h7xx_hal_mdma.c...
compiling stm32h7xx_hal_dma.c...
compiling stm32h7xx_hal_cortex.c...
compiling stm32h7xx_hal.c...
compiling stm32h7xx_hal_i2c_ex.c...
compiling stm32h7xx_hal_exti.c...
compiling croutine.c...
compiling list.c...
compiling event_groups.c...
compiling stm32h7xx_hal_i2c.c...
compiling system_stm32h7xx.c...
compiling queue.c...
compiling timers.c...
compiling stm32h7xx_hal_uart_ex.c...
compiling stream_buffer.c...
compiling stm32h7xx_hal_fdcan.c...
compiling tasks.c...
compiling heap_4.c...
compiling cmsis_os.c...
compiling port.c...
compiling stm32h7xx_hal_uart.c...
compiling usbd_ioreq.c...
compiling usbd_core.c...
compiling usbd_ctlreq.c...
compiling BasicMathFunctionsF16.c...
compiling BayesFunctions.c...
compiling BayesFunctionsF16.c...
compiling BasicMathFunctions.c...
compiling usbd_cdc.c...
compiling ComplexMathFunctionsF16.c...
compiling ComplexMathFunctions.c...
compiling ControllerFunctions.c...
compiling DistanceFunctionsF16.c...
compiling DistanceFunctions.c...
compiling CommonTablesF16.c...
compiling FastMathFunctionsF16.c...
compiling InterpolationFunctionsF16.c...
compiling FilteringFunctionsF16.c...
compiling FastMathFunctions.c...
compiling InterpolationFunctions.c...
compiling QuaternionMathFunctions.c...
compiling MatrixFunctionsF16.c...
compiling SVMFunctions.c...
compiling SVMFunctionsF16.c...
compiling MatrixFunctions.c...
compiling StatisticsFunctionsF16.c...
compiling SupportFunctions.c...
compiling SupportFunctionsF16.c...
compiling StatisticsFunctions.c...
compiling WindowFunctions.c...
compiling TransformFunctionsF16.c...
compiling FilteringFunctions.c...
compiling CommonTables.c...
compiling TransformFunctions.c...
linking...
Program Size: Code=155224 RO-data=4336 RW-data=1020 ZI-data=85012  
FromELF: creating hex file...
"26_RC_02\26_RC_02.axf" - 0 Error(s), 0 Warning(s).

<h2>Software Packages used:</h2>

Package Vendor: ARM
                http://www.keil.com/pack/ARM.CMSIS.5.9.0.pack
                ARM::CMSIS@5.9.0
                CMSIS (Common Microcontroller Software Interface Standard)
   * Component: CORE Version: 5.6.0

Package Vendor: ARM
                https://www.keil.com/pack/ARM.CMSIS-DSP.1.16.2.pack
                ARM::CMSIS-DSP@1.16.2
                CMSIS Embedded Compute Library
   * Component: DSP Variant: Source Version: 1.16.2

Package Vendor: Keil
                https://www.keil.com/pack/Keil.STM32H7xx_DFP.4.1.3.pack
                Keil::STM32H7xx_DFP@4.1.3
                STMicroelectronics STM32H7 Series Device Support

<h2>Collection of Component include folders:</h2>
  ./RTE/_26_RC_02
  E:/ProgramingDownload/Keil5Download/pack/ARM/CMSIS-DSP/1.16.2/Include
  E:/ProgramingDownload/Keil5Download/pack/ARM/CMSIS-DSP/1.16.2/PrivateInclude
  E:/ProgramingDownload/Keil5Download/pack/ARM/CMSIS/5.9.0/CMSIS/Core/Include

<h2>Collection of Component Files used:</h2>

   * Component: ARM::CMSIS:CORE@5.6.0
      Include file:  CMSIS/Core/Include/tz_context.h

   * Component: ARM::CMSIS:DSP&Source@1.16.2
      Source file:   Source/ComplexMathFunctions/ComplexMathFunctionsF16.c
      Source file:   Source/MatrixFunctions/MatrixFunctionsF16.c
      Source file:   Source/FilteringFunctions/FilteringFunctionsF16.c
      Include file:  Include/arm_common_tables.h
      Source file:   Source/BayesFunctions/BayesFunctions.c
      Source file:   Source/TransformFunctions/TransformFunctions.c
      Source file:   Source/InterpolationFunctions/InterpolationFunctionsF16.c
      Include file:  Include/arm_math_f16.h
      Source file:   Source/DistanceFunctions/DistanceFunctions.c
      Source file:   Source/FastMathFunctions/FastMathFunctions.c
      Source file:   Source/SupportFunctions/SupportFunctions.c
      Include file:  Include/arm_const_structs_f16.h
      Source file:   Source/WindowFunctions/WindowFunctions.c
      Source file:   Source/BasicMathFunctions/BasicMathFunctionsF16.c
      Source file:   Source/CommonTables/CommonTablesF16.c
      Source file:   Source/TransformFunctions/TransformFunctionsF16.c
      Source file:   Source/InterpolationFunctions/InterpolationFunctions.c
      Source file:   Source/QuaternionMathFunctions/QuaternionMathFunctions.c
      Include file:  Include/arm_math.h
      Source file:   Source/BasicMathFunctions/BasicMathFunctions.c
      Source file:   Source/ComplexMathFunctions/ComplexMathFunctions.c
      Include file:  Include/arm_const_structs.h
      Source file:   Source/FilteringFunctions/FilteringFunctions.c
      Include file:  Include/arm_common_tables_f16.h
      Source file:   Source/MatrixFunctions/MatrixFunctions.c
      Source file:   Source/StatisticsFunctions/StatisticsFunctions.c
      Source file:   Source/SVMFunctions/SVMFunctions.c
      Source file:   Source/CommonTables/CommonTables.c
      Source file:   Source/ControllerFunctions/ControllerFunctions.c
      Source file:   Source/DistanceFunctions/DistanceFunctionsF16.c
      Source file:   Source/SupportFunctions/SupportFunctionsF16.c
      Source file:   Source/SVMFunctions/SVMFunctionsF16.c
      Source file:   Source/StatisticsFunctions/StatisticsFunctionsF16.c
      Source file:   Source/FastMathFunctions/FastMathFunctionsF16.c
      Source file:   Source/BayesFunctions/BayesFunctionsF16.c
Build Time Elapsed:  00:00:06
</pre>
</body>
</html>
