<html>
<body>
<pre>
<h1>µVision Build Log</h1>
<h2>Tool Versions:</h2>
IDE-Version: ¦ÌVision V5.36.0.0
Copyright (C) 2021 ARM Ltd and ARM Germany GmbH. All rights reserved.
License Information: 1 3039707087@qq.com, 1, LIC=RC93N-YV5XY-AR4XW-Q6ZHK-NZ0PP-9XWZ2
 
Tool Versions:
Toolchain:       MDK-ARM Plus  Version: 5.36.0.0
Toolchain Path:  F:\keil5\ARM\ARMCLANG\Bin
C Compiler:      ArmClang.exe V6.16
Assembler:       Armasm.exe V6.16
Linker/Locator:  ArmLink.exe V6.16
Library Manager: ArmAr.exe V6.16
Hex Converter:   FromElf.exe V6.16
CPU DLL:         SARMCM3.DLL V5.36.0.0
Dialog DLL:      DCM.DLL V1.17.3.0
Target DLL:      CMSIS_AGDI.dll V1.33.0.0
Dialog DLL:      TCM.DLL V1.53.0.0
 
<h2>Project:</h2>
F:\onedrive\OneDrive - 8w1spn\×ÀÃæ\26_RC_02_copy()\26_RC_02_copy\arm_new\robotarm\MDK-ARM\robotarm.uvprojx
Project File Date:  07/03/2026

<h2>Output:</h2>
*** Using Compiler 'V6.16', folder: 'F:\keil5\ARM\ARMCLANG\Bin'
Build target 'robotarm'
compiling stm32h7xx_hal_msp.c...
compiling main.c...
compiling stm32h7xx_hal_flash.c...
compiling dm_motor.c...
compiling fdcan.c...
compiling Robstride01.cpp...
compiling stm32h7xx_hal_rcc.c...
compiling can_bsp.c...
compiling gpio.c...
compiling stm32h7xx_hal_flash_ex.c...
compiling stm32h7xx_it.c...
compiling tim.c...
compiling stm32h7xx_hal_cortex.c...
compiling robotarm_mixed.cpp...
compiling stm32h7xx_hal_rcc_ex.c...
compiling stm32h7xx_hal_gpio.c...
compiling stm32h7xx_hal_hsem.c...
compiling stm32h7xx_hal_dma_ex.c...
compiling stm32h7xx_hal_pwr.c...
compiling stm32h7xx_hal_mdma.c...
compiling stm32h7xx_hal_pwr_ex.c...
compiling stm32h7xx_hal_dma.c...
compiling stm32h7xx_hal.c...
compiling stm32h7xx_hal_i2c_ex.c...
compiling stm32h7xx_hal_exti.c...
compiling system_stm32h7xx.c...
compiling stm32h7xx_hal_tim_ex.c...
compiling stm32h7xx_hal_fdcan.c...
compiling stm32h7xx_hal_i2c.c...
compiling stm32h7xx_hal_tim.c...
linking...
Program Size: Code=14872 RO-data=892 RW-data=16 ZI-data=2608  
FromELF: creating hex file...
"robotarm\robotarm.axf" - 0 Error(s), 0 Warning(s).

<h2>Software Packages used:</h2>

Package Vendor: ARM
                http://www.keil.com/pack/ARM.CMSIS.5.8.0.pack
                ARM.CMSIS.5.8.0
                CMSIS (Common Microcontroller Software Interface Standard)
   * Component: CORE Version: 5.5.0

Package Vendor: Keil
                https://www.keil.com/pack/Keil.STM32H7xx_DFP.4.1.2.pack
                Keil.STM32H7xx_DFP.4.1.2
                STMicroelectronics STM32H7 Series Device Support

<h2>Collection of Component include folders:</h2>
  .\RTE\_robotarm
  F:\keil5\Packs\ARM\CMSIS\5.8.0\CMSIS\Core\Include

<h2>Collection of Component Files used:</h2>

   * Component: ARM::CMSIS:CORE:5.5.0
      Include file:  CMSIS\Core\Include\tz_context.h
Build Time Elapsed:  00:00:04
</pre>
</body>
</html>
